Archive member included to satisfy reference by file (symbol)

C:/MaximSDK/Libraries/PeriphDrivers/bin/MAX78000/softfp/libPeriphDriver_softfp.a(mxc_delay.o)
                              C:/Users/p_hae/Documents/_Code/KeyWordSpotting_on_MAX78000/leftandright/1D/test/kws20v2/build/main.o (MXC_Delay)
C:/MaximSDK/Libraries/PeriphDrivers/bin/MAX78000/softfp/libPeriphDriver_softfp.a(pins_ai85.o)
                              C:/Users/p_hae/Documents/_Code/KeyWordSpotting_on_MAX78000/leftandright/1D/test/kws20v2/build/camera.o (gpio_cfg_pcif_xclk)
C:/MaximSDK/Libraries/PeriphDrivers/bin/MAX78000/softfp/libPeriphDriver_softfp.a(sys_ai85.o)
                              C:/Users/p_hae/Documents/_Code/KeyWordSpotting_on_MAX78000/leftandright/1D/test/kws20v2/build/cnn.o (MXC_SYS_ClockDisable)
C:/MaximSDK/Libraries/PeriphDrivers/bin/MAX78000/softfp/libPeriphDriver_softfp.a(nvic_table.o)
                              C:/Users/p_hae/Documents/_Code/KeyWordSpotting_on_MAX78000/leftandright/1D/test/kws20v2/build/cnn.o (MXC_NVIC_SetVector)
C:/MaximSDK/Libraries/PeriphDrivers/bin/MAX78000/softfp/libPeriphDriver_softfp.a(cameraif_ai85.o)
                              C:/Users/p_hae/Documents/_Code/KeyWordSpotting_on_MAX78000/leftandright/1D/test/kws20v2/build/camera.o (MXC_PCIF_Init)
C:/MaximSDK/Libraries/PeriphDrivers/bin/MAX78000/softfp/libPeriphDriver_softfp.a(cameraif_reva.o)
                              C:/MaximSDK/Libraries/PeriphDrivers/bin/MAX78000/softfp/libPeriphDriver_softfp.a(cameraif_ai85.o) (MXC_PCIF_RevA_SetDatawidth)
C:/MaximSDK/Libraries/PeriphDrivers/bin/MAX78000/softfp/libPeriphDriver_softfp.a(dma_me17.o)
                              C:/Users/p_hae/Documents/_Code/KeyWordSpotting_on_MAX78000/leftandright/1D/test/kws20v2/build/camera.o (MXC_DMA_SetCallback)
C:/MaximSDK/Libraries/PeriphDrivers/bin/MAX78000/softfp/libPeriphDriver_softfp.a(dma_reva.o)
                              C:/MaximSDK/Libraries/PeriphDrivers/bin/MAX78000/softfp/libPeriphDriver_softfp.a(dma_me17.o) (MXC_DMA_RevA_Init)
C:/MaximSDK/Libraries/PeriphDrivers/bin/MAX78000/softfp/libPeriphDriver_softfp.a(lp_ai85.o)
                              C:/Users/p_hae/Documents/_Code/KeyWordSpotting_on_MAX78000/leftandright/1D/test/kws20v2/build/main.o (MXC_LP_EnterSleepMode)
C:/MaximSDK/Libraries/PeriphDrivers/bin/MAX78000/softfp/libPeriphDriver_softfp.a(flc_me17.o)
                              C:/MaximSDK/Libraries/PeriphDrivers/bin/MAX78000/softfp/libPeriphDriver_softfp.a(sys_ai85.o) (MXC_FLC_UnlockInfoBlock)
C:/MaximSDK/Libraries/PeriphDrivers/bin/MAX78000/softfp/libPeriphDriver_softfp.a(flc_reva.o)
                              C:/MaximSDK/Libraries/PeriphDrivers/bin/MAX78000/softfp/libPeriphDriver_softfp.a(flc_me17.o) (MXC_FLC_RevA_Busy)
C:/MaximSDK/Libraries/PeriphDrivers/bin/MAX78000/softfp/libPeriphDriver_softfp.a(gpio_ai85.o)
                              C:/Users/p_hae/Documents/_Code/KeyWordSpotting_on_MAX78000/leftandright/1D/test/kws20v2/build/cnn.o (MXC_GPIO_Config)
C:/MaximSDK/Libraries/PeriphDrivers/bin/MAX78000/softfp/libPeriphDriver_softfp.a(gpio_reva.o)
                              C:/MaximSDK/Libraries/PeriphDrivers/bin/MAX78000/softfp/libPeriphDriver_softfp.a(gpio_ai85.o) (MXC_GPIO_RevA_InGet)
C:/MaximSDK/Libraries/PeriphDrivers/bin/MAX78000/softfp/libPeriphDriver_softfp.a(icc_me17.o)
                              C:/Users/p_hae/Documents/_Code/KeyWordSpotting_on_MAX78000/leftandright/1D/test/kws20v2/build/main.o (MXC_ICC_Enable)
C:/MaximSDK/Libraries/PeriphDrivers/bin/MAX78000/softfp/libPeriphDriver_softfp.a(icc_reva.o)
                              C:/MaximSDK/Libraries/PeriphDrivers/bin/MAX78000/softfp/libPeriphDriver_softfp.a(icc_me17.o) (MXC_ICC_RevA_ID)
C:/MaximSDK/Libraries/PeriphDrivers/bin/MAX78000/softfp/libPeriphDriver_softfp.a(pt_me17.o)
                              C:/Users/p_hae/Documents/_Code/KeyWordSpotting_on_MAX78000/leftandright/1D/test/kws20v2/build/camera.o (MXC_PT_Init)
C:/MaximSDK/Libraries/PeriphDrivers/bin/MAX78000/softfp/libPeriphDriver_softfp.a(pt_reva.o)
                              C:/MaximSDK/Libraries/PeriphDrivers/bin/MAX78000/softfp/libPeriphDriver_softfp.a(pt_me17.o) (MXC_PT_RevA_Init)
C:/MaximSDK/Libraries/PeriphDrivers/bin/MAX78000/softfp/libPeriphDriver_softfp.a(spi_me17.o)
                              C:/Users/p_hae/Documents/_Code/KeyWordSpotting_on_MAX78000/leftandright/1D/test/kws20v2/build/board.o (MXC_SPI_Init)
C:/MaximSDK/Libraries/PeriphDrivers/bin/MAX78000/softfp/libPeriphDriver_softfp.a(spi_reva.o)
                              C:/MaximSDK/Libraries/PeriphDrivers/bin/MAX78000/softfp/libPeriphDriver_softfp.a(spi_me17.o) (MXC_SPI_RevA_Init)
C:/MaximSDK/Libraries/PeriphDrivers/bin/MAX78000/softfp/libPeriphDriver_softfp.a(tmr_ai85.o)
                              C:/Users/p_hae/Documents/_Code/KeyWordSpotting_on_MAX78000/leftandright/1D/test/kws20v2/build/cnn.o (MXC_TMR_SW_Start)
C:/MaximSDK/Libraries/PeriphDrivers/bin/MAX78000/softfp/libPeriphDriver_softfp.a(tmr_revb.o)
[...]
Memory Configuration

Name             Origin             Length             Attributes
ROM              0x00000000         0x00010000         xr
FLASH            0x10000000         0x00080000         xr
SRAM             0x20000000         0x00020000         xrw
*default*        0x00000000         0xffffffff

Linker script and memory map

LOAD c:/maximsdk/tools/gnutools/10.3/bin/../lib/gcc/arm-none-eabi/10.3.1/thumb/v7e-m+fp/softfp/crti.o
LOAD c:/maximsdk/tools/gnutools/10.3/bin/../lib/gcc/arm-none-eabi/10.3.1/thumb/v7e-m+fp/softfp/crtbegin.o
LOAD c:/maximsdk/tools/gnutools/10.3/bin/../lib/gcc/arm-none-eabi/10.3.1/../../../../arm-none-eabi/lib/thumb/v7e-m+fp/softfp/crt0.o
LOAD C:/Users/p_hae/Documents/_Code/KeyWordSpotting_on_MAX78000/leftandright/1D/test/kws20v2/build/main.o
LOAD C:/Users/p_hae/Documents/_Code/KeyWordSpotting_on_MAX78000/leftandright/1D/test/kws20v2/build/cnn.o
LOAD C:/Users/p_hae/Documents/_Code/KeyWordSpotting_on_MAX78000/leftandright/1D/test/kws20v2/build/softmax.o
LOAD C:/Users/p_hae/Documents/_Code/KeyWordSpotting_on_MAX78000/leftandright/1D/test/kws20v2/build/board.o
LOAD C:/Users/p_hae/Documents/_Code/KeyWordSpotting_on_MAX78000/leftandright/1D/test/kws20v2/build/stdio.o
LOAD C:/Users/p_hae/Documents/_Code/KeyWordSpotting_on_MAX78000/leftandright/1D/test/kws20v2/build/led.o
LOAD C:/Users/p_hae/Documents/_Code/KeyWordSpotting_on_MAX78000/leftandright/1D/test/kws20v2/build/pb.o
LOAD C:/Users/p_hae/Documents/_Code/KeyWordSpotting_on_MAX78000/leftandright/1D/test/kws20v2/build/tft_ssd2119.o
LOAD C:/Users/p_hae/Documents/_Code/KeyWordSpotting_on_MAX78000/leftandright/1D/test/kws20v2/build/tsc2046.o
LOAD C:/Users/p_hae/Documents/_Code/KeyWordSpotting_on_MAX78000/leftandright/1D/test/kws20v2/build/camera.o
LOAD C:/Users/p_hae/Documents/_Code/KeyWordSpotting_on_MAX78000/leftandright/1D/test/kws20v2/build/ov7692.o
LOAD C:/Users/p_hae/Documents/_Code/KeyWordSpotting_on_MAX78000/leftandright/1D/test/kws20v2/build/sccb.o
LOAD C:/Users/p_hae/Documents/_Code/KeyWordSpotting_on_MAX78000/leftandright/1D/test/kws20v2/build/startup_max78000.o
LOAD C:/Users/p_hae/Documents/_Code/KeyWordSpotting_on_MAX78000/leftandright/1D/test/kws20v2/build/heap.o
LOAD C:/Users/p_hae/Documents/_Code/KeyWordSpotting_on_MAX78000/leftandright/1D/test/kws20v2/build/system_max78000.o
START GROUP
LOAD C:/MaximSDK/Libraries/PeriphDrivers/bin/MAX78000/softfp/libPeriphDriver_softfp.a
LOAD c:/maximsdk/tools/gnutools/10.3/bin/../lib/gcc/arm-none-eabi/10.3.1/../../../../arm-none-eabi/lib/thumb/v7e-m+fp/softfp\libc.a
LOAD c:/maximsdk/tools/gnutools/10.3/bin/../lib/gcc/arm-none-eabi/10.3.1/../../../../arm-none-eabi/lib/thumb/v7e-m+fp/softfp\libm.a
LOAD c:/maximsdk/tools/gnutools/10.3/bin/../lib/gcc/arm-none-eabi/10.3.1/../../../../arm-none-eabi/lib/thumb/v7e-m+fp/softfp\libnosys.a
END GROUP
START GROUP
LOAD c:/maximsdk/tools/gnutools/10.3/bin/../lib/gcc/arm-none-eabi/10.3.1/thumb/v7e-m+fp/softfp\libgcc.a
LOAD c:/maximsdk/tools/gnutools/10.3/bin/../lib/gcc/arm-none-eabi/10.3.1/../../../../arm-none-eabi/lib/thumb/v7e-m+fp/softfp\libc.a
END GROUP
LOAD c:/maximsdk/tools/gnutools/10.3/bin/../lib/gcc/arm-none-eabi/10.3.1/thumb/v7e-m+fp/softfp/crtend.o
LOAD c:/maximsdk/tools/gnutools/10.3/bin/../lib/gcc/arm-none-eabi/10.3.1/thumb/v7e-m+fp/softfp/crtn.o

.rom
 *(.rom_vector)
 *(.rom_handlers*)

.text           0x10000000    0x6746c
                0x10000000                _text = .
 *(.isr_vector)
 .isr_vector    0x10000000      0x1e0 C:/Users/p_hae/Documents/_Code/KeyWordSpotting_on_MAX78000/leftandright/1D/test/kws20v2/build/startup_max78000.o
                0x10000000                __isr_vector
 *(.text*)
 .text          0x100001e0       0x40 c:/maximsdk/tools/gnutools/10.3/bin/../lib/gcc/arm-none-eabi/10.3.1/thumb/v7e-m+fp/softfp/crtbegin.o
 .text.fail     0x10000220       0x10 C:/Users/p_hae/Documents/_Code/KeyWordSpotting_on_MAX78000/leftandright/1D/test/kws20v2/build/main.o
                0x10000220                fail
 .text.load_input
                0x10000230      0x124 C:/Users/p_hae/Documents/_Code/KeyWordSpotting_on_MAX78000/leftandright/1D/test/kws20v2/build/main.o
                0x10000230                load_input
 .text.check_output
                0x10000354       0x80 C:/Users/p_hae/Documents/_Code/KeyWordSpotting_on_MAX78000/leftandright/1D/test/kws20v2/build/main.o
                0x10000354                check_output
 .text.softmax_layer
                0x100003d4       0x20 C:/Users/p_hae/Documents/_Code/KeyWordSpotting_on_MAX78000/leftandright/1D/test/kws20v2/build/main.o
                0x100003d4                softmax_layer
 .text.startup.main
                0x100003f4      0x100 C:/Users/p_hae/Documents/_Code/KeyWordSpotting_on_MAX78000/leftandright/1D/test/kws20v2/build/main.o
                0x100003f4                main
 .text.CNN_ISR  0x100004f4       0x50 C:/Users/p_hae/Documents/_Code/KeyWordSpotting_on_MAX78000/leftandright/1D/test/kws20v2/build/cnn.o
                0x100004f4                CNN_ISR
 .text.memcpy32
                0x10000544       0x1c C:/Users/p_hae/Documents/_Code/KeyWordSpotting_on_MAX78000/leftandright/1D/test/kws20v2/build/cnn.o
                0x10000544                memcpy32
 .text.cnn_load_weights
                0x10000560       0x4c C:/Users/p_hae/Documents/_Code/KeyWordSpotting_on_MAX78000/leftandright/1D/test/kws20v2/build/cnn.o
                0x10000560                cnn_load_weights
 .text.cnn_load_bias
                0x100005ac        0x4 C:/Users/p_hae/Documents/_Code/KeyWordSpotting_on_MAX78000/leftandright/1D/test/kws20v2/build/cnn.o
                0x100005ac                cnn_load_bias
 .text.cnn_init
                0x100005b0       0x54 C:/Users/p_hae/Documents/_Code/KeyWordSpotting_on_MAX78000/leftandright/1D/test/kws20v2/build/cnn.o
                0x100005b0                cnn_init
 .text.cnn_configure
                0x10000604      0x86c C:/Users/p_hae/Documents/_Code/KeyWordSpotting_on_MAX78000/leftandright/1D/test/kws20v2/build/cnn.o
                0x10000604                cnn_configure
 .text.cnn_start
                0x10000e70       0x54 C:/Users/p_hae/Documents/_Code/KeyWordSpotting_on_MAX78000/leftandright/1D/test/kws20v2/build/cnn.o
                0x10000e70                cnn_start
 .text.cnn_unload
                0x10000ec4       0x18 C:/Users/p_hae/Documents/_Code/KeyWordSpotting_on_MAX78000/leftandright/1D/test/kws20v2/build/cnn.o
                0x10000ec4                cnn_unload
 .text.cnn_enable
                0x10000edc       0x3c C:/Users/p_hae/Documents/_Code/KeyWordSpotting_on_MAX78000/leftandright/1D/test/kws20v2/build/cnn.o
                0x10000edc                cnn_enable
 .text.cnn_disable
                0x10000f18       0x28 C:/Users/p_hae/Documents/_Code/KeyWordSpotting_on_MAX78000/leftandright/1D/test/kws20v2/build/cnn.o
                0x10000f18                cnn_disable
 .text.softmax_q17p14_q15
                0x10000f40       0xa8 C:/Users/p_hae/Documents/_Code/KeyWordSpotting_on_MAX78000/leftandright/1D/test/kws20v2/build/softmax.o
                0x10000f40                softmax_q17p14_q15
 .text.mxc_assert
                0x10000fe8       0x10 C:/Users/p_hae/Documents/_Code/KeyWordSpotting_on_MAX78000/leftandright/1D/test/kws20v2/build/board.o
                0x10000fe8                mxc_assert
 .text.Board_Init
                0x10000ff8       0xec C:/Users/p_hae/Documents/_Code/KeyWordSpotting_on_MAX78000/leftandright/1D/test/kws20v2/build/board.o
                0x10000ff8                Board_Init
 .text.NMI_Handler
                0x100010e4        0x4 C:/Users/p_hae/Documents/_Code/KeyWordSpotting_on_MAX78000/leftandright/1D/test/kws20v2/build/board.o
                0x100010e4                NMI_Handler
 .text._close   0x100010e8        0x8 C:/Users/p_hae/Documents/_Code/KeyWordSpotting_on_MAX78000/leftandright/1D/test/kws20v2/build/stdio.o
                0x100010e8                _close
 .text._isatty  0x100010f0        0x8 C:/Users/p_hae/Documents/_Code/KeyWordSpotting_on_MAX78000/leftandright/1D/test/kws20v2/build/stdio.o
                0x100010f0                _isatty
 .text._lseek   0x100010f8        0x8 C:/Users/p_hae/Documents/_Code/KeyWordSpotting_on_MAX78000/leftandright/1D/test/kws20v2/build/stdio.o
                0x100010f8                _lseek
 .text._fstat   0x10001100        0x8 C:/Users/p_hae/Documents/_Code/KeyWordSpotting_on_MAX78000/leftandright/1D/test/kws20v2/build/stdio.o
                0x10001100                _fstat
 .text._read    0x10001108       0x50 C:/Users/p_hae/Documents/_Code/KeyWordSpotting_on_MAX78000/leftandright/1D/test/kws20v2/build/stdio.o
                0x10001108                _read
 .text._write   0x10001158       0x54 C:/Users/p_hae/Documents/_Code/KeyWordSpotting_on_MAX78000/leftandright/1D/test/kws20v2/build/stdio.o
                0x10001158                _write
 .text.LED_Init
                0x100011ac       0x40 C:/Users/p_hae/Documents/_Code/KeyWordSpotting_on_MAX78000/leftandright/1D/test/kws20v2/build/led.o
                0x100011ac                LED_Init
 .text.LED_On   0x100011ec       0x40 C:/Users/p_hae/Documents/_Code/KeyWordSpotting_on_MAX78000/leftandright/1D/test/kws20v2/build/led.o
                0x100011ec                LED_On
 .text.LED_Off  0x1000122c       0x40 C:/Users/p_hae/Documents/_Code/KeyWordSpotting_on_MAX78000/leftandright/1D/test/kws20v2/build/led.o
                0x1000122c                LED_Off
 .text.PB_Init  0x1000126c       0x38 C:/Users/p_hae/Documents/_Code/KeyWordSpotting_on_MAX78000/leftandright/1D/test/kws20v2/build/pb.o
                0x1000126c                PB_Init
 .text.GPIO0_IRQHandler
                0x100012a4        0x8 C:/Users/p_hae/Documents/_Code/KeyWordSpotting_on_MAX78000/leftandright/1D/test/kws20v2/build/pb.o
                0x100012a4                GPIO0_IRQHandler
 .text.GPIO1_IRQHandler
                0x100012ac        0x8 C:/Users/p_hae/Documents/_Code/KeyWordSpotting_on_MAX78000/leftandright/1D/test/kws20v2/build/pb.o
                0x100012ac                GPIO1_IRQHandler
 .text.GPIO2_IRQHandler
                0x100012b4        0x8 C:/Users/p_hae/Documents/_Code/KeyWordSpotting_on_MAX78000/leftandright/1D/test/kws20v2/build/pb.o
                0x100012b4                GPIO2_IRQHandler
 .text.MXC_TFT_PreInit
                0x100012bc       0x78 C:/Users/p_hae/Documents/_Code/KeyWordSpotting_on_MAX78000/leftandright/1D/test/kws20v2/build/tft_ssd2119.o
                0x100012bc                MXC_TFT_PreInit
 .text.MXC_TS_PreInit
                0x10001334       0x44 C:/Users/p_hae/Documents/_Code/KeyWordSpotting_on_MAX78000/leftandright/1D/test/kws20v2/build/tsc2046.o
                0x10001334                MXC_TS_PreInit
 .text          0x10001378      0x148 C:/Users/p_hae/Documents/_Code/KeyWordSpotting_on_MAX78000/leftandright/1D/test/kws20v2/build/startup_max78000.o
                0x10001378                Reset_Handler
                0x100013b6                HardFault_Handler
                0x100013b8                MemManage_Handler
                0x100013ba                BusFault_Handler
                0x100013bc                UsageFault_Handler
                0x100013be                SVC_Handler
                0x100013c0                DebugMon_Handler
                0x100013c2                PendSV_Handler
                0x100013c4                SysTick_Handler
                0x100013c6                Default_Handler
                0x100013c8                PF_IRQHandler
                0x100013ca                WDT0_IRQHandler
                0x100013cc                RSV02_IRQHandler
                0x100013ce                RTC_IRQHandler
                0x100013d0                TRNG_IRQHandler
                0x100013d2                TMR0_IRQHandler
                0x100013d4                TMR1_IRQHandler
                0x100013d6                TMR2_IRQHandler
                0x100013d8                TMR3_IRQHandler
                0x100013da                TMR4_IRQHandler
                0x100013dc                TMR5_IRQHandler
                0x100013de                RSV11_IRQHandler
                0x100013e0                RSV12_IRQHandler
                0x100013e2                I2C0_IRQHandler
                0x100013e4                UART0_IRQHandler
                0x100013e6                UART1_IRQHandler
                0x100013e8                SPI1_IRQHandler
                0x100013ea                RSV17_IRQHandler
                0x100013ec                RSV18_IRQHandler
                0x100013ee                RSV19_IRQHandler
                0x100013f0                ADC_IRQHandler
                0x100013f2                RSV21_IRQHandler
                0x100013f4                RSV22_IRQHandler
                0x100013f6                FLC0_IRQHandler
                0x100013fe                RSV27_IRQHandler
                0x10001400                DMA0_IRQHandler
                0x10001402                DMA1_IRQHandler
                0x10001404                DMA2_IRQHandler
                0x10001406                DMA3_IRQHandler
                0x10001408                RSV32_IRQHandler
                0x1000140a                RSV33_IRQHandler
                0x1000140c                UART2_IRQHandler
                0x1000140e                RSV35_IRQHandler
                0x10001410                I2C1_IRQHandler
                0x10001412                RSV37_IRQHandler
                0x10001414                RSV38_IRQHandler
                0x10001416                RSV39_IRQHandler
                0x10001418                RSV40_IRQHandler
                0x1000141a                RSV41_IRQHandler
                0x1000141c                RSV42_IRQHandler
                0x1000141e                RSV43_IRQHandler
                0x10001420                RSV44_IRQHandler
                0x10001422                RSV45_IRQHandler
                0x10001424                RSV46_IRQHandler
                0x10001426                RSV47_IRQHandler
                0x10001428                RSV48_IRQHandler
                0x1000142a                RSV49_IRQHandler
                0x1000142c                RSV50_IRQHandler
                0x1000142e                RSV51_IRQHandler
                0x10001430                RSV52_IRQHandler
                0x10001432                WUT_IRQHandler
                0x10001434                GPIOWAKE_IRQHandler
                0x10001436                RSV55_IRQHandler
                0x10001438                SPI0_IRQHandler
                0x1000143a                WDT1_IRQHandler
                0x1000143c                RSV58_IRQHandler
                0x1000143e                PT_IRQHandler
                0x10001440                RSV60_IRQHandler
                0x10001442                RSV61_IRQHandler
                0x10001444                I2C2_IRQHandler
                0x10001446                RISCV_IRQHandler
                0x10001448                RSV64_IRQHandler
                0x1000144a                RSV65_IRQHandler
                0x1000144c                RSV66_IRQHandler
                0x1000144e                OWM_IRQHandler
                0x10001450                RSV68_IRQHandler
                0x10001452                RSV69_IRQHandler
                0x10001454                RSV70_IRQHandler
                0x10001456                RSV71_IRQHandler
                0x10001458                RSV72_IRQHandler
                0x1000145a                RSV73_IRQHandler
                0x1000145c                RSV74_IRQHandler
                0x1000145e                RSV75_IRQHandler
                0x10001460                RSV76_IRQHandler
                0x10001462                RSV77_IRQHandler
                0x10001464                RSV78_IRQHandler
                0x10001466                RSV79_IRQHandler
                0x10001468                RSV80_IRQHandler
                0x1000146a                RSV81_IRQHandler
                0x1000146c                ECC_IRQHandler
                0x1000146e                DVS_IRQHandler
                0x10001470                SIMO_IRQHandler
                0x10001472                RSV85_IRQHandler
                0x10001474                RSV86_IRQHandler
                0x10001476                RSV87_IRQHandler
                0x10001478                UART3_IRQHandler
                0x1000147a                RSV89_IRQHandler
                0x1000147c                RSV90_IRQHandler
                0x1000147e                PCIF_IRQHandler
                0x10001480                RSV92_IRQHandler
                0x10001482                RSV93_IRQHandler
                0x10001484                RSV94_IRQHandler
                0x10001486                RSV95_IRQHandler
                0x10001488                RSV96_IRQHandler
                0x1000148a                AES_IRQHandler
                0x1000148c                RSV98_IRQHandler
                0x1000148e                I2S_IRQHandler
                0x10001490                CNN_FIFO_IRQHandler
                0x10001492                CNN_IRQHandler
                0x10001494                RSV102_IRQHandler
                0x10001496                LPCMP_IRQHandler
 .text._sbrk    0x100014c0       0x3c C:/Users/p_hae/Documents/_Code/KeyWordSpotting_on_MAX78000/leftandright/1D/test/kws20v2/build/heap.o
                0x100014c0                _sbrk
 .text.SystemCoreClockUpdate
                0x100014fc       0x68 C:/Users/p_hae/Documents/_Code/KeyWordSpotting_on_MAX78000/leftandright/1D/test/kws20v2/build/system_max78000.o
                0x100014fc                SystemCoreClockUpdate
 .text.PreInit  0x10001564        0x4 C:/Users/p_hae/Documents/_Code/KeyWordSpotting_on_MAX78000/leftandright/1D/test/kws20v2/build/system_max78000.o
                0x10001564                PreInit
 .text.SystemInit
                0x10001568       0x38 C:/Users/p_hae/Documents/_Code/KeyWordSpotting_on_MAX78000/leftandright/1D/test/kws20v2/build/system_max78000.o
                0x10001568                SystemInit
 .text.MXC_DelayInit
                0x100015a0       0x7c C:/MaximSDK/Libraries/PeriphDrivers/bin/MAX78000/softfp/libPeriphDriver_softfp.a(mxc_delay.o)
 .text.MXC_DelayAsync
                0x1000161c       0x3c C:/MaximSDK/Libraries/PeriphDrivers/bin/MAX78000/softfp/libPeriphDriver_softfp.a(mxc_delay.o)
                0x1000161c                MXC_DelayAsync
 .text.MXC_DelayCheck
                0x10001658       0x70 C:/MaximSDK/Libraries/PeriphDrivers/bin/MAX78000/softfp/libPeriphDriver_softfp.a(mxc_delay.o)
                0x10001658                MXC_DelayCheck
 .text.MXC_DelayAbort
                0x100016c8       0x34 C:/MaximSDK/Libraries/PeriphDrivers/bin/MAX78000/softfp/libPeriphDriver_softfp.a(mxc_delay.o)
                0x100016c8                MXC_DelayAbort
 .text.MXC_Delay
                0x100016fc       0x74 C:/MaximSDK/Libraries/PeriphDrivers/bin/MAX78000/softfp/libPeriphDriver_softfp.a(mxc_delay.o)
                0x100016fc                MXC_Delay
 .text.MXC_SYS_ClockDisable
                0x10001770       0x44 C:/MaximSDK/Libraries/PeriphDrivers/bin/MAX78000/softfp/libPeriphDriver_softfp.a(sys_ai85.o)
                0x10001770                MXC_SYS_ClockDisable
 .text.MXC_SYS_ClockEnable
                0x100017b4       0x4c C:/MaximSDK/Libraries/PeriphDrivers/bin/MAX78000/softfp/libPeriphDriver_softfp.a(sys_ai85.o)
                0x100017b4                MXC_SYS_ClockEnable
 .text.MXC_SYS_ClockSourceEnable
                0x10001800       0xec C:/MaximSDK/Libraries/PeriphDrivers/bin/MAX78000/softfp/libPeriphDriver_softfp.a(sys_ai85.o)
                0x10001800                MXC_SYS_ClockSourceEnable
 .text.MXC_SYS_Clock_Select
                0x100018ec      0x17c C:/MaximSDK/Libraries/PeriphDrivers/bin/MAX78000/softfp/libPeriphDriver_softfp.a(sys_ai85.o)
                0x100018ec                MXC_SYS_Clock_Select
 .text.MXC_SYS_Reset_Periph
                0x10001a68       0x50 C:/MaximSDK/Libraries/PeriphDrivers/bin/MAX78000/softfp/libPeriphDriver_softfp.a(sys_ai85.o)
                0x10001a68                MXC_SYS_Reset_Periph
 .text.MXC_NVIC_SetVector
                0x10001ab8       0x4c C:/MaximSDK/Libraries/PeriphDrivers/bin/MAX78000/softfp/libPeriphDriver_softfp.a(nvic_table.o)
                0x10001ab8                MXC_NVIC_SetVector
 .text.MXC_LP_EnterSleepMode
                0x10001b04       0x28 C:/MaximSDK/Libraries/PeriphDrivers/bin/MAX78000/softfp/libPeriphDriver_softfp.a(lp_ai85.o)
                0x10001b04                MXC_LP_EnterSleepMode
 .text.MXC_GPIO_Config
                0x10001b2c      0x204 C:/MaximSDK/Libraries/PeriphDrivers/bin/MAX78000/softfp/libPeriphDriver_softfp.a(gpio_ai85.o)
                0x10001b2c                MXC_GPIO_Config
 .text.MXC_GPIO_OutSet
                0x10001d30       0x34 C:/MaximSDK/Libraries/PeriphDrivers/bin/MAX78000/softfp/libPeriphDriver_softfp.a(gpio_ai85.o)
                0x10001d30                MXC_GPIO_OutSet
 .text.MXC_GPIO_OutClr
                0x10001d64       0x34 C:/MaximSDK/Libraries/PeriphDrivers/bin/MAX78000/softfp/libPeriphDriver_softfp.a(gpio_ai85.o)
                0x10001d64                MXC_GPIO_OutClr
 .text.MXC_GPIO_Handler
                0x10001d98        0x4 C:/MaximSDK/Libraries/PeriphDrivers/bin/MAX78000/softfp/libPeriphDriver_softfp.a(gpio_ai85.o)
                0x10001d98                MXC_GPIO_Handler
 .text.MXC_GPIO_ClearFlags
                0x10001d9c        0x4 C:/MaximSDK/Libraries/PeriphDrivers/bin/MAX78000/softfp/libPeriphDriver_softfp.a(gpio_ai85.o)
                0x10001d9c                MXC_GPIO_ClearFlags
 .text.MXC_GPIO_GetFlags
                0x10001da0        0x4 C:/MaximSDK/Libraries/PeriphDrivers/bin/MAX78000/softfp/libPeriphDriver_softfp.a(gpio_ai85.o)
                0x10001da0                MXC_GPIO_GetFlags
 .text.MXC_GPIO_RevA_OutSet
                0x10001da4        0x4 C:/MaximSDK/Libraries/PeriphDrivers/bin/MAX78000/softfp/libPeriphDriver_softfp.a(gpio_reva.o)
                0x10001da4                MXC_GPIO_RevA_OutSet
 .text.MXC_GPIO_RevA_OutClr
                0x10001da8        0x4 C:/MaximSDK/Libraries/PeriphDrivers/bin/MAX78000/softfp/libPeriphDriver_softfp.a(gpio_reva.o)
                0x10001da8                MXC_GPIO_RevA_OutClr
 .text.MXC_GPIO_RevA_ClearFlags
                0x10001dac        0x4 C:/MaximSDK/Libraries/PeriphDrivers/bin/MAX78000/softfp/libPeriphDriver_softfp.a(gpio_reva.o)
                0x10001dac                MXC_GPIO_RevA_ClearFlags
 .text.MXC_GPIO_RevA_GetFlags
                0x10001db0        0x4 C:/MaximSDK/Libraries/PeriphDrivers/bin/MAX78000/softfp/libPeriphDriver_softfp.a(gpio_reva.o)
                0x10001db0                MXC_GPIO_RevA_GetFlags
 .text.MXC_GPIO_RevA_SetVSSEL
                0x10001db4       0x30 C:/MaximSDK/Libraries/PeriphDrivers/bin/MAX78000/softfp/libPeriphDriver_softfp.a(gpio_reva.o)
                0x10001db4                MXC_GPIO_RevA_SetVSSEL
 .text.MXC_GPIO_RevA_SetAF
                0x10001de4       0x68 C:/MaximSDK/Libraries/PeriphDrivers/bin/MAX78000/softfp/libPeriphDriver_softfp.a(gpio_reva.o)
                0x10001de4                MXC_GPIO_RevA_SetAF
 .text.MXC_ICC_Enable
                0x10001e4c        0x4 C:/MaximSDK/Libraries/PeriphDrivers/bin/MAX78000/softfp/libPeriphDriver_softfp.a(icc_me17.o)
                0x10001e4c                MXC_ICC_Enable
 .text.MXC_ICC_RevA_Enable
                0x10001e50       0x30 C:/MaximSDK/Libraries/PeriphDrivers/bin/MAX78000/softfp/libPeriphDriver_softfp.a(icc_reva.o)
                0x10001e50                MXC_ICC_RevA_Enable
 .text.MXC_TMR_Init
                0x10001e80      0x344 C:/MaximSDK/Libraries/PeriphDrivers/bin/MAX78000/softfp/libPeriphDriver_softfp.a(tmr_ai85.o)
                0x10001e80                MXC_TMR_Init
 .text.MXC_TMR_Start
                0x100021c4        0x4 C:/MaximSDK/Libraries/PeriphDrivers/bin/MAX78000/softfp/libPeriphDriver_softfp.a(tmr_ai85.o)
                0x100021c4                MXC_TMR_Start
 .text.MXC_TMR_Stop
                0x100021c8        0x4 C:/MaximSDK/Libraries/PeriphDrivers/bin/MAX78000/softfp/libPeriphDriver_softfp.a(tmr_ai85.o)
                0x100021c8                MXC_TMR_Stop
 .text.MXC_TMR_ClearFlags
                0x100021cc        0x4 C:/MaximSDK/Libraries/PeriphDrivers/bin/MAX78000/softfp/libPeriphDriver_softfp.a(tmr_ai85.o)
                0x100021cc                MXC_TMR_ClearFlags
 .text.MXC_TMR_SetCount
                0x100021d0        0x4 C:/MaximSDK/Libraries/PeriphDrivers/bin/MAX78000/softfp/libPeriphDriver_softfp.a(tmr_ai85.o)
                0x100021d0                MXC_TMR_SetCount
 .text.MXC_TMR_TO_Start
                0x100021d4        0x4 C:/MaximSDK/Libraries/PeriphDrivers/bin/MAX78000/softfp/libPeriphDriver_softfp.a(tmr_ai85.o)
                0x100021d4                MXC_TMR_TO_Start
 .text.MXC_TMR_TO_Stop
                0x100021d8        0x4 C:/MaximSDK/Libraries/PeriphDrivers/bin/MAX78000/softfp/libPeriphDriver_softfp.a(tmr_ai85.o)
                0x100021d8                MXC_TMR_TO_Stop
 .text.MXC_TMR_TO_Elapsed
                0x100021dc        0x4 C:/MaximSDK/Libraries/PeriphDrivers/bin/MAX78000/softfp/libPeriphDriver_softfp.a(tmr_ai85.o)
                0x100021dc                MXC_TMR_TO_Elapsed
 .text.MXC_TMR_SW_Start
                0x100021e0        0x4 C:/MaximSDK/Libraries/PeriphDrivers/bin/MAX78000/softfp/libPeriphDriver_softfp.a(tmr_ai85.o)
                0x100021e0                MXC_TMR_SW_Start
 .text.MXC_TMR_SW_Stop
                0x100021e4        0x4 C:/MaximSDK/Libraries/PeriphDrivers/bin/MAX78000/softfp/libPeriphDriver_softfp.a(tmr_ai85.o)
                0x100021e4                MXC_TMR_SW_Stop
 .text.MXC_TMR_GetTime
                0x100021e8        0x4 C:/MaximSDK/Libraries/PeriphDrivers/bin/MAX78000/softfp/libPeriphDriver_softfp.a(tmr_ai85.o)
                0x100021e8                MXC_TMR_GetTime
 .text.MXC_TMR_RevB_ConfigGeneric
                0x100021ec       0xe8 C:/MaximSDK/Libraries/PeriphDrivers/bin/MAX78000/softfp/libPeriphDriver_softfp.a(tmr_revb.o)
                0x100021ec                MXC_TMR_RevB_ConfigGeneric
 .text.MXC_TMR_RevB_Init
                0x100022d4       0xc8 C:/MaximSDK/Libraries/PeriphDrivers/bin/MAX78000/softfp/libPeriphDriver_softfp.a(tmr_revb.o)
                0x100022d4                MXC_TMR_RevB_Init
 .text.MXC_TMR_RevB_Start
                0x1000239c       0x5c C:/MaximSDK/Libraries/PeriphDrivers/bin/MAX78000/softfp/libPeriphDriver_softfp.a(tmr_revb.o)
                0x1000239c                MXC_TMR_RevB_Start
 .text.MXC_TMR_RevB_Stop
                0x100023f8       0x58 C:/MaximSDK/Libraries/PeriphDrivers/bin/MAX78000/softfp/libPeriphDriver_softfp.a(tmr_revb.o)
                0x100023f8                MXC_TMR_RevB_Stop
 .text.MXC_TMR_RevB_ClearFlags
                0x10002450       0x58 C:/MaximSDK/Libraries/PeriphDrivers/bin/MAX78000/softfp/libPeriphDriver_softfp.a(tmr_revb.o)
                0x10002450                MXC_TMR_RevB_ClearFlags
 .text.MXC_TMR_RevB_SetCount
                0x100024a8       0x5c C:/MaximSDK/Libraries/PeriphDrivers/bin/MAX78000/softfp/libPeriphDriver_softfp.a(tmr_revb.o)
                0x100024a8                MXC_TMR_RevB_SetCount
 .text.MXC_TMR_RevB_TO_Start
                0x10002504       0xe4 C:/MaximSDK/Libraries/PeriphDrivers/bin/MAX78000/softfp/libPeriphDriver_softfp.a(tmr_revb.o)
                0x10002504                MXC_TMR_RevB_TO_Start
 .text.MXC_TMR_RevB_GetTime
                0x100025e8      0x138 C:/MaximSDK/Libraries/PeriphDrivers/bin/MAX78000/softfp/libPeriphDriver_softfp.a(tmr_revb.o)
                0x100025e8                MXC_TMR_RevB_GetTime
 .text.MXC_UART_Shutdown
                0x10002720       0x70 C:/MaximSDK/Libraries/PeriphDrivers/bin/MAX78000/softfp/libPeriphDriver_softfp.a(uart_ai85.o)
                0x10002720                MXC_UART_Shutdown
 .text.MXC_UART_Init
                0x10002790       0xb8 C:/MaximSDK/Libraries/PeriphDrivers/bin/MAX78000/softfp/libPeriphDriver_softfp.a(uart_ai85.o)
                0x10002790                MXC_UART_Init
 .text.MXC_UART_SetFrequency
                0x10002848       0xcc C:/MaximSDK/Libraries/PeriphDrivers/bin/MAX78000/softfp/libPeriphDriver_softfp.a(uart_ai85.o)
                0x10002848                MXC_UART_SetFrequency
 .text.MXC_UART_GetFrequency
                0x10002914       0x54 C:/MaximSDK/Libraries/PeriphDrivers/bin/MAX78000/softfp/libPeriphDriver_softfp.a(uart_ai85.o)
                0x10002914                MXC_UART_GetFrequency
 .text.MXC_UART_SetDataSize
                0x10002968        0x4 C:/MaximSDK/Libraries/PeriphDrivers/bin/MAX78000/softfp/libPeriphDriver_softfp.a(uart_ai85.o)
                0x10002968                MXC_UART_SetDataSize
 .text.MXC_UART_SetStopBits
                0x1000296c        0x4 C:/MaximSDK/Libraries/PeriphDrivers/bin/MAX78000/softfp/libPeriphDriver_softfp.a(uart_ai85.o)
                0x1000296c                MXC_UART_SetStopBits
 .text.MXC_UART_SetParity
                0x10002970        0x4 C:/MaximSDK/Libraries/PeriphDrivers/bin/MAX78000/softfp/libPeriphDriver_softfp.a(uart_ai85.o)
                0x10002970                MXC_UART_SetParity
 .text.MXC_UART_ReadCharacterRaw
                0x10002974        0x4 C:/MaximSDK/Libraries/PeriphDrivers/bin/MAX78000/softfp/libPeriphDriver_softfp.a(uart_ai85.o)
                0x10002974                MXC_UART_ReadCharacterRaw
 .text.MXC_UART_WriteCharacterRaw
                0x10002978        0x4 C:/MaximSDK/Libraries/PeriphDrivers/bin/MAX78000/softfp/libPeriphDriver_softfp.a(uart_ai85.o)
                0x10002978                MXC_UART_WriteCharacterRaw
 .text.MXC_UART_ReadCharacter
                0x1000297c        0x4 C:/MaximSDK/Libraries/PeriphDrivers/bin/MAX78000/softfp/libPeriphDriver_softfp.a(uart_ai85.o)
                0x1000297c                MXC_UART_ReadCharacter
 .text.MXC_UART_WriteCharacter
                0x10002980        0x4 C:/MaximSDK/Libraries/PeriphDrivers/bin/MAX78000/softfp/libPeriphDriver_softfp.a(uart_ai85.o)
                0x10002980                MXC_UART_WriteCharacter
 .text.MXC_UART_GetRXFIFOAvailable
                0x10002984        0x4 C:/MaximSDK/Libraries/PeriphDrivers/bin/MAX78000/softfp/libPeriphDriver_softfp.a(uart_ai85.o)
                0x10002984                MXC_UART_GetRXFIFOAvailable
 .text.MXC_UART_GetTXFIFOAvailable
                0x10002988        0x4 C:/MaximSDK/Libraries/PeriphDrivers/bin/MAX78000/softfp/libPeriphDriver_softfp.a(uart_ai85.o)
                0x10002988                MXC_UART_GetTXFIFOAvailable
 .text.MXC_UART_SetRXThreshold
                0x1000298c        0x4 C:/MaximSDK/Libraries/PeriphDrivers/bin/MAX78000/softfp/libPeriphDriver_softfp.a(uart_ai85.o)
                0x1000298c                MXC_UART_SetRXThreshold
 .text.MXC_UART_Common_ReadCharacter
                0x10002990       0x18 C:/MaximSDK/Libraries/PeriphDrivers/bin/MAX78000/softfp/libPeriphDriver_softfp.a(uart_common.o)
                0x10002990                MXC_UART_Common_ReadCharacter
 .text.MXC_UART_Common_WriteCharacter
                0x100029a8       0x1c C:/MaximSDK/Libraries/PeriphDrivers/bin/MAX78000/softfp/libPeriphDriver_softfp.a(uart_common.o)
                0x100029a8                MXC_UART_Common_WriteCharacter
 .text.MXC_UART_RevB_Init
                0x100029c4       0x70 C:/MaximSDK/Libraries/PeriphDrivers/bin/MAX78000/softfp/libPeriphDriver_softfp.a(uart_revb.o)
                0x100029c4                MXC_UART_RevB_Init
 .text.MXC_UART_RevB_SetFrequency
                0x10002a34       0x9c C:/MaximSDK/Libraries/PeriphDrivers/bin/MAX78000/softfp/libPeriphDriver_softfp.a(uart_revb.o)
                0x10002a34                MXC_UART_RevB_SetFrequency
 .text.MXC_UART_RevB_GetFrequency
                0x10002ad0       0x7c C:/MaximSDK/Libraries/PeriphDrivers/bin/MAX78000/softfp/libPeriphDriver_softfp.a(uart_revb.o)
                0x10002ad0                MXC_UART_RevB_GetFrequency
 .text.MXC_UART_RevB_SetDataSize
                0x10002b4c       0x40 C:/MaximSDK/Libraries/PeriphDrivers/bin/MAX78000/softfp/libPeriphDriver_softfp.a(uart_revb.o)
                0x10002b4c                MXC_UART_RevB_SetDataSize
 .text.MXC_UART_RevB_SetStopBits
                0x10002b8c       0x4c C:/MaximSDK/Libraries/PeriphDrivers/bin/MAX78000/softfp/libPeriphDriver_softfp.a(uart_revb.o)
                0x10002b8c                MXC_UART_RevB_SetStopBits
 .text.MXC_UART_RevB_SetParity
                0x10002bd8       0xb4 C:/MaximSDK/Libraries/PeriphDrivers/bin/MAX78000/softfp/libPeriphDriver_softfp.a(uart_revb.o)
                0x10002bd8                MXC_UART_RevB_SetParity
 .text.MXC_UART_RevB_ReadCharacterRaw
                0x10002c8c       0x38 C:/MaximSDK/Libraries/PeriphDrivers/bin/MAX78000/softfp/libPeriphDriver_softfp.a(uart_revb.o)
                0x10002c8c                MXC_UART_RevB_ReadCharacterRaw
 .text.MXC_UART_RevB_WriteCharacterRaw
                0x10002cc4       0x3c C:/MaximSDK/Libraries/PeriphDrivers/bin/MAX78000/softfp/libPeriphDriver_softfp.a(uart_revb.o)
                0x10002cc4                MXC_UART_RevB_WriteCharacterRaw
 .text.MXC_UART_RevB_GetRXFIFOAvailable
                0x10002d00        0x8 C:/MaximSDK/Libraries/PeriphDrivers/bin/MAX78000/softfp/libPeriphDriver_softfp.a(uart_revb.o)
                0x10002d00                MXC_UART_RevB_GetRXFIFOAvailable
 .text.MXC_UART_RevB_GetTXFIFOAvailable
                0x10002d08        0xc C:/MaximSDK/Libraries/PeriphDrivers/bin/MAX78000/softfp/libPeriphDriver_softfp.a(uart_revb.o)
                0x10002d08                MXC_UART_RevB_GetTXFIFOAvailable
 .text.MXC_UART_RevB_SetRXThreshold
                0x10002d14       0x40 C:/MaximSDK/Libraries/PeriphDrivers/bin/MAX78000/softfp/libPeriphDriver_softfp.a(uart_revb.o)
                0x10002d14                MXC_UART_RevB_SetRXThreshold
 .text.MXC_GPIO_Common_Init
                0x10002d54       0x24 C:/MaximSDK/Libraries/PeriphDrivers/bin/MAX78000/softfp/libPeriphDriver_softfp.a(gpio_common.o)
                0x10002d54                MXC_GPIO_Common_Init
 .text.MXC_GPIO_Common_Handler
                0x10002d78       0x88 C:/MaximSDK/Libraries/PeriphDrivers/bin/MAX78000/softfp/libPeriphDriver_softfp.a(gpio_common.o)
                0x10002d78                MXC_GPIO_Common_Handler
 .text.MXC_TMR_Common_TO_Stop
                0x10002e00       0x14 C:/MaximSDK/Libraries/PeriphDrivers/bin/MAX78000/softfp/libPeriphDriver_softfp.a(tmr_common.o)
                0x10002e00                MXC_TMR_Common_TO_Stop
 .text.MXC_TMR_Common_SW_Start
                0x10002e14        0x8 C:/MaximSDK/Libraries/PeriphDrivers/bin/MAX78000/softfp/libPeriphDriver_softfp.a(tmr_common.o)
                0x10002e14                MXC_TMR_Common_SW_Start
 .text.MXC_TMR_Common_SW_Stop
                0x10002e1c       0x14 C:/MaximSDK/Libraries/PeriphDrivers/bin/MAX78000/softfp/libPeriphDriver_softfp.a(tmr_common.o)
                0x10002e1c                MXC_TMR_Common_SW_Stop
 .text.MXC_TMR_Common_TO_Elapsed
                0x10002e30       0x54 C:/MaximSDK/Libraries/PeriphDrivers/bin/MAX78000/softfp/libPeriphDriver_softfp.a(tmr_common.o)
                0x10002e30                MXC_TMR_Common_TO_Elapsed
 .text.__errno  0x10002e84        0xc c:/maximsdk/tools/gnutools/10.3/bin/../lib/gcc/arm-none-eabi/10.3.1/../../../../arm-none-eabi/lib/thumb/v7e-m+fp/softfp\libc.a(lib_a-errno.o)
                0x10002e84                __errno
 .text.__libc_init_array
                0x10002e90       0x48 c:/maximsdk/tools/gnutools/10.3/bin/../lib/gcc/arm-none-eabi/10.3.1/../../../../arm-none-eabi/lib/thumb/v7e-m+fp/softfp\libc.a(lib_a-init.o)
                0x10002e90                __libc_init_array
 .text._malloc_r
                0x10002ed8      0x560 c:/maximsdk/tools/gnutools/10.3/bin/../lib/gcc/arm-none-eabi/10.3.1/../../../../arm-none-eabi/lib/thumb/v7e-m+fp/softfp\libc.a(lib_a-mallocr.o)
                0x10002ed8                _malloc_r
 .text          0x10003438      0x134 c:/maximsdk/tools/gnutools/10.3/bin/../lib/gcc/arm-none-eabi/10.3.1/../../../../arm-none-eabi/lib/thumb/v7e-m+fp/softfp\libc.a(lib_a-memcpy.o)
                0x10003438                memcpy
 .text.memset   0x1000356c       0xa4 c:/maximsdk/tools/gnutools/10.3/bin/../lib/gcc/arm-none-eabi/10.3.1/../../../../arm-none-eabi/lib/thumb/v7e-m+fp/softfp\libc.a(lib_a-memset.o)
                0x1000356c                memset
 .text.__malloc_lock
                0x10003610        0xc c:/maximsdk/tools/gnutools/10.3/bin/../lib/gcc/arm-none-eabi/10.3.1/../../../../arm-none-eabi/lib/thumb/v7e-m+fp/softfp\libc.a(lib_a-mlock.o)
                0x10003610                __malloc_lock
 .text.__malloc_unlock
                0x1000361c        0xc c:/maximsdk/tools/gnutools/10.3/bin/../lib/gcc/arm-none-eabi/10.3.1/../../../../arm-none-eabi/lib/thumb/v7e-m+fp/softfp\libc.a(lib_a-mlock.o)
                0x1000361c                __malloc_unlock
 .text.printf   0x10003628       0x28 c:/maximsdk/tools/gnutools/10.3/bin/../lib/gcc/arm-none-eabi/10.3.1/../../../../arm-none-eabi/lib/thumb/v7e-m+fp/softfp\libc.a(lib_a-printf.o)
                0x10003628                printf
 .text._puts_r  0x10003650       0x9c c:/maximsdk/tools/gnutools/10.3/bin/../lib/gcc/arm-none-eabi/10.3.1/../../../../arm-none-eabi/lib/thumb/v7e-m+fp/softfp\libc.a(lib_a-puts.o)
                0x10003650                _puts_r
 .text.puts     0x100036ec       0x10 c:/maximsdk/tools/gnutools/10.3/bin/../lib/gcc/arm-none-eabi/10.3.1/../../../../arm-none-eabi/lib/thumb/v7e-m+fp/softfp\libc.a(lib_a-puts.o)
                0x100036ec                puts
 .text._sbrk_r  0x100036fc       0x24 c:/maximsdk/tools/gnutools/10.3/bin/../lib/gcc/arm-none-eabi/10.3.1/../../../../arm-none-eabi/lib/thumb/v7e-m+fp/softfp\libc.a(lib_a-sbrkr.o)
                0x100036fc                _sbrk_r
 *fill*         0x10003720       0x20 
 .text          0x10003740       0xdc c:/maximsdk/tools/gnutools/10.3/bin/../lib/gcc/arm-none-eabi/10.3.1/../../../../arm-none-eabi/lib/thumb/v7e-m+fp/softfp\libc.a(lib_a-strlen.o)
                0x10003740                strlen
 *fill*         0x1000381c        0x4 
 .text._vfprintf_r
                0x10003820     0x1b8c c:/maximsdk/tools/gnutools/10.3/bin/../lib/gcc/arm-none-eabi/10.3.1/../../../../arm-none-eabi/lib/thumb/v7e-m+fp/softfp\libc.a(lib_a-vfprintf.o)
                0x10003820                _vfprintf_r
 .text.__sbprintf
                0x100053ac       0x80 c:/maximsdk/tools/gnutools/10.3/bin/../lib/gcc/arm-none-eabi/10.3.1/../../../../arm-none-eabi/lib/thumb/v7e-m+fp/softfp\libc.a(lib_a-vfprintf.o)
 .text.__swsetup_r
                0x1000542c       0xd4 c:/maximsdk/tools/gnutools/10.3/bin/../lib/gcc/arm-none-eabi/10.3.1/../../../../arm-none-eabi/lib/thumb/v7e-m+fp/softfp\libc.a(lib_a-wsetup.o)
                0x1000542c                __swsetup_r
 .text.startup.register_fini
                0x10005500       0x14 c:/maximsdk/tools/gnutools/10.3/bin/../lib/gcc/arm-none-eabi/10.3.1/../../../../arm-none-eabi/lib/thumb/v7e-m+fp/softfp\libc.a(lib_a-__call_atexit.o)
 .text.atexit   0x10005514        0xc c:/maximsdk/tools/gnutools/10.3/bin/../lib/gcc/arm-none-eabi/10.3.1/../../../../arm-none-eabi/lib/thumb/v7e-m+fp/softfp\libc.a(lib_a-atexit.o)
                0x10005514                atexit
 .text.quorem   0x10005520      0x128 c:/maximsdk/tools/gnutools/10.3/bin/../lib/gcc/arm-none-eabi/10.3.1/../../../../arm-none-eabi/lib/thumb/v7e-m+fp/softfp\libc.a(lib_a-dtoa.o)
 .text._dtoa_r  0x10005648      0xf34 c:/maximsdk/tools/gnutools/10.3/bin/../lib/gcc/arm-none-eabi/10.3.1/../../../../arm-none-eabi/lib/thumb/v7e-m+fp/softfp\libc.a(lib_a-dtoa.o)
                0x10005648                _dtoa_r
 .text.__sflush_r
                0x1000657c      0x130 c:/maximsdk/tools/gnutools/10.3/bin/../lib/gcc/arm-none-eabi/10.3.1/../../../../arm-none-eabi/lib/thumb/v7e-m+fp/softfp\libc.a(lib_a-fflush.o)
                0x1000657c                __sflush_r
 .text._fflush_r
                0x100066ac       0x5c c:/maximsdk/tools/gnutools/10.3/bin/../lib/gcc/arm-none-eabi/10.3.1/../../../../arm-none-eabi/lib/thumb/v7e-m+fp/softfp\libc.a(lib_a-fflush.o)
                0x100066ac                _fflush_r
 .text._cleanup_r
                0x10006708        0xc c:/maximsdk/tools/gnutools/10.3/bin/../lib/gcc/arm-none-eabi/10.3.1/../../../../arm-none-eabi/lib/thumb/v7e-m+fp/softfp\libc.a(lib_a-findfp.o)
                0x10006708                _cleanup_r
 .text.__sinit  0x10006714      0x10c c:/maximsdk/tools/gnutools/10.3/bin/../lib/gcc/arm-none-eabi/10.3.1/../../../../arm-none-eabi/lib/thumb/v7e-m+fp/softfp\libc.a(lib_a-findfp.o)
                0x10006714                __sinit
 .text.__sfp_lock_acquire
                0x10006820        0xc c:/maximsdk/tools/gnutools/10.3/bin/../lib/gcc/arm-none-eabi/10.3.1/../../../../arm-none-eabi/lib/thumb/v7e-m+fp/softfp\libc.a(lib_a-findfp.o)
                0x10006820                __sfp_lock_acquire
 .text.__sfp_lock_release
                0x1000682c        0xc c:/maximsdk/tools/gnutools/10.3/bin/../lib/gcc/arm-none-eabi/10.3.1/../../../../arm-none-eabi/lib/thumb/v7e-m+fp/softfp\libc.a(lib_a-findfp.o)
                0x1000682c                __sfp_lock_release
 .text.__libc_fini_array
                0x10006838       0x2c c:/maximsdk/tools/gnutools/10.3/bin/../lib/gcc/arm-none-eabi/10.3.1/../../../../arm-none-eabi/lib/thumb/v7e-m+fp/softfp\libc.a(lib_a-fini.o)
                0x10006838                __libc_fini_array
 .text._malloc_trim_r
                0x10006864       0xa0 c:/maximsdk/tools/gnutools/10.3/bin/../lib/gcc/arm-none-eabi/10.3.1/../../../../arm-none-eabi/lib/thumb/v7e-m+fp/softfp\libc.a(lib_a-freer.o)
                0x10006864                _malloc_trim_r
 .text._free_r  0x10006904      0x20c c:/maximsdk/tools/gnutools/10.3/bin/../lib/gcc/arm-none-eabi/10.3.1/../../../../arm-none-eabi/lib/thumb/v7e-m+fp/softfp\libc.a(lib_a-freer.o)
                0x10006904                _free_r
 .text.__sfvwrite_r
                0x10006b10      0x2f0 c:/maximsdk/tools/gnutools/10.3/bin/../lib/gcc/arm-none-eabi/10.3.1/../../../../arm-none-eabi/lib/thumb/v7e-m+fp/softfp\libc.a(lib_a-fvwrite.o)
                0x10006b10                __sfvwrite_r
 .text._fwalk_reent
                0x10006e00       0x48 c:/maximsdk/tools/gnutools/10.3/bin/../lib/gcc/arm-none-eabi/10.3.1/../../../../arm-none-eabi/lib/thumb/v7e-m+fp/softfp\libc.a(lib_a-fwalk.o)
                0x10006e00                _fwalk_reent
 .text._localeconv_r
                0x10006e48        0x8 c:/maximsdk/tools/gnutools/10.3/bin/../lib/gcc/arm-none-eabi/10.3.1/../../../../arm-none-eabi/lib/thumb/v7e-m+fp/softfp\libc.a(lib_a-localeconv.o)
                0x10006e48                _localeconv_r
 .text.__retarget_lock_init_recursive
                0x10006e50        0x4 c:/maximsdk/tools/gnutools/10.3/bin/../lib/gcc/arm-none-eabi/10.3.1/../../../../arm-none-eabi/lib/thumb/v7e-m+fp/softfp\libc.a(lib_a-lock.o)
                0x10006e50                __retarget_lock_init_recursive
 .text.__retarget_lock_close_recursive
                0x10006e54        0x4 c:/maximsdk/tools/gnutools/10.3/bin/../lib/gcc/arm-none-eabi/10.3.1/../../../../arm-none-eabi/lib/thumb/v7e-m+fp/softfp\libc.a(lib_a-lock.o)
                0x10006e54                __retarget_lock_close_recursive
 .text.__retarget_lock_acquire_recursive
                0x10006e58        0x4 c:/maximsdk/tools/gnutools/10.3/bin/../lib/gcc/arm-none-eabi/10.3.1/../../../../arm-none-eabi/lib/thumb/v7e-m+fp/softfp\libc.a(lib_a-lock.o)
                0x10006e58                __retarget_lock_acquire_recursive
 .text.__retarget_lock_release_recursive
                0x10006e5c        0x4 c:/maximsdk/tools/gnutools/10.3/bin/../lib/gcc/arm-none-eabi/10.3.1/../../../../arm-none-eabi/lib/thumb/v7e-m+fp/softfp\libc.a(lib_a-lock.o)
                0x10006e5c                __retarget_lock_release_recursive
 .text.__smakebuf_r
                0x10006e60       0xe0 c:/maximsdk/tools/gnutools/10.3/bin/../lib/gcc/arm-none-eabi/10.3.1/../../../../arm-none-eabi/lib/thumb/v7e-m+fp/softfp\libc.a(lib_a-makebuf.o)
                0x10006e60                __smakebuf_r
 .text          0x10006f40       0xa0 c:/maximsdk/tools/gnutools/10.3/bin/../lib/gcc/arm-none-eabi/10.3.1/../../../../arm-none-eabi/lib/thumb/v7e-m+fp/softfp\libc.a(lib_a-memchr.o)
                0x10006f40                memchr
 .text.memmove  0x10006fe0       0xf8 c:/maximsdk/tools/gnutools/10.3/bin/../lib/gcc/arm-none-eabi/10.3.1/../../../../arm-none-eabi/lib/thumb/v7e-m+fp/softfp\libc.a(lib_a-memmove.o)
                0x10006fe0                memmove
 .text._Balloc  0x100070d8       0x4c c:/maximsdk/tools/gnutools/10.3/bin/../lib/gcc/arm-none-eabi/10.3.1/../../../../arm-none-eabi/lib/thumb/v7e-m+fp/softfp\libc.a(lib_a-mprec.o)
                0x100070d8                _Balloc
 .text._Bfree   0x10007124       0x14 c:/maximsdk/tools/gnutools/10.3/bin/../lib/gcc/arm-none-eabi/10.3.1/../../../../arm-none-eabi/lib/thumb/v7e-m+fp/softfp\libc.a(lib_a-mprec.o)
                0x10007124                _Bfree
 .text.__multadd
                0x10007138       0xa8 c:/maximsdk/tools/gnutools/10.3/bin/../lib/gcc/arm-none-eabi/10.3.1/../../../../arm-none-eabi/lib/thumb/v7e-m+fp/softfp\libc.a(lib_a-mprec.o)
                0x10007138                __multadd
 .text.__hi0bits
                0x100071e0       0x40 c:/maximsdk/tools/gnutools/10.3/bin/../lib/gcc/arm-none-eabi/10.3.1/../../../../arm-none-eabi/lib/thumb/v7e-m+fp/softfp\libc.a(lib_a-mprec.o)
                0x100071e0                __hi0bits
 .text.__lo0bits
                0x10007220       0x60 c:/maximsdk/tools/gnutools/10.3/bin/../lib/gcc/arm-none-eabi/10.3.1/../../../../arm-none-eabi/lib/thumb/v7e-m+fp/softfp\libc.a(lib_a-mprec.o)
                0x10007220                __lo0bits
 .text.__i2b    0x10007280       0x5c c:/maximsdk/tools/gnutools/10.3/bin/../lib/gcc/arm-none-eabi/10.3.1/../../../../arm-none-eabi/lib/thumb/v7e-m+fp/softfp\libc.a(lib_a-mprec.o)
                0x10007280                __i2b
 .text.__multiply
                0x100072dc      0x15c c:/maximsdk/tools/gnutools/10.3/bin/../lib/gcc/arm-none-eabi/10.3.1/../../../../arm-none-eabi/lib/thumb/v7e-m+fp/softfp\libc.a(lib_a-mprec.o)
                0x100072dc                __multiply
 .text.__pow5mult
                0x10007438       0xc0 c:/maximsdk/tools/gnutools/10.3/bin/../lib/gcc/arm-none-eabi/10.3.1/../../../../arm-none-eabi/lib/thumb/v7e-m+fp/softfp\libc.a(lib_a-mprec.o)
                0x10007438                __pow5mult
 .text.__lshift
                0x100074f8       0xf0 c:/maximsdk/tools/gnutools/10.3/bin/../lib/gcc/arm-none-eabi/10.3.1/../../../../arm-none-eabi/lib/thumb/v7e-m+fp/softfp\libc.a(lib_a-mprec.o)
                0x100074f8                __lshift
 .text.__mcmp   0x100075e8       0x44 c:/maximsdk/tools/gnutools/10.3/bin/../lib/gcc/arm-none-eabi/10.3.1/../../../../arm-none-eabi/lib/thumb/v7e-m+fp/softfp\libc.a(lib_a-mprec.o)
                0x100075e8                __mcmp
 .text.__mdiff  0x1000762c      0x14c c:/maximsdk/tools/gnutools/10.3/bin/../lib/gcc/arm-none-eabi/10.3.1/../../../../arm-none-eabi/lib/thumb/v7e-m+fp/softfp\libc.a(lib_a-mprec.o)
                0x1000762c                __mdiff
 .text.__d2b    0x10007778       0xc4 c:/maximsdk/tools/gnutools/10.3/bin/../lib/gcc/arm-none-eabi/10.3.1/../../../../arm-none-eabi/lib/thumb/v7e-m+fp/softfp\libc.a(lib_a-mprec.o)
                0x10007778                __d2b
 .text._realloc_r
                0x1000783c      0x3d8 c:/maximsdk/tools/gnutools/10.3/bin/../lib/gcc/arm-none-eabi/10.3.1/../../../../arm-none-eabi/lib/thumb/v7e-m+fp/softfp\libc.a(lib_a-reallocr.o)
                0x1000783c                _realloc_r
 .text.frexp    0x10007c14       0x70 c:/maximsdk/tools/gnutools/10.3/bin/../lib/gcc/arm-none-eabi/10.3.1/../../../../arm-none-eabi/lib/thumb/v7e-m+fp/softfp\libc.a(lib_a-s_frexp.o)
                0x10007c14                frexp
 .text.__sread  0x10007c84       0x24 c:/maximsdk/tools/gnutools/10.3/bin/../lib/gcc/arm-none-eabi/10.3.1/../../../../arm-none-eabi/lib/thumb/v7e-m+fp/softfp\libc.a(lib_a-stdio.o)
                0x10007c84                __sread
 .text.__swrite
                0x10007ca8       0x40 c:/maximsdk/tools/gnutools/10.3/bin/../lib/gcc/arm-none-eabi/10.3.1/../../../../arm-none-eabi/lib/thumb/v7e-m+fp/softfp\libc.a(lib_a-stdio.o)
                0x10007ca8                __swrite
 .text.__sseek  0x10007ce8       0x20 c:/maximsdk/tools/gnutools/10.3/bin/../lib/gcc/arm-none-eabi/10.3.1/../../../../arm-none-eabi/lib/thumb/v7e-m+fp/softfp\libc.a(lib_a-stdio.o)
                0x10007ce8                __sseek
 .text.__sclose
                0x10007d08        0x8 c:/maximsdk/tools/gnutools/10.3/bin/../lib/gcc/arm-none-eabi/10.3.1/../../../../arm-none-eabi/lib/thumb/v7e-m+fp/softfp\libc.a(lib_a-stdio.o)
                0x10007d08                __sclose
 .text.strncpy  0x10007d10       0x64 c:/maximsdk/tools/gnutools/10.3/bin/../lib/gcc/arm-none-eabi/10.3.1/../../../../arm-none-eabi/lib/thumb/v7e-m+fp/softfp\libc.a(lib_a-strncpy.o)
                0x10007d10                strncpy
 .text.__sprint_r.part.0
                0x10007d74       0x78 c:/maximsdk/tools/gnutools/10.3/bin/../lib/gcc/arm-none-eabi/10.3.1/../../../../arm-none-eabi/lib/thumb/v7e-m+fp/softfp\libc.a(lib_a-vfiprintf.o)
 .text.__sprint_r
                0x10007dec       0x18 c:/maximsdk/tools/gnutools/10.3/bin/../lib/gcc/arm-none-eabi/10.3.1/../../../../arm-none-eabi/lib/thumb/v7e-m+fp/softfp\libc.a(lib_a-vfiprintf.o)
                0x10007dec                __sprint_r
 .text._vfiprintf_r
                0x10007e04      0xdfc c:/maximsdk/tools/gnutools/10.3/bin/../lib/gcc/arm-none-eabi/10.3.1/../../../../arm-none-eabi/lib/thumb/v7e-m+fp/softfp\libc.a(lib_a-vfiprintf.o)
                0x10007e04                _vfiprintf_r
 .text.__sbprintf
                0x10008c00       0x80 c:/maximsdk/tools/gnutools/10.3/bin/../lib/gcc/arm-none-eabi/10.3.1/../../../../arm-none-eabi/lib/thumb/v7e-m+fp/softfp\libc.a(lib_a-vfiprintf.o)
 .text._write_r
                0x10008c80       0x2c c:/maximsdk/tools/gnutools/10.3/bin/../lib/gcc/arm-none-eabi/10.3.1/../../../../arm-none-eabi/lib/thumb/v7e-m+fp/softfp\libc.a(lib_a-writer.o)
                0x10008c80                _write_r
 .text.__register_exitproc
                0x10008cac       0x8c c:/maximsdk/tools/gnutools/10.3/bin/../lib/gcc/arm-none-eabi/10.3.1/../../../../arm-none-eabi/lib/thumb/v7e-m+fp/softfp\libc.a(lib_a-__atexit.o)
                0x10008cac                __register_exitproc
 .text.__assert_func
                0x10008d38       0x40 c:/maximsdk/tools/gnutools/10.3/bin/../lib/gcc/arm-none-eabi/10.3.1/../../../../arm-none-eabi/lib/thumb/v7e-m+fp/softfp\libc.a(lib_a-assert.o)
                0x10008d38                __assert_func
 .text._calloc_r
                0x10008d78       0x78 c:/maximsdk/tools/gnutools/10.3/bin/../lib/gcc/arm-none-eabi/10.3.1/../../../../arm-none-eabi/lib/thumb/v7e-m+fp/softfp\libc.a(lib_a-callocr.o)
                0x10008d78                _calloc_r
 .text._close_r
                0x10008df0       0x24 c:/maximsdk/tools/gnutools/10.3/bin/../lib/gcc/arm-none-eabi/10.3.1/../../../../arm-none-eabi/lib/thumb/v7e-m+fp/softfp\libc.a(lib_a-closer.o)
                0x10008df0                _close_r
 .text._fclose_r
                0x10008e14       0xcc c:/maximsdk/tools/gnutools/10.3/bin/../lib/gcc/arm-none-eabi/10.3.1/../../../../arm-none-eabi/lib/thumb/v7e-m+fp/softfp\libc.a(lib_a-fclose.o)
                0x10008e14                _fclose_r
 .text.fiprintf
                0x10008ee0       0x28 c:/maximsdk/tools/gnutools/10.3/bin/../lib/gcc/arm-none-eabi/10.3.1/../../../../arm-none-eabi/lib/thumb/v7e-m+fp/softfp\libc.a(lib_a-fiprintf.o)
                0x10008ee0                fiprintf
 .text.__fputwc
                0x10008f08       0xa8 c:/maximsdk/tools/gnutools/10.3/bin/../lib/gcc/arm-none-eabi/10.3.1/../../../../arm-none-eabi/lib/thumb/v7e-m+fp/softfp\libc.a(lib_a-fputwc.o)
                0x10008f08                __fputwc
 .text._fputwc_r
                0x10008fb0       0x68 c:/maximsdk/tools/gnutools/10.3/bin/../lib/gcc/arm-none-eabi/10.3.1/../../../../arm-none-eabi/lib/thumb/v7e-m+fp/softfp\libc.a(lib_a-fputwc.o)
                0x10008fb0                _fputwc_r
 .text._fstat_r
                0x10009018       0x2c c:/maximsdk/tools/gnutools/10.3/bin/../lib/gcc/arm-none-eabi/10.3.1/../../../../arm-none-eabi/lib/thumb/v7e-m+fp/softfp\libc.a(lib_a-fstatr.o)
                0x10009018                _fstat_r
 .text._isatty_r
                0x10009044       0x24 c:/maximsdk/tools/gnutools/10.3/bin/../lib/gcc/arm-none-eabi/10.3.1/../../../../arm-none-eabi/lib/thumb/v7e-m+fp/softfp\libc.a(lib_a-isattyr.o)
                0x10009044                _isatty_r
 .text.__locale_mb_cur_max
                0x10009068        0xc c:/maximsdk/tools/gnutools/10.3/bin/../lib/gcc/arm-none-eabi/10.3.1/../../../../arm-none-eabi/lib/thumb/v7e-m+fp/softfp\libc.a(lib_a-locale.o)
                0x10009068                __locale_mb_cur_max
 .text._lseek_r
                0x10009074       0x2c c:/maximsdk/tools/gnutools/10.3/bin/../lib/gcc/arm-none-eabi/10.3.1/../../../../arm-none-eabi/lib/thumb/v7e-m+fp/softfp\libc.a(lib_a-lseekr.o)
                0x10009074                _lseek_r
 .text.__ascii_mbtowc
                0x100090a0       0x2c c:/maximsdk/tools/gnutools/10.3/bin/../lib/gcc/arm-none-eabi/10.3.1/../../../../arm-none-eabi/lib/thumb/v7e-m+fp/softfp\libc.a(lib_a-mbtowc_r.o)
                0x100090a0                __ascii_mbtowc
 .text._read_r  0x100090cc       0x2c c:/maximsdk/tools/gnutools/10.3/bin/../lib/gcc/arm-none-eabi/10.3.1/../../../../arm-none-eabi/lib/thumb/v7e-m+fp/softfp\libc.a(lib_a-readr.o)
                0x100090cc                _read_r
 .text.__swbuf_r
                0x100090f8       0xb0 c:/maximsdk/tools/gnutools/10.3/bin/../lib/gcc/arm-none-eabi/10.3.1/../../../../arm-none-eabi/lib/thumb/v7e-m+fp/softfp\libc.a(lib_a-wbuf.o)
                0x100090f8                __swbuf_r
 .text._wcrtomb_r
                0x100091a8       0x3c c:/maximsdk/tools/gnutools/10.3/bin/../lib/gcc/arm-none-eabi/10.3.1/../../../../arm-none-eabi/lib/thumb/v7e-m+fp/softfp\libc.a(lib_a-wcrtomb.o)
                0x100091a8                _wcrtomb_r
 .text.__ascii_wctomb
                0x100091e4       0x1c c:/maximsdk/tools/gnutools/10.3/bin/../lib/gcc/arm-none-eabi/10.3.1/../../../../arm-none-eabi/lib/thumb/v7e-m+fp/softfp\libc.a(lib_a-wctomb_r.o)
                0x100091e4                __ascii_wctomb
 .text.abort    0x10009200       0x10 c:/maximsdk/tools/gnutools/10.3/bin/../lib/gcc/arm-none-eabi/10.3.1/../../../../arm-none-eabi/lib/thumb/v7e-m+fp/softfp\libc.a(lib_a-abort.o)
                0x10009200                abort
 .text.raise    0x10009210       0x5c c:/maximsdk/tools/gnutools/10.3/bin/../lib/gcc/arm-none-eabi/10.3.1/../../../../arm-none-eabi/lib/thumb/v7e-m+fp/softfp\libc.a(lib_a-signal.o)
                0x10009210                raise
 .text._kill_r  0x1000926c       0x2c c:/maximsdk/tools/gnutools/10.3/bin/../lib/gcc/arm-none-eabi/10.3.1/../../../../arm-none-eabi/lib/thumb/v7e-m+fp/softfp\libc.a(lib_a-signalr.o)
                0x1000926c                _kill_r
 .text._getpid_r
                0x10009298        0x4 c:/maximsdk/tools/gnutools/10.3/bin/../lib/gcc/arm-none-eabi/10.3.1/../../../../arm-none-eabi/lib/thumb/v7e-m+fp/softfp\libc.a(lib_a-signalr.o)
                0x10009298                _getpid_r
 .text._getpid  0x1000929c       0x10 c:/maximsdk/tools/gnutools/10.3/bin/../lib/gcc/arm-none-eabi/10.3.1/../../../../arm-none-eabi/lib/thumb/v7e-m+fp/softfp\libnosys.a(getpid.o)
                0x1000929c                _getpid
 .text._kill    0x100092ac       0x10 c:/maximsdk/tools/gnutools/10.3/bin/../lib/gcc/arm-none-eabi/10.3.1/../../../../arm-none-eabi/lib/thumb/v7e-m+fp/softfp\libnosys.a(kill.o)
                0x100092ac                _kill
 .text._exit    0x100092bc        0x4 c:/maximsdk/tools/gnutools/10.3/bin/../lib/gcc/arm-none-eabi/10.3.1/../../../../arm-none-eabi/lib/thumb/v7e-m+fp/softfp\libnosys.a(_exit.o)
                0x100092bc                _exit
 .text          0x100092c0      0x378 c:/maximsdk/tools/gnutools/10.3/bin/../lib/gcc/arm-none-eabi/10.3.1/thumb/v7e-m+fp/softfp\libgcc.a(_arm_addsubdf3.o)
                0x100092c0                __aeabi_drsub
                0x100092c8                __aeabi_dsub
                0x100092c8                __subdf3
                0x100092cc                __aeabi_dadd
                0x100092cc                __adddf3
                0x10009544                __floatunsidf
                0x10009544                __aeabi_ui2d
                0x10009564                __floatsidf
                0x10009564                __aeabi_i2d
                0x10009588                __aeabi_f2d
                0x10009588                __extendsfdf2
                0x100095cc                __floatundidf
                0x100095cc                __aeabi_ul2d
                0x100095dc                __floatdidf
                0x100095dc                __aeabi_l2d
 .text          0x10009638      0x424 c:/maximsdk/tools/gnutools/10.3/bin/../lib/gcc/arm-none-eabi/10.3.1/thumb/v7e-m+fp/softfp\libgcc.a(_arm_muldivdf3.o)
                0x10009638                __aeabi_dmul
                0x10009638                __muldf3
                0x1000988c                __divdf3
                0x1000988c                __aeabi_ddiv
 .text          0x10009a5c      0x110 c:/maximsdk/tools/gnutools/10.3/bin/../lib/gcc/arm-none-eabi/10.3.1/thumb/v7e-m+fp/softfp\libgcc.a(_arm_cmpdf2.o)
                0x10009a5c                __gtdf2
                0x10009a5c                __gedf2
                0x10009a64                __ltdf2
                0x10009a64                __ledf2
                0x10009a6c                __nedf2
                0x10009a6c                __eqdf2
                0x10009a6c                __cmpdf2
                0x10009ae8                __aeabi_cdrcmple
                0x10009af8                __aeabi_cdcmpeq
                0x10009af8                __aeabi_cdcmple
                0x10009b08                __aeabi_dcmpeq
                0x10009b1c                __aeabi_dcmplt
                0x10009b30                __aeabi_dcmple
                0x10009b44                __aeabi_dcmpge
                0x10009b58                __aeabi_dcmpgt
 .text          0x10009b6c       0x2c c:/maximsdk/tools/gnutools/10.3/bin/../lib/gcc/arm-none-eabi/10.3.1/thumb/v7e-m+fp/softfp\libgcc.a(_arm_unorddf2.o)
                0x10009b6c                __unorddf2
                0x10009b6c                __aeabi_dcmpun
 .text          0x10009b98       0x50 c:/maximsdk/tools/gnutools/10.3/bin/../lib/gcc/arm-none-eabi/10.3.1/thumb/v7e-m+fp/softfp\libgcc.a(_arm_fixdfsi.o)
                0x10009b98                __aeabi_d2iz
                0x10009b98                __fixdfsi
 .text          0x10009be8       0xa0 c:/maximsdk/tools/gnutools/10.3/bin/../lib/gcc/arm-none-eabi/10.3.1/thumb/v7e-m+fp/softfp\libgcc.a(_aeabi_ldivmod.o)
                0x10009be8                __aeabi_ldivmod
 .text          0x10009c88       0x30 c:/maximsdk/tools/gnutools/10.3/bin/../lib/gcc/arm-none-eabi/10.3.1/thumb/v7e-m+fp/softfp\libgcc.a(_aeabi_uldivmod.o)
                0x10009c88                __aeabi_uldivmod
 .text          0x10009cb8      0x2d0 c:/maximsdk/tools/gnutools/10.3/bin/../lib/gcc/arm-none-eabi/10.3.1/thumb/v7e-m+fp/softfp\libgcc.a(_udivmoddi4.o)
                0x10009cb8                __udivmoddi4
 .text          0x10009f88        0x4 c:/maximsdk/tools/gnutools/10.3/bin/../lib/gcc/arm-none-eabi/10.3.1/thumb/v7e-m+fp/softfp\libgcc.a(_dvmd_tls.o)
                0x10009f88                __aeabi_idiv0
                0x10009f88                __aeabi_ldiv0
 *(.rodata*)
 .rodata.fail.str1.4
                0x10009f8c        0xf C:/Users/p_hae/Documents/_Code/KeyWordSpotting_on_MAX78000/leftandright/1D/test/kws20v2/build/main.o
 *fill*         0x10009f9b        0x1 
 .rodata.check_output.str1.4
                0x10009f9c       0x48 C:/Users/p_hae/Documents/_Code/KeyWordSpotting_on_MAX78000/leftandright/1D/test/kws20v2/build/main.o
 .rodata.main.str1.4
                0x10009fe4       0x98 C:/Users/p_hae/Documents/_Code/KeyWordSpotting_on_MAX78000/leftandright/1D/test/kws20v2/build/main.o
 .rodata.input_0
                0x1000a07c      0x200 C:/Users/p_hae/Documents/_Code/KeyWordSpotting_on_MAX78000/leftandright/1D/test/kws20v2/build/main.o
 .rodata.input_12
                0x1000a27c      0x200 C:/Users/p_hae/Documents/_Code/KeyWordSpotting_on_MAX78000/leftandright/1D/test/kws20v2/build/main.o
 .rodata.input_16
                0x1000a47c      0x200 C:/Users/p_hae/Documents/_Code/KeyWordSpotting_on_MAX78000/leftandright/1D/test/kws20v2/build/main.o
 .rodata.input_20
                0x1000a67c      0x200 C:/Users/p_hae/Documents/_Code/KeyWordSpotting_on_MAX78000/leftandright/1D/test/kws20v2/build/main.o
 .rodata.input_24
                0x1000a87c      0x200 C:/Users/p_hae/Documents/_Code/KeyWordSpotting_on_MAX78000/leftandright/1D/test/kws20v2/build/main.o
 .rodata.input_28
                0x1000aa7c      0x200 C:/Users/p_hae/Documents/_Code/KeyWordSpotting_on_MAX78000/leftandright/1D/test/kws20v2/build/main.o
 .rodata.input_32
                0x1000ac7c      0x200 C:/Users/p_hae/Documents/_Code/KeyWordSpotting_on_MAX78000/leftandright/1D/test/kws20v2/build/main.o
 .rodata.input_36
                0x1000ae7c      0x200 C:/Users/p_hae/Documents/_Code/KeyWordSpotting_on_MAX78000/leftandright/1D/test/kws20v2/build/main.o
 .rodata.input_4
                0x1000b07c      0x200 C:/Users/p_hae/Documents/_Code/KeyWordSpotting_on_MAX78000/leftandright/1D/test/kws20v2/build/main.o
 .rodata.input_40
                0x1000b27c      0x200 C:/Users/p_hae/Documents/_Code/KeyWordSpotting_on_MAX78000/leftandright/1D/test/kws20v2/build/main.o
 .rodata.input_44
                0x1000b47c      0x200 C:/Users/p_hae/Documents/_Code/KeyWordSpotting_on_MAX78000/leftandright/1D/test/kws20v2/build/main.o
 .rodata.input_48
                0x1000b67c      0x200 C:/Users/p_hae/Documents/_Code/KeyWordSpotting_on_MAX78000/leftandright/1D/test/kws20v2/build/main.o
 .rodata.input_52
                0x1000b87c      0x200 C:/Users/p_hae/Documents/_Code/KeyWordSpotting_on_MAX78000/leftandright/1D/test/kws20v2/build/main.o
 .rodata.input_56
                0x1000ba7c      0x200 C:/Users/p_hae/Documents/_Code/KeyWordSpotting_on_MAX78000/leftandright/1D/test/kws20v2/build/main.o
 .rodata.input_60
                0x1000bc7c      0x200 C:/Users/p_hae/Documents/_Code/KeyWordSpotting_on_MAX78000/leftandright/1D/test/kws20v2/build/main.o
 .rodata.input_8
                0x1000be7c      0x200 C:/Users/p_hae/Documents/_Code/KeyWordSpotting_on_MAX78000/leftandright/1D/test/kws20v2/build/main.o
 .rodata.sample_output
                0x1000c07c       0x1c C:/Users/p_hae/Documents/_Code/KeyWordSpotting_on_MAX78000/leftandright/1D/test/kws20v2/build/main.o
 .rodata.kernels
                0x1000c098    0x5acc4 C:/Users/p_hae/Documents/_Code/KeyWordSpotting_on_MAX78000/leftandright/1D/test/kws20v2/build/cnn.o
 .rodata.mxc_assert.str1.4
                0x10066d5c       0x19 C:/Users/p_hae/Documents/_Code/KeyWordSpotting_on_MAX78000/leftandright/1D/test/kws20v2/build/board.o
 *fill*         0x10066d75        0x3 
 .rodata.Board_Init.str1.4
                0x10066d78       0x45 C:/Users/p_hae/Documents/_Code/KeyWordSpotting_on_MAX78000/leftandright/1D/test/kws20v2/build/board.o
 *fill*         0x10066dbd        0x3 
 .rodata        0x10066dc0       0x54 C:/Users/p_hae/Documents/_Code/KeyWordSpotting_on_MAX78000/leftandright/1D/test/kws20v2/build/board.o
 .rodata.led_pin
                0x10066e14       0x18 C:/Users/p_hae/Documents/_Code/KeyWordSpotting_on_MAX78000/leftandright/1D/test/kws20v2/build/board.o
                0x10066e14                led_pin
 .rodata.num_leds
                0x10066e2c        0x4 C:/Users/p_hae/Documents/_Code/KeyWordSpotting_on_MAX78000/leftandright/1D/test/kws20v2/build/board.o
                0x10066e2c                num_leds
 .rodata.num_pbs
                0x10066e30        0x4 C:/Users/p_hae/Documents/_Code/KeyWordSpotting_on_MAX78000/leftandright/1D/test/kws20v2/build/board.o
                0x10066e30                num_pbs
 .rodata.pb_pin
                0x10066e34       0x18 C:/Users/p_hae/Documents/_Code/KeyWordSpotting_on_MAX78000/leftandright/1D/test/kws20v2/build/board.o
                0x10066e34                pb_pin
 .rodata.LED_On.str1.4
                0x10066e4c       0x5f C:/Users/p_hae/Documents/_Code/KeyWordSpotting_on_MAX78000/leftandright/1D/test/kws20v2/build/led.o
 *fill*         0x10066eab        0x1 
 .rodata.gpio_cfg_tmr0
                0x10066eac        0xc C:/MaximSDK/Libraries/PeriphDrivers/bin/MAX78000/softfp/libPeriphDriver_softfp.a(pins_ai85.o)
                0x10066eac                gpio_cfg_tmr0
 .rodata.gpio_cfg_tmr0b
                0x10066eb8        0xc C:/MaximSDK/Libraries/PeriphDrivers/bin/MAX78000/softfp/libPeriphDriver_softfp.a(pins_ai85.o)
                0x10066eb8                gpio_cfg_tmr0b
 .rodata.gpio_cfg_tmr1
                0x10066ec4        0xc C:/MaximSDK/Libraries/PeriphDrivers/bin/MAX78000/softfp/libPeriphDriver_softfp.a(pins_ai85.o)
                0x10066ec4                gpio_cfg_tmr1
 .rodata.gpio_cfg_tmr1b
                0x10066ed0        0xc C:/MaximSDK/Libraries/PeriphDrivers/bin/MAX78000/softfp/libPeriphDriver_softfp.a(pins_ai85.o)
                0x10066ed0                gpio_cfg_tmr1b
 .rodata.gpio_cfg_tmr2
                0x10066edc        0xc C:/MaximSDK/Libraries/PeriphDrivers/bin/MAX78000/softfp/libPeriphDriver_softfp.a(pins_ai85.o)
                0x10066edc                gpio_cfg_tmr2
 .rodata.gpio_cfg_tmr2b
                0x10066ee8        0xc C:/MaximSDK/Libraries/PeriphDrivers/bin/MAX78000/softfp/libPeriphDriver_softfp.a(pins_ai85.o)
                0x10066ee8                gpio_cfg_tmr2b
 .rodata.gpio_cfg_tmr3
                0x10066ef4        0xc C:/MaximSDK/Libraries/PeriphDrivers/bin/MAX78000/softfp/libPeriphDriver_softfp.a(pins_ai85.o)
                0x10066ef4                gpio_cfg_tmr3
 .rodata.gpio_cfg_tmr3b
                0x10066f00        0xc C:/MaximSDK/Libraries/PeriphDrivers/bin/MAX78000/softfp/libPeriphDriver_softfp.a(pins_ai85.o)
                0x10066f00                gpio_cfg_tmr3b
 .rodata.gpio_cfg_tmr4
                0x10066f0c        0xc C:/MaximSDK/Libraries/PeriphDrivers/bin/MAX78000/softfp/libPeriphDriver_softfp.a(pins_ai85.o)
                0x10066f0c                gpio_cfg_tmr4
 .rodata.gpio_cfg_tmr5
                0x10066f18        0xc C:/MaximSDK/Libraries/PeriphDrivers/bin/MAX78000/softfp/libPeriphDriver_softfp.a(pins_ai85.o)
                0x10066f18                gpio_cfg_tmr5
 .rodata.gpio_cfg_uart0
                0x10066f24        0xc C:/MaximSDK/Libraries/PeriphDrivers/bin/MAX78000/softfp/libPeriphDriver_softfp.a(pins_ai85.o)
                0x10066f24                gpio_cfg_uart0
 .rodata.gpio_cfg_uart1
                0x10066f30        0xc C:/MaximSDK/Libraries/PeriphDrivers/bin/MAX78000/softfp/libPeriphDriver_softfp.a(pins_ai85.o)
                0x10066f30                gpio_cfg_uart1
 .rodata.gpio_cfg_uart2
                0x10066f3c        0xc C:/MaximSDK/Libraries/PeriphDrivers/bin/MAX78000/softfp/libPeriphDriver_softfp.a(pins_ai85.o)
                0x10066f3c                gpio_cfg_uart2
 .rodata.gpio_cfg_uart3
                0x10066f48        0xc C:/MaximSDK/Libraries/PeriphDrivers/bin/MAX78000/softfp/libPeriphDriver_softfp.a(pins_ai85.o)
                0x10066f48                gpio_cfg_uart3
 .rodata.MXC_TMR_Init.str1.4
                0x10066f54       0x50 C:/MaximSDK/Libraries/PeriphDrivers/bin/MAX78000/softfp/libPeriphDriver_softfp.a(tmr_ai85.o)
 .rodata.MXC_TMR_RevB_ConfigGeneric.str1.4
                0x10066fa4       0x43 C:/MaximSDK/Libraries/PeriphDrivers/bin/MAX78000/softfp/libPeriphDriver_softfp.a(tmr_revb.o)
                                 0x50 (size before relaxing)
 *fill*         0x10066fe7        0x1 
 .rodata.MXC_GPIO_Common_Handler.str1.4
                0x10066fe8       0x66 C:/MaximSDK/Libraries/PeriphDrivers/bin/MAX78000/softfp/libPeriphDriver_softfp.a(gpio_common.o)
 *fill*         0x1006704e        0x2 
 .rodata._global_impure_ptr
                0x10067050        0x4 c:/maximsdk/tools/gnutools/10.3/bin/../lib/gcc/arm-none-eabi/10.3.1/../../../../arm-none-eabi/lib/thumb/v7e-m+fp/softfp\libc.a(lib_a-impure.o)
                0x10067050                _global_impure_ptr
 .rodata._puts_r.str1.4
                0x10067054        0x2 c:/maximsdk/tools/gnutools/10.3/bin/../lib/gcc/arm-none-eabi/10.3.1/../../../../arm-none-eabi/lib/thumb/v7e-m+fp/softfp\libc.a(lib_a-puts.o)
 *fill*         0x10067056        0x2 
 .rodata._vfprintf_r.str1.4
                0x10067058       0x42 c:/maximsdk/tools/gnutools/10.3/bin/../lib/gcc/arm-none-eabi/10.3.1/../../../../arm-none-eabi/lib/thumb/v7e-m+fp/softfp\libc.a(lib_a-vfprintf.o)
 *fill*         0x1006709a        0x2 
 .rodata.blanks.1
                0x1006709c       0x10 c:/maximsdk/tools/gnutools/10.3/bin/../lib/gcc/arm-none-eabi/10.3.1/../../../../arm-none-eabi/lib/thumb/v7e-m+fp/softfp\libc.a(lib_a-vfprintf.o)
 .rodata.zeroes.0
                0x100670ac       0x10 c:/maximsdk/tools/gnutools/10.3/bin/../lib/gcc/arm-none-eabi/10.3.1/../../../../arm-none-eabi/lib/thumb/v7e-m+fp/softfp\libc.a(lib_a-vfprintf.o)
 .rodata._dtoa_r.str1.4
                0x100670bc       0xa2 c:/maximsdk/tools/gnutools/10.3/bin/../lib/gcc/arm-none-eabi/10.3.1/../../../../arm-none-eabi/lib/thumb/v7e-m+fp/softfp\libc.a(lib_a-dtoa.o)
                                 0xa6 (size before relaxing)
 *fill*         0x1006715e        0x2 
 .rodata.__multadd.str1.4
                0x10067160       0x7f c:/maximsdk/tools/gnutools/10.3/bin/../lib/gcc/arm-none-eabi/10.3.1/../../../../arm-none-eabi/lib/thumb/v7e-m+fp/softfp\libc.a(lib_a-mprec.o)
                                 0x93 (size before relaxing)
 *fill*         0x100671df        0x1 
 .rodata.__mprec_bigtens
                0x100671e0       0x28 c:/maximsdk/tools/gnutools/10.3/bin/../lib/gcc/arm-none-eabi/10.3.1/../../../../arm-none-eabi/lib/thumb/v7e-m+fp/softfp\libc.a(lib_a-mprec.o)
                0x100671e0                __mprec_bigtens
 .rodata.__mprec_tens
                0x10067208       0xc8 c:/maximsdk/tools/gnutools/10.3/bin/../lib/gcc/arm-none-eabi/10.3.1/../../../../arm-none-eabi/lib/thumb/v7e-m+fp/softfp\libc.a(lib_a-mprec.o)
                0x10067208                __mprec_tens
 .rodata.p05.0  0x100672d0        0xc c:/maximsdk/tools/gnutools/10.3/bin/../lib/gcc/arm-none-eabi/10.3.1/../../../../arm-none-eabi/lib/thumb/v7e-m+fp/softfp\libc.a(lib_a-mprec.o)
 .rodata._vfiprintf_r.str1.4
                0x100672dc       0x2f c:/maximsdk/tools/gnutools/10.3/bin/../lib/gcc/arm-none-eabi/10.3.1/../../../../arm-none-eabi/lib/thumb/v7e-m+fp/softfp\libc.a(lib_a-vfiprintf.o)
 .rodata.blanks.1
                0x100672dc       0x10 c:/maximsdk/tools/gnutools/10.3/bin/../lib/gcc/arm-none-eabi/10.3.1/../../../../arm-none-eabi/lib/thumb/v7e-m+fp/softfp\libc.a(lib_a-vfiprintf.o)
 .rodata.zeroes.0
                0x100672ec       0x10 c:/maximsdk/tools/gnutools/10.3/bin/../lib/gcc/arm-none-eabi/10.3.1/../../../../arm-none-eabi/lib/thumb/v7e-m+fp/softfp\libc.a(lib_a-vfiprintf.o)
 .rodata.__assert_func.str1.4
                0x100672fc       0x3f c:/maximsdk/tools/gnutools/10.3/bin/../lib/gcc/arm-none-eabi/10.3.1/../../../../arm-none-eabi/lib/thumb/v7e-m+fp/softfp\libc.a(lib_a-assert.o)
                                 0x43 (size before relaxing)
 *fill*         0x1006733b        0x1 
 .rodata._setlocale_r.str1.4
                0x1006733c        0xa c:/maximsdk/tools/gnutools/10.3/bin/../lib/gcc/arm-none-eabi/10.3.1/../../../../arm-none-eabi/lib/thumb/v7e-m+fp/softfp\libc.a(lib_a-locale.o)
                                  0xd (size before relaxing)
 *fill*         0x10067346        0x2 
 .rodata.str1.4
                0x10067348        0x2 c:/maximsdk/tools/gnutools/10.3/bin/../lib/gcc/arm-none-eabi/10.3.1/../../../../arm-none-eabi/lib/thumb/v7e-m+fp/softfp\libc.a(lib_a-locale.o)
 *fill*         0x1006734a        0x2 
 .rodata._ctype_
                0x1006734c      0x101 c:/maximsdk/tools/gnutools/10.3/bin/../lib/gcc/arm-none-eabi/10.3.1/../../../../arm-none-eabi/lib/thumb/v7e-m+fp/softfp\libc.a(lib_a-ctype_.o)
                0x1006734c                _ctype_
 *(.init)
 *fill*         0x1006744d        0x3 
 .init          0x10067450        0x4 c:/maximsdk/tools/gnutools/10.3/bin/../lib/gcc/arm-none-eabi/10.3.1/thumb/v7e-m+fp/softfp/crti.o
                0x10067450                _init
 .init          0x10067454        0x8 c:/maximsdk/tools/gnutools/10.3/bin/../lib/gcc/arm-none-eabi/10.3.1/thumb/v7e-m+fp/softfp/crtn.o
 *(.fini)
 .fini          0x1006745c        0x4 c:/maximsdk/tools/gnutools/10.3/bin/../lib/gcc/arm-none-eabi/10.3.1/thumb/v7e-m+fp/softfp/crti.o
                0x1006745c                _fini
 .fini          0x10067460        0x8 c:/maximsdk/tools/gnutools/10.3/bin/../lib/gcc/arm-none-eabi/10.3.1/thumb/v7e-m+fp/softfp/crtn.o
 *(.eh_frame*)
 .eh_frame      0x10067468        0x0 c:/maximsdk/tools/gnutools/10.3/bin/../lib/gcc/arm-none-eabi/10.3.1/thumb/v7e-m+fp/softfp/crtbegin.o
 .eh_frame      0x10067468        0x4 c:/maximsdk/tools/gnutools/10.3/bin/../lib/gcc/arm-none-eabi/10.3.1/thumb/v7e-m+fp/softfp/crtend.o
                0x1006746c                _etext = .

.glue_7         0x1006746c        0x0
 .glue_7        0x1006746c        0x0 linker stubs

.glue_7t        0x1006746c        0x0
 .glue_7t       0x1006746c        0x0 linker stubs

.vfp11_veneer   0x1006746c        0x0
 .vfp11_veneer  0x1006746c        0x0 linker stubs

.v4_bx          0x1006746c        0x0
 .v4_bx         0x1006746c        0x0 linker stubs

.iplt           0x1006746c        0x0
 .iplt          0x1006746c        0x0 c:/maximsdk/tools/gnutools/10.3/bin/../lib/gcc/arm-none-eabi/10.3.1/thumb/v7e-m+fp/softfp/crtbegin.o

.bin_storage    0x1006746c        0x0
 FILL mask 0xff
                0x1006746c                _bin_start_ = .
 *(.bin_storage_img)
                0x1006746c                _bin_end_ = .
                0x1006746c                . = ALIGN (0x4)

.rom_code       0x00000000        0x0
                0x00000000                . = ALIGN (0x10)
                0x20000000                _sran_code = .
 *(.rom_code_section)
                0x20000000                _esran_code = .

.flash_code     0x1006746c        0x4
                0x10067470                . = ALIGN (0x10)
 *fill*         0x1006746c        0x4 
                0x20000000                _sran_code = .
 *(.flash_code_section)
                0x20000000                _esran_code = .

.sram_code      0x20000000        0x0
                0x20000000                . = ALIGN (0x10)
                0x20000000                _sran_code = .
 *(.sram_code_section)
                0x20000000                _esran_code = .

.ARM.exidx      0x10067470        0x8
                0x10067470                __exidx_start = .
 *(.ARM.exidx*)
 .ARM.exidx     0x10067470        0x8 c:/maximsdk/tools/gnutools/10.3/bin/../lib/gcc/arm-none-eabi/10.3.1/thumb/v7e-m+fp/softfp\libgcc.a(_udivmoddi4.o)
                0x10067478                __exidx_end = .

.rel.dyn        0x10067478        0x0
 .rel.iplt      0x10067478        0x0 c:/maximsdk/tools/gnutools/10.3/bin/../lib/gcc/arm-none-eabi/10.3.1/thumb/v7e-m+fp/softfp/crtbegin.o

.data           0x20000000      0x9c4 load address 0x10067478
                0x20000000                _data = ALIGN (., 0x4)
 *(.data*)
 .data.ConsoleUart
                0x20000000        0x4 C:/Users/p_hae/Documents/_Code/KeyWordSpotting_on_MAX78000/leftandright/1D/test/kws20v2/build/board.o
                0x20000000                ConsoleUart
 .data.overflows
                0x20000004        0x4 C:/MaximSDK/Libraries/PeriphDrivers/bin/MAX78000/softfp/libPeriphDriver_softfp.a(mxc_delay.o)
 .data._impure_ptr
                0x20000008        0x4 c:/maximsdk/tools/gnutools/10.3/bin/../lib/gcc/arm-none-eabi/10.3.1/../../../../arm-none-eabi/lib/thumb/v7e-m+fp/softfp\libc.a(lib_a-impure.o)
                0x20000008                _impure_ptr
 *fill*         0x2000000c        0x4 
 .data.impure_data
                0x20000010      0x428 c:/maximsdk/tools/gnutools/10.3/bin/../lib/gcc/arm-none-eabi/10.3.1/../../../../arm-none-eabi/lib/thumb/v7e-m+fp/softfp\libc.a(lib_a-impure.o)
 .data.__malloc_av_
                0x20000438      0x408 c:/maximsdk/tools/gnutools/10.3/bin/../lib/gcc/arm-none-eabi/10.3.1/../../../../arm-none-eabi/lib/thumb/v7e-m+fp/softfp\libc.a(lib_a-mallocr.o)
                0x20000438                __malloc_av_
 .data.__malloc_sbrk_base
                0x20000840        0x4 c:/maximsdk/tools/gnutools/10.3/bin/../lib/gcc/arm-none-eabi/10.3.1/../../../../arm-none-eabi/lib/thumb/v7e-m+fp/softfp\libc.a(lib_a-mallocr.o)
                0x20000840                __malloc_sbrk_base
 .data.__malloc_trim_threshold
                0x20000844        0x4 c:/maximsdk/tools/gnutools/10.3/bin/../lib/gcc/arm-none-eabi/10.3.1/../../../../arm-none-eabi/lib/thumb/v7e-m+fp/softfp\libc.a(lib_a-mallocr.o)
                0x20000844                __malloc_trim_threshold
 .data.__atexit_recursive_mutex
                0x20000848        0x4 c:/maximsdk/tools/gnutools/10.3/bin/../lib/gcc/arm-none-eabi/10.3.1/../../../../arm-none-eabi/lib/thumb/v7e-m+fp/softfp\libc.a(lib_a-__call_atexit.o)
                0x20000848                __atexit_recursive_mutex
 .data.__global_locale
                0x2000084c      0x16c c:/maximsdk/tools/gnutools/10.3/bin/../lib/gcc/arm-none-eabi/10.3.1/../../../../arm-none-eabi/lib/thumb/v7e-m+fp/softfp\libc.a(lib_a-locale.o)
                0x2000084c                __global_locale
 *(.flashprog*)
                0x200009b8                . = ALIGN (0x4)
                0x200009b8                PROVIDE (__preinit_array_start = .)
 *(.preinit_array)
                0x200009b8                PROVIDE (__preinit_array_end = .)
                0x200009b8                . = ALIGN (0x4)
                0x200009b8                PROVIDE (__init_array_start = .)
 *(SORT_BY_NAME(.init_array.*))
 .init_array.00000
                0x200009b8        0x4 c:/maximsdk/tools/gnutools/10.3/bin/../lib/gcc/arm-none-eabi/10.3.1/../../../../arm-none-eabi/lib/thumb/v7e-m+fp/softfp\libc.a(lib_a-__call_atexit.o)
 *(.init_array)
 .init_array    0x200009bc        0x4 c:/maximsdk/tools/gnutools/10.3/bin/../lib/gcc/arm-none-eabi/10.3.1/thumb/v7e-m+fp/softfp/crtbegin.o
                0x200009c0                PROVIDE (__init_array_end = .)
                0x200009c0                . = ALIGN (0x4)
                0x200009c0                PROVIDE (__fini_array_start = .)
 *(SORT_BY_NAME(.fini_array.*))
 *(.fini_array)
 .fini_array    0x200009c0        0x4 c:/maximsdk/tools/gnutools/10.3/bin/../lib/gcc/arm-none-eabi/10.3.1/thumb/v7e-m+fp/softfp/crtbegin.o
                0x200009c4                PROVIDE (__fini_array_end = .)
                0x200009c4                _edata = ALIGN (., 0x4)
                0x10067478                __load_data = LOADADDR (.data)

.igot.plt       0x200009c4        0x0 load address 0x10067e3c
 .igot.plt      0x200009c4        0x0 c:/maximsdk/tools/gnutools/10.3/bin/../lib/gcc/arm-none-eabi/10.3.1/thumb/v7e-m+fp/softfp/crtbegin.o

.bss            0x20000a00      0x82c load address 0x10067e3c
                0x20000a00                . = ALIGN (0x4)
                0x20000a00                _bss = .
 *(.bss*)
 .bss           0x20000a00       0x1c c:/maximsdk/tools/gnutools/10.3/bin/../lib/gcc/arm-none-eabi/10.3.1/thumb/v7e-m+fp/softfp/crtbegin.o
 .bss.cnn_time  0x20000a1c        0x4 C:/Users/p_hae/Documents/_Code/KeyWordSpotting_on_MAX78000/leftandright/1D/test/kws20v2/build/main.o
                0x20000a1c                cnn_time
 .bss.ml_data   0x20000a20        0xc C:/Users/p_hae/Documents/_Code/KeyWordSpotting_on_MAX78000/leftandright/1D/test/kws20v2/build/main.o
 .bss.ml_softmax
                0x20000a2c        0x6 C:/Users/p_hae/Documents/_Code/KeyWordSpotting_on_MAX78000/leftandright/1D/test/kws20v2/build/main.o
 *fill*         0x20000a32        0x2 
 .bss.blen_pin  0x20000a34        0xc C:/Users/p_hae/Documents/_Code/KeyWordSpotting_on_MAX78000/leftandright/1D/test/kws20v2/build/tft_ssd2119.o
 .bss.g_spi_gpio
                0x20000a40        0xc C:/Users/p_hae/Documents/_Code/KeyWordSpotting_on_MAX78000/leftandright/1D/test/kws20v2/build/tft_ssd2119.o
 .bss.reset_pin
                0x20000a4c        0xc C:/Users/p_hae/Documents/_Code/KeyWordSpotting_on_MAX78000/leftandright/1D/test/kws20v2/build/tft_ssd2119.o
 .bss.spi       0x20000a58        0x4 C:/Users/p_hae/Documents/_Code/KeyWordSpotting_on_MAX78000/leftandright/1D/test/kws20v2/build/tft_ssd2119.o
 .bss.ssel      0x20000a5c        0x4 C:/Users/p_hae/Documents/_Code/KeyWordSpotting_on_MAX78000/leftandright/1D/test/kws20v2/build/tft_ssd2119.o
 .bss.tft_spi_freq
                0x20000a60        0x4 C:/Users/p_hae/Documents/_Code/KeyWordSpotting_on_MAX78000/leftandright/1D/test/kws20v2/build/tft_ssd2119.o
 .bss.busy_gpio
                0x20000a64        0xc C:/Users/p_hae/Documents/_Code/KeyWordSpotting_on_MAX78000/leftandright/1D/test/kws20v2/build/tsc2046.o
 .bss.int_gpio  0x20000a70        0xc C:/Users/p_hae/Documents/_Code/KeyWordSpotting_on_MAX78000/leftandright/1D/test/kws20v2/build/tsc2046.o
 .bss.heap_end  0x20000a7c        0x4 C:/Users/p_hae/Documents/_Code/KeyWordSpotting_on_MAX78000/leftandright/1D/test/kws20v2/build/heap.o
 .bss.cbFunc    0x20000a80        0x4 C:/MaximSDK/Libraries/PeriphDrivers/bin/MAX78000/softfp/libPeriphDriver_softfp.a(mxc_delay.o)
 .bss.ctrl_save
                0x20000a84        0x4 C:/MaximSDK/Libraries/PeriphDrivers/bin/MAX78000/softfp/libPeriphDriver_softfp.a(mxc_delay.o)
 .bss.endtick   0x20000a88        0x4 C:/MaximSDK/Libraries/PeriphDrivers/bin/MAX78000/softfp/libPeriphDriver_softfp.a(mxc_delay.o)
 *fill*         0x20000a8c      0x174 
 .bss.ramVectorTable
                0x20000c00      0x1e0 C:/MaximSDK/Libraries/PeriphDrivers/bin/MAX78000/softfp/libPeriphDriver_softfp.a(nvic_table.o)
 .bss.callback  0x20000de0      0x200 C:/MaximSDK/Libraries/PeriphDrivers/bin/MAX78000/softfp/libPeriphDriver_softfp.a(gpio_common.o)
 .bss.cbparam   0x20000fe0      0x200 C:/MaximSDK/Libraries/PeriphDrivers/bin/MAX78000/softfp/libPeriphDriver_softfp.a(gpio_common.o)
 .bss.initialized
                0x200011e0        0x1 C:/MaximSDK/Libraries/PeriphDrivers/bin/MAX78000/softfp/libPeriphDriver_softfp.a(gpio_common.o)
 *fill*         0x200011e1        0x3 
 .bss.__malloc_current_mallinfo
                0x200011e4       0x28 c:/maximsdk/tools/gnutools/10.3/bin/../lib/gcc/arm-none-eabi/10.3.1/../../../../arm-none-eabi/lib/thumb/v7e-m+fp/softfp\libc.a(lib_a-mallocr.o)
                0x200011e4                __malloc_current_mallinfo
 .bss.__malloc_max_sbrked_mem
                0x2000120c        0x4 c:/maximsdk/tools/gnutools/10.3/bin/../lib/gcc/arm-none-eabi/10.3.1/../../../../arm-none-eabi/lib/thumb/v7e-m+fp/softfp\libc.a(lib_a-mallocr.o)
                0x2000120c                __malloc_max_sbrked_mem
 .bss.__malloc_max_total_mem
                0x20001210        0x4 c:/maximsdk/tools/gnutools/10.3/bin/../lib/gcc/arm-none-eabi/10.3.1/../../../../arm-none-eabi/lib/thumb/v7e-m+fp/softfp\libc.a(lib_a-mallocr.o)
                0x20001210                __malloc_max_total_mem
 .bss.__malloc_top_pad
                0x20001214        0x4 c:/maximsdk/tools/gnutools/10.3/bin/../lib/gcc/arm-none-eabi/10.3.1/../../../../arm-none-eabi/lib/thumb/v7e-m+fp/softfp\libc.a(lib_a-mallocr.o)
                0x20001214                __malloc_top_pad
 .bss.__lock___atexit_recursive_mutex
                0x20001218        0x1 c:/maximsdk/tools/gnutools/10.3/bin/../lib/gcc/arm-none-eabi/10.3.1/../../../../arm-none-eabi/lib/thumb/v7e-m+fp/softfp\libc.a(lib_a-lock.o)
                0x20001218                __lock___atexit_recursive_mutex
 *fill*         0x20001219        0x3 
 .bss.__lock___malloc_recursive_mutex
                0x2000121c        0x1 c:/maximsdk/tools/gnutools/10.3/bin/../lib/gcc/arm-none-eabi/10.3.1/../../../../arm-none-eabi/lib/thumb/v7e-m+fp/softfp\libc.a(lib_a-lock.o)
                0x2000121c                __lock___malloc_recursive_mutex
 *fill*         0x2000121d        0x3 
 .bss.__lock___sfp_recursive_mutex
                0x20001220        0x1 c:/maximsdk/tools/gnutools/10.3/bin/../lib/gcc/arm-none-eabi/10.3.1/../../../../arm-none-eabi/lib/thumb/v7e-m+fp/softfp\libc.a(lib_a-lock.o)
                0x20001220                __lock___sfp_recursive_mutex
 *fill*         0x20001221        0x3 
 .bss.__lock___sinit_recursive_mutex
                0x20001224        0x1 c:/maximsdk/tools/gnutools/10.3/bin/../lib/gcc/arm-none-eabi/10.3.1/../../../../arm-none-eabi/lib/thumb/v7e-m+fp/softfp\libc.a(lib_a-lock.o)
                0x20001224                __lock___sinit_recursive_mutex
 *fill*         0x20001225        0x3 
 .bss.errno     0x20001228        0x4 c:/maximsdk/tools/gnutools/10.3/bin/../lib/gcc/arm-none-eabi/10.3.1/../../../../arm-none-eabi/lib/thumb/v7e-m+fp/softfp\libc.a(lib_a-reent.o)
                0x20001228                errno
 *(COMMON)
                0x2000122c                _ebss = ALIGN (., 0x4)

.shared         0x2000122c        0x4 load address 0x10067e3c
                0x2000122c                . = ALIGN (0x4)
                0x2000122c                _shared = .
 *(.mailbox*)
                0x2000122c                . = ALIGN (0x4)
 *(.shared*)
 .shared        0x2000122c        0x4 C:/Users/p_hae/Documents/_Code/KeyWordSpotting_on_MAX78000/leftandright/1D/test/kws20v2/build/system_max78000.o
                0x2000122c                SystemCoreClock
                0x20001230                _eshared = ALIGN (., 0x4)
                0x10067e3c                __shared_data = LOADADDR (.shared)
                0x20020000                __StackTop = (ORIGIN (SRAM) + LENGTH (SRAM))
                0x2001f000                __StackLimit = (__StackTop - SIZEOF (.stack_dummy))

.stack_dummy    0x20001230     0x1000 load address 0x10067e40
 *(.stack*)
 .stack         0x20001230     0x1000 C:/Users/p_hae/Documents/_Code/KeyWordSpotting_on_MAX78000/leftandright/1D/test/kws20v2/build/startup_max78000.o

.heap           0x20001230      0xc00 load address 0x10067e40
                0x20001230                . = ALIGN (0x4)
 *(.heap*)
 .heap          0x20001230      0xc00 C:/Users/p_hae/Documents/_Code/KeyWordSpotting_on_MAX78000/leftandright/1D/test/kws20v2/build/startup_max78000.o
                0x20001230                __HeapBase
                0x2001f000                __HeapLimit = ABSOLUTE (__StackLimit)
                0x20020000                PROVIDE (__stack = __StackTop)
                0x00000001                ASSERT ((__StackLimit >= _ebss), region RAM overflowed with stack)
OUTPUT(C:/Users/p_hae/Documents/_Code/KeyWordSpotting_on_MAX78000/leftandright/1D/test/kws20v2/build/kws20v2.elf elf32-littlearm)
LOAD linker stubs

.ARM.attributes
                0x00000000       0x2e
 .ARM.attributes
                0x00000000       0x1e c:/maximsdk/tools/gnutools/10.3/bin/../lib/gcc/arm-none-eabi/10.3.1/thumb/v7e-m+fp/softfp/crti.o
 .ARM.attributes
                0x0000001e       0x32 c:/maximsdk/tools/gnutools/10.3/bin/../lib/gcc/arm-none-eabi/10.3.1/thumb/v7e-m+fp/softfp/crtbegin.o
 .ARM.attributes
                0x00000050       0x32 C:/Users/p_hae/Documents/_Code/KeyWordSpotting_on_MAX78000/leftandright/1D/test/kws20v2/build/main.o
 .ARM.attributes
                0x00000082       0x32 C:/Users/p_hae/Documents/_Code/KeyWordSpotting_on_MAX78000/leftandright/1D/test/kws20v2/build/cnn.o
 .ARM.attributes
                0x000000b4       0x32 C:/Users/p_hae/Documents/_Code/KeyWordSpotting_on_MAX78000/leftandright/1D/test/kws20v2/build/softmax.o
 .ARM.attributes
                0x000000e6       0x32 C:/Users/p_hae/Documents/_Code/KeyWordSpotting_on_MAX78000/leftandright/1D/test/kws20v2/build/board.o
 .ARM.attributes
                0x00000118       0x32 C:/Users/p_hae/Documents/_Code/KeyWordSpotting_on_MAX78000/leftandright/1D/test/kws20v2/build/stdio.o
 .ARM.attributes
                0x0000014a       0x32 C:/Users/p_hae/Documents/_Code/KeyWordSpotting_on_MAX78000/leftandright/1D/test/kws20v2/build/led.o
 .ARM.attributes
                0x0000017c       0x32 C:/Users/p_hae/Documents/_Code/KeyWordSpotting_on_MAX78000/leftandright/1D/test/kws20v2/build/pb.o
 .ARM.attributes
                0x000001ae       0x32 C:/Users/p_hae/Documents/_Code/KeyWordSpotting_on_MAX78000/leftandright/1D/test/kws20v2/build/tft_ssd2119.o
 .ARM.attributes
                0x000001e0       0x32 C:/Users/p_hae/Documents/_Code/KeyWordSpotting_on_MAX78000/leftandright/1D/test/kws20v2/build/tsc2046.o
 .ARM.attributes
                0x00000212       0x1b C:/Users/p_hae/Documents/_Code/KeyWordSpotting_on_MAX78000/leftandright/1D/test/kws20v2/build/startup_max78000.o
 .ARM.attributes
                0x0000022d       0x32 C:/Users/p_hae/Documents/_Code/KeyWordSpotting_on_MAX78000/leftandright/1D/test/kws20v2/build/heap.o
 .ARM.attributes
                0x0000025f       0x32 C:/Users/p_hae/Documents/_Code/KeyWordSpotting_on_MAX78000/leftandright/1D/test/kws20v2/build/system_max78000.o
 .ARM.attributes
                0x00000291       0x32 C:/MaximSDK/Libraries/PeriphDrivers/bin/MAX78000/softfp/libPeriphDriver_softfp.a(mxc_delay.o)
 .ARM.attributes
                0x000002c3       0x32 C:/MaximSDK/Libraries/PeriphDrivers/bin/MAX78000/softfp/libPeriphDriver_softfp.a(pins_ai85.o)
 .ARM.attributes
                0x000002f5       0x32 C:/MaximSDK/Libraries/PeriphDrivers/bin/MAX78000/softfp/libPeriphDriver_softfp.a(sys_ai85.o)
 .ARM.attributes
                0x00000327       0x32 C:/MaximSDK/Libraries/PeriphDrivers/bin/MAX78000/softfp/libPeriphDriver_softfp.a(nvic_table.o)
 .ARM.attributes
                0x00000359       0x32 C:/MaximSDK/Libraries/PeriphDrivers/bin/MAX78000/softfp/libPeriphDriver_softfp.a(lp_ai85.o)
 .ARM.attributes
                0x0000038b       0x32 C:/MaximSDK/Libraries/PeriphDrivers/bin/MAX78000/softfp/libPeriphDriver_softfp.a(gpio_ai85.o)
 .ARM.attributes
                0x000003bd       0x32 C:/MaximSDK/Libraries/PeriphDrivers/bin/MAX78000/softfp/libPeriphDriver_softfp.a(gpio_reva.o)
 .ARM.attributes
                0x000003ef       0x32 C:/MaximSDK/Libraries/PeriphDrivers/bin/MAX78000/softfp/libPeriphDriver_softfp.a(icc_me17.o)
 .ARM.attributes
                0x00000421       0x32 C:/MaximSDK/Libraries/PeriphDrivers/bin/MAX78000/softfp/libPeriphDriver_softfp.a(icc_reva.o)
 .ARM.attributes
                0x00000453       0x32 C:/MaximSDK/Libraries/PeriphDrivers/bin/MAX78000/softfp/libPeriphDriver_softfp.a(tmr_ai85.o)
 .ARM.attributes
                0x00000485       0x32 C:/MaximSDK/Libraries/PeriphDrivers/bin/MAX78000/softfp/libPeriphDriver_softfp.a(tmr_revb.o)
 .ARM.attributes
                0x000004b7       0x32 C:/MaximSDK/Libraries/PeriphDrivers/bin/MAX78000/softfp/libPeriphDriver_softfp.a(uart_ai85.o)
 .ARM.attributes
                0x000004e9       0x32 C:/MaximSDK/Libraries/PeriphDrivers/bin/MAX78000/softfp/libPeriphDriver_softfp.a(uart_common.o)
 .ARM.attributes
                0x0000051b       0x32 C:/MaximSDK/Libraries/PeriphDrivers/bin/MAX78000/softfp/libPeriphDriver_softfp.a(uart_revb.o)
 .ARM.attributes
                0x0000054d       0x32 C:/MaximSDK/Libraries/PeriphDrivers/bin/MAX78000/softfp/libPeriphDriver_softfp.a(gpio_common.o)
 .ARM.attributes
                0x0000057f       0x32 C:/MaximSDK/Libraries/PeriphDrivers/bin/MAX78000/softfp/libPeriphDriver_softfp.a(tmr_common.o)
 .ARM.attributes
                0x000005b1       0x32 c:/maximsdk/tools/gnutools/10.3/bin/../lib/gcc/arm-none-eabi/10.3.1/../../../../arm-none-eabi/lib/thumb/v7e-m+fp/softfp\libc.a(lib_a-errno.o)
 .ARM.attributes
                0x000005e3       0x32 c:/maximsdk/tools/gnutools/10.3/bin/../lib/gcc/arm-none-eabi/10.3.1/../../../../arm-none-eabi/lib/thumb/v7e-m+fp/softfp\libc.a(lib_a-impure.o)
 .ARM.attributes
                0x00000615       0x32 c:/maximsdk/tools/gnutools/10.3/bin/../lib/gcc/arm-none-eabi/10.3.1/../../../../arm-none-eabi/lib/thumb/v7e-m+fp/softfp\libc.a(lib_a-init.o)
 .ARM.attributes
                0x00000647       0x32 c:/maximsdk/tools/gnutools/10.3/bin/../lib/gcc/arm-none-eabi/10.3.1/../../../../arm-none-eabi/lib/thumb/v7e-m+fp/softfp\libc.a(lib_a-mallocr.o)
 .ARM.attributes
                0x00000679       0x1c c:/maximsdk/tools/gnutools/10.3/bin/../lib/gcc/arm-none-eabi/10.3.1/../../../../arm-none-eabi/lib/thumb/v7e-m+fp/softfp\libc.a(lib_a-memcpy.o)
 .ARM.attributes
                0x00000695       0x32 c:/maximsdk/tools/gnutools/10.3/bin/../lib/gcc/arm-none-eabi/10.3.1/../../../../arm-none-eabi/lib/thumb/v7e-m+fp/softfp\libc.a(lib_a-memset.o)
 .ARM.attributes
                0x000006c7       0x32 c:/maximsdk/tools/gnutools/10.3/bin/../lib/gcc/arm-none-eabi/10.3.1/../../../../arm-none-eabi/lib/thumb/v7e-m+fp/softfp\libc.a(lib_a-mlock.o)
 .ARM.attributes
                0x000006f9       0x32 c:/maximsdk/tools/gnutools/10.3/bin/../lib/gcc/arm-none-eabi/10.3.1/../../../../arm-none-eabi/lib/thumb/v7e-m+fp/softfp\libc.a(lib_a-printf.o)
 .ARM.attributes
                0x0000072b       0x32 c:/maximsdk/tools/gnutools/10.3/bin/../lib/gcc/arm-none-eabi/10.3.1/../../../../arm-none-eabi/lib/thumb/v7e-m+fp/softfp\libc.a(lib_a-puts.o)
 .ARM.attributes
                0x0000075d       0x32 c:/maximsdk/tools/gnutools/10.3/bin/../lib/gcc/arm-none-eabi/10.3.1/../../../../arm-none-eabi/lib/thumb/v7e-m+fp/softfp\libc.a(lib_a-sbrkr.o)
 .ARM.attributes
                0x0000078f       0x1c c:/maximsdk/tools/gnutools/10.3/bin/../lib/gcc/arm-none-eabi/10.3.1/../../../../arm-none-eabi/lib/thumb/v7e-m+fp/softfp\libc.a(lib_a-strlen.o)
 .ARM.attributes