Archive member included to satisfy reference by file (symbol)

C:/MaximSDK/Libraries/PeriphDrivers/bin/MAX78000/softfp/libPeriphDriver_softfp.a(mxc_delay.o)
                              C:/Users/p_hae/Documents/_Code/KeyWordSpotting_on_MAX78000/leftandright/1D/v3_depth/kwsv3/build/main.o (MXC_Delay)
C:/MaximSDK/Libraries/PeriphDrivers/bin/MAX78000/softfp/libPeriphDriver_softfp.a(pins_ai85.o)
                              C:/Users/p_hae/Documents/_Code/KeyWordSpotting_on_MAX78000/leftandright/1D/v3_depth/kwsv3/build/camera.o (gpio_cfg_pcif_xclk)
C:/MaximSDK/Libraries/PeriphDrivers/bin/MAX78000/softfp/libPeriphDriver_softfp.a(sys_ai85.o)
                              C:/Users/p_hae/Documents/_Code/KeyWordSpotting_on_MAX78000/leftandright/1D/v3_depth/kwsv3/build/cnn.o (MXC_SYS_ClockDisable)
C:/MaximSDK/Libraries/PeriphDrivers/bin/MAX78000/softfp/libPeriphDriver_softfp.a(nvic_table.o)
                              C:/Users/p_hae/Documents/_Code/KeyWordSpotting_on_MAX78000/leftandright/1D/v3_depth/kwsv3/build/cnn.o (MXC_NVIC_SetVector)
C:/MaximSDK/Libraries/PeriphDrivers/bin/MAX78000/softfp/libPeriphDriver_softfp.a(cameraif_ai85.o)
                              C:/Users/p_hae/Documents/_Code/KeyWordSpotting_on_MAX78000/leftandright/1D/v3_depth/kwsv3/build/camera.o (MXC_PCIF_Init)
C:/MaximSDK/Libraries/PeriphDrivers/bin/MAX78000/softfp/libPeriphDriver_softfp.a(cameraif_reva.o)
                              C:/MaximSDK/Libraries/PeriphDrivers/bin/MAX78000/softfp/libPeriphDriver_softfp.a(cameraif_ai85.o) (MXC_PCIF_RevA_SetDatawidth)
C:/MaximSDK/Libraries/PeriphDrivers/bin/MAX78000/softfp/libPeriphDriver_softfp.a(dma_me17.o)
                              C:/Users/p_hae/Documents/_Code/KeyWordSpotting_on_MAX78000/leftandright/1D/v3_depth/kwsv3/build/camera.o (MXC_DMA_SetCallback)
C:/MaximSDK/Libraries/PeriphDrivers/bin/MAX78000/softfp/libPeriphDriver_softfp.a(dma_reva.o)
                              C:/MaximSDK/Libraries/PeriphDrivers/bin/MAX78000/softfp/libPeriphDriver_softfp.a(dma_me17.o) (MXC_DMA_RevA_Init)
C:/MaximSDK/Libraries/PeriphDrivers/bin/MAX78000/softfp/libPeriphDriver_softfp.a(lp_ai85.o)
                              C:/Users/p_hae/Documents/_Code/KeyWordSpotting_on_MAX78000/leftandright/1D/v3_depth/kwsv3/build/main.o (MXC_LP_EnterSleepMode)
C:/MaximSDK/Libraries/PeriphDrivers/bin/MAX78000/softfp/libPeriphDriver_softfp.a(flc_me17.o)
                              C:/MaximSDK/Libraries/PeriphDrivers/bin/MAX78000/softfp/libPeriphDriver_softfp.a(sys_ai85.o) (MXC_FLC_UnlockInfoBlock)
C:/MaximSDK/Libraries/PeriphDrivers/bin/MAX78000/softfp/libPeriphDriver_softfp.a(flc_reva.o)
                              C:/MaximSDK/Libraries/PeriphDrivers/bin/MAX78000/softfp/libPeriphDriver_softfp.a(flc_me17.o) (MXC_FLC_RevA_Busy)
C:/MaximSDK/Libraries/PeriphDrivers/bin/MAX78000/softfp/libPeriphDriver_softfp.a(gpio_ai85.o)
                              C:/Users/p_hae/Documents/_Code/KeyWordSpotting_on_MAX78000/leftandright/1D/v3_depth/kwsv3/build/cnn.o (MXC_GPIO_Config)
C:/MaximSDK/Libraries/PeriphDrivers/bin/MAX78000/softfp/libPeriphDriver_softfp.a(gpio_reva.o)
                              C:/MaximSDK/Libraries/PeriphDrivers/bin/MAX78000/softfp/libPeriphDriver_softfp.a(gpio_ai85.o) (MXC_GPIO_RevA_InGet)
C:/MaximSDK/Libraries/PeriphDrivers/bin/MAX78000/softfp/libPeriphDriver_softfp.a(i2c_me17.o)
                              C:/Users/p_hae/Documents/_Code/KeyWordSpotting_on_MAX78000/leftandright/1D/v3_depth/kwsv3/build/max20303.o (MXC_I2C_Init)
C:/MaximSDK/Libraries/PeriphDrivers/bin/MAX78000/softfp/libPeriphDriver_softfp.a(i2c_reva.o)
                              C:/MaximSDK/Libraries/PeriphDrivers/bin/MAX78000/softfp/libPeriphDriver_softfp.a(i2c_me17.o) (MXC_I2C_RevA_DMACallback)
C:/MaximSDK/Libraries/PeriphDrivers/bin/MAX78000/softfp/libPeriphDriver_softfp.a(icc_me17.o)
                              C:/Users/p_hae/Documents/_Code/KeyWordSpotting_on_MAX78000/leftandright/1D/v3_depth/kwsv3/build/main.o (MXC_ICC_Enable)
C:/MaximSDK/Libraries/PeriphDrivers/bin/MAX78000/softfp/libPeriphDriver_softfp.a(icc_reva.o)
                              C:/MaximSDK/Libraries/PeriphDrivers/bin/MAX78000/softfp/libPeriphDriver_softfp.a(icc_me17.o) (MXC_ICC_RevA_ID)
C:/MaximSDK/Libraries/PeriphDrivers/bin/MAX78000/softfp/libPeriphDriver_softfp.a(pt_me17.o)
                              C:/Users/p_hae/Documents/_Code/KeyWordSpotting_on_MAX78000/leftandright/1D/v3_depth/kwsv3/build/camera.o (MXC_PT_Init)
C:/MaximSDK/Libraries/PeriphDrivers/bin/MAX78000/softfp/libPeriphDriver_softfp.a(pt_reva.o)
                              C:/MaximSDK/Libraries/PeriphDrivers/bin/MAX78000/softfp/libPeriphDriver_softfp.a(pt_me17.o) (MXC_PT_RevA_Init)
C:/MaximSDK/Libraries/PeriphDrivers/bin/MAX78000/softfp/libPeriphDriver_softfp.a(spi_me17.o)
                              C:/Users/p_hae/Documents/_Code/KeyWordSpotting_on_MAX78000/leftandright/1D/v3_depth/kwsv3/build/tft_ili9341.o (MXC_SPI_Init)
[...]
Memory Configuration

Name             Origin             Length             Attributes
ROM              0x00000000         0x00010000         xr
FLASH            0x10000000         0x00080000         xr
SRAM             0x20000000         0x00020000         xrw
*default*        0x00000000         0xffffffff

Linker script and memory map

LOAD c:/maximsdk/tools/gnutools/10.3/bin/../lib/gcc/arm-none-eabi/10.3.1/thumb/v7e-m+fp/softfp/crti.o
LOAD c:/maximsdk/tools/gnutools/10.3/bin/../lib/gcc/arm-none-eabi/10.3.1/thumb/v7e-m+fp/softfp/crtbegin.o
LOAD c:/maximsdk/tools/gnutools/10.3/bin/../lib/gcc/arm-none-eabi/10.3.1/../../../../arm-none-eabi/lib/thumb/v7e-m+fp/softfp/crt0.o
LOAD C:/Users/p_hae/Documents/_Code/KeyWordSpotting_on_MAX78000/leftandright/1D/v3_depth/kwsv3/build/main.o
LOAD C:/Users/p_hae/Documents/_Code/KeyWordSpotting_on_MAX78000/leftandright/1D/v3_depth/kwsv3/build/cnn.o
LOAD C:/Users/p_hae/Documents/_Code/KeyWordSpotting_on_MAX78000/leftandright/1D/v3_depth/kwsv3/build/softmax.o
LOAD C:/Users/p_hae/Documents/_Code/KeyWordSpotting_on_MAX78000/leftandright/1D/v3_depth/kwsv3/build/board.o
LOAD C:/Users/p_hae/Documents/_Code/KeyWordSpotting_on_MAX78000/leftandright/1D/v3_depth/kwsv3/build/stdio.o
LOAD C:/Users/p_hae/Documents/_Code/KeyWordSpotting_on_MAX78000/leftandright/1D/v3_depth/kwsv3/build/led.o
LOAD C:/Users/p_hae/Documents/_Code/KeyWordSpotting_on_MAX78000/leftandright/1D/v3_depth/kwsv3/build/pb.o
LOAD C:/Users/p_hae/Documents/_Code/KeyWordSpotting_on_MAX78000/leftandright/1D/v3_depth/kwsv3/build/tft_ili9341.o
LOAD C:/Users/p_hae/Documents/_Code/KeyWordSpotting_on_MAX78000/leftandright/1D/v3_depth/kwsv3/build/camera.o
LOAD C:/Users/p_hae/Documents/_Code/KeyWordSpotting_on_MAX78000/leftandright/1D/v3_depth/kwsv3/build/ov7692.o
LOAD C:/Users/p_hae/Documents/_Code/KeyWordSpotting_on_MAX78000/leftandright/1D/v3_depth/kwsv3/build/sccb.o
LOAD C:/Users/p_hae/Documents/_Code/KeyWordSpotting_on_MAX78000/leftandright/1D/v3_depth/kwsv3/build/max20303.o
LOAD C:/Users/p_hae/Documents/_Code/KeyWordSpotting_on_MAX78000/leftandright/1D/v3_depth/kwsv3/build/max9867.o
LOAD C:/Users/p_hae/Documents/_Code/KeyWordSpotting_on_MAX78000/leftandright/1D/v3_depth/kwsv3/build/startup_max78000.o
LOAD C:/Users/p_hae/Documents/_Code/KeyWordSpotting_on_MAX78000/leftandright/1D/v3_depth/kwsv3/build/heap.o
LOAD C:/Users/p_hae/Documents/_Code/KeyWordSpotting_on_MAX78000/leftandright/1D/v3_depth/kwsv3/build/system_max78000.o
START GROUP
LOAD C:/MaximSDK/Libraries/PeriphDrivers/bin/MAX78000/softfp/libPeriphDriver_softfp.a
LOAD c:/maximsdk/tools/gnutools/10.3/bin/../lib/gcc/arm-none-eabi/10.3.1/../../../../arm-none-eabi/lib/thumb/v7e-m+fp/softfp\libc.a
LOAD c:/maximsdk/tools/gnutools/10.3/bin/../lib/gcc/arm-none-eabi/10.3.1/../../../../arm-none-eabi/lib/thumb/v7e-m+fp/softfp\libm.a
LOAD c:/maximsdk/tools/gnutools/10.3/bin/../lib/gcc/arm-none-eabi/10.3.1/../../../../arm-none-eabi/lib/thumb/v7e-m+fp/softfp\libnosys.a
END GROUP
START GROUP
LOAD c:/maximsdk/tools/gnutools/10.3/bin/../lib/gcc/arm-none-eabi/10.3.1/thumb/v7e-m+fp/softfp\libgcc.a
LOAD c:/maximsdk/tools/gnutools/10.3/bin/../lib/gcc/arm-none-eabi/10.3.1/../../../../arm-none-eabi/lib/thumb/v7e-m+fp/softfp\libc.a
END GROUP
LOAD c:/maximsdk/tools/gnutools/10.3/bin/../lib/gcc/arm-none-eabi/10.3.1/thumb/v7e-m+fp/softfp/crtend.o
LOAD c:/maximsdk/tools/gnutools/10.3/bin/../lib/gcc/arm-none-eabi/10.3.1/thumb/v7e-m+fp/softfp/crtn.o

.rom
 *(.rom_vector)
 *(.rom_handlers*)

.text           0x10000000    0x32564
                0x10000000                _text = .
 *(.isr_vector)
 .isr_vector    0x10000000      0x1e0 C:/Users/p_hae/Documents/_Code/KeyWordSpotting_on_MAX78000/leftandright/1D/v3_depth/kwsv3/build/startup_max78000.o
                0x10000000                __isr_vector
 *(.text*)
 .text          0x100001e0       0x40 c:/maximsdk/tools/gnutools/10.3/bin/../lib/gcc/arm-none-eabi/10.3.1/thumb/v7e-m+fp/softfp/crtbegin.o
 .text.fail     0x10000220       0x10 C:/Users/p_hae/Documents/_Code/KeyWordSpotting_on_MAX78000/leftandright/1D/v3_depth/kwsv3/build/main.o
                0x10000220                fail
 .text.load_input
                0x10000230      0x124 C:/Users/p_hae/Documents/_Code/KeyWordSpotting_on_MAX78000/leftandright/1D/v3_depth/kwsv3/build/main.o
                0x10000230                load_input
 .text.check_output
                0x10000354       0x80 C:/Users/p_hae/Documents/_Code/KeyWordSpotting_on_MAX78000/leftandright/1D/v3_depth/kwsv3/build/main.o
                0x10000354                check_output
 .text.softmax_layer
                0x100003d4       0x20 C:/Users/p_hae/Documents/_Code/KeyWordSpotting_on_MAX78000/leftandright/1D/v3_depth/kwsv3/build/main.o
                0x100003d4                softmax_layer
 .text.startup.main
                0x100003f4      0x100 C:/Users/p_hae/Documents/_Code/KeyWordSpotting_on_MAX78000/leftandright/1D/v3_depth/kwsv3/build/main.o
                0x100003f4                main
 .text.CNN_ISR  0x100004f4       0x50 C:/Users/p_hae/Documents/_Code/KeyWordSpotting_on_MAX78000/leftandright/1D/v3_depth/kwsv3/build/cnn.o
                0x100004f4                CNN_ISR
 .text.memcpy32
                0x10000544       0x1c C:/Users/p_hae/Documents/_Code/KeyWordSpotting_on_MAX78000/leftandright/1D/v3_depth/kwsv3/build/cnn.o
                0x10000544                memcpy32
 .text.cnn_load_weights
                0x10000560       0x4c C:/Users/p_hae/Documents/_Code/KeyWordSpotting_on_MAX78000/leftandright/1D/v3_depth/kwsv3/build/cnn.o
                0x10000560                cnn_load_weights
 .text.cnn_load_bias
                0x100005ac        0x4 C:/Users/p_hae/Documents/_Code/KeyWordSpotting_on_MAX78000/leftandright/1D/v3_depth/kwsv3/build/cnn.o
                0x100005ac                cnn_load_bias
 .text.cnn_init
                0x100005b0       0x54 C:/Users/p_hae/Documents/_Code/KeyWordSpotting_on_MAX78000/leftandright/1D/v3_depth/kwsv3/build/cnn.o
                0x100005b0                cnn_init
 .text.cnn_configure
                0x10000604      0x4c0 C:/Users/p_hae/Documents/_Code/KeyWordSpotting_on_MAX78000/leftandright/1D/v3_depth/kwsv3/build/cnn.o
                0x10000604                cnn_configure
 .text.cnn_start
                0x10000ac4       0x54 C:/Users/p_hae/Documents/_Code/KeyWordSpotting_on_MAX78000/leftandright/1D/v3_depth/kwsv3/build/cnn.o
                0x10000ac4                cnn_start
 .text.cnn_unload
                0x10000b18       0x18 C:/Users/p_hae/Documents/_Code/KeyWordSpotting_on_MAX78000/leftandright/1D/v3_depth/kwsv3/build/cnn.o
                0x10000b18                cnn_unload
 .text.cnn_enable
                0x10000b30       0x3c C:/Users/p_hae/Documents/_Code/KeyWordSpotting_on_MAX78000/leftandright/1D/v3_depth/kwsv3/build/cnn.o
                0x10000b30                cnn_enable
 .text.cnn_disable
                0x10000b6c       0x28 C:/Users/p_hae/Documents/_Code/KeyWordSpotting_on_MAX78000/leftandright/1D/v3_depth/kwsv3/build/cnn.o
                0x10000b6c                cnn_disable
 .text.softmax_q17p14_q15
                0x10000b94       0xa8 C:/Users/p_hae/Documents/_Code/KeyWordSpotting_on_MAX78000/leftandright/1D/v3_depth/kwsv3/build/softmax.o
                0x10000b94                softmax_q17p14_q15
 .text.mxc_assert
                0x10000c3c       0x10 C:/Users/p_hae/Documents/_Code/KeyWordSpotting_on_MAX78000/leftandright/1D/v3_depth/kwsv3/build/board.o
                0x10000c3c                mxc_assert
 .text.Board_Init
                0x10000c4c       0x6c C:/Users/p_hae/Documents/_Code/KeyWordSpotting_on_MAX78000/leftandright/1D/v3_depth/kwsv3/build/board.o
                0x10000c4c                Board_Init
 .text.NMI_Handler
                0x10000cb8        0x4 C:/Users/p_hae/Documents/_Code/KeyWordSpotting_on_MAX78000/leftandright/1D/v3_depth/kwsv3/build/board.o
                0x10000cb8                NMI_Handler
 .text._close   0x10000cbc        0x8 C:/Users/p_hae/Documents/_Code/KeyWordSpotting_on_MAX78000/leftandright/1D/v3_depth/kwsv3/build/stdio.o
                0x10000cbc                _close
 .text._isatty  0x10000cc4        0x8 C:/Users/p_hae/Documents/_Code/KeyWordSpotting_on_MAX78000/leftandright/1D/v3_depth/kwsv3/build/stdio.o
                0x10000cc4                _isatty
 .text._lseek   0x10000ccc        0x8 C:/Users/p_hae/Documents/_Code/KeyWordSpotting_on_MAX78000/leftandright/1D/v3_depth/kwsv3/build/stdio.o
                0x10000ccc                _lseek
 .text._fstat   0x10000cd4        0x8 C:/Users/p_hae/Documents/_Code/KeyWordSpotting_on_MAX78000/leftandright/1D/v3_depth/kwsv3/build/stdio.o
                0x10000cd4                _fstat
 .text._read    0x10000cdc       0x50 C:/Users/p_hae/Documents/_Code/KeyWordSpotting_on_MAX78000/leftandright/1D/v3_depth/kwsv3/build/stdio.o
                0x10000cdc                _read
 .text._write   0x10000d2c       0x54 C:/Users/p_hae/Documents/_Code/KeyWordSpotting_on_MAX78000/leftandright/1D/v3_depth/kwsv3/build/stdio.o
                0x10000d2c                _write
 .text.LED_Init
                0x10000d80       0x40 C:/Users/p_hae/Documents/_Code/KeyWordSpotting_on_MAX78000/leftandright/1D/v3_depth/kwsv3/build/led.o
                0x10000d80                LED_Init
 .text.LED_On   0x10000dc0       0x40 C:/Users/p_hae/Documents/_Code/KeyWordSpotting_on_MAX78000/leftandright/1D/v3_depth/kwsv3/build/led.o
                0x10000dc0                LED_On
 .text.LED_Off  0x10000e00       0x40 C:/Users/p_hae/Documents/_Code/KeyWordSpotting_on_MAX78000/leftandright/1D/v3_depth/kwsv3/build/led.o
                0x10000e00                LED_Off
 .text.PB_Init  0x10000e40       0x38 C:/Users/p_hae/Documents/_Code/KeyWordSpotting_on_MAX78000/leftandright/1D/v3_depth/kwsv3/build/pb.o
                0x10000e40                PB_Init
 .text.GPIO0_IRQHandler
                0x10000e78        0x8 C:/Users/p_hae/Documents/_Code/KeyWordSpotting_on_MAX78000/leftandright/1D/v3_depth/kwsv3/build/pb.o
                0x10000e78                GPIO0_IRQHandler
 .text.GPIO1_IRQHandler
                0x10000e80        0x8 C:/Users/p_hae/Documents/_Code/KeyWordSpotting_on_MAX78000/leftandright/1D/v3_depth/kwsv3/build/pb.o
                0x10000e80                GPIO1_IRQHandler
 .text.GPIO2_IRQHandler
                0x10000e88        0x8 C:/Users/p_hae/Documents/_Code/KeyWordSpotting_on_MAX78000/leftandright/1D/v3_depth/kwsv3/build/pb.o
                0x10000e88                GPIO2_IRQHandler
 .text          0x10000e90      0x148 C:/Users/p_hae/Documents/_Code/KeyWordSpotting_on_MAX78000/leftandright/1D/v3_depth/kwsv3/build/startup_max78000.o
                0x10000e90                Reset_Handler
                0x10000ece                HardFault_Handler
                0x10000ed0                MemManage_Handler
                0x10000ed2                BusFault_Handler
                0x10000ed4                UsageFault_Handler
                0x10000ed6                SVC_Handler
                0x10000ed8                DebugMon_Handler
                0x10000eda                PendSV_Handler
                0x10000edc                SysTick_Handler
                0x10000ede                Default_Handler
                0x10000ee0                PF_IRQHandler
                0x10000ee2                WDT0_IRQHandler
                0x10000ee4                RSV02_IRQHandler
                0x10000ee6                RTC_IRQHandler
                0x10000ee8                TRNG_IRQHandler
                0x10000eea                TMR0_IRQHandler
                0x10000eec                TMR1_IRQHandler
                0x10000eee                TMR2_IRQHandler
                0x10000ef0                TMR3_IRQHandler
                0x10000ef2                TMR4_IRQHandler
                0x10000ef4                TMR5_IRQHandler
                0x10000ef6                RSV11_IRQHandler
                0x10000ef8                RSV12_IRQHandler
                0x10000efa                I2C0_IRQHandler
                0x10000efc                UART0_IRQHandler
                0x10000efe                UART1_IRQHandler
                0x10000f00                SPI1_IRQHandler
                0x10000f02                RSV17_IRQHandler
                0x10000f04                RSV18_IRQHandler
                0x10000f06                RSV19_IRQHandler
                0x10000f08                ADC_IRQHandler
                0x10000f0a                RSV21_IRQHandler
                0x10000f0c                RSV22_IRQHandler
                0x10000f0e                FLC0_IRQHandler
                0x10000f16                RSV27_IRQHandler
                0x10000f18                DMA0_IRQHandler
                0x10000f1a                DMA1_IRQHandler
                0x10000f1c                DMA2_IRQHandler
                0x10000f1e                DMA3_IRQHandler
                0x10000f20                RSV32_IRQHandler
                0x10000f22                RSV33_IRQHandler
                0x10000f24                UART2_IRQHandler
                0x10000f26                RSV35_IRQHandler
                0x10000f28                I2C1_IRQHandler
                0x10000f2a                RSV37_IRQHandler
                0x10000f2c                RSV38_IRQHandler
                0x10000f2e                RSV39_IRQHandler
                0x10000f30                RSV40_IRQHandler
                0x10000f32                RSV41_IRQHandler
                0x10000f34                RSV42_IRQHandler
                0x10000f36                RSV43_IRQHandler
                0x10000f38                RSV44_IRQHandler
                0x10000f3a                RSV45_IRQHandler
                0x10000f3c                RSV46_IRQHandler
                0x10000f3e                RSV47_IRQHandler
                0x10000f40                RSV48_IRQHandler
                0x10000f42                RSV49_IRQHandler
                0x10000f44                RSV50_IRQHandler
                0x10000f46                RSV51_IRQHandler
                0x10000f48                RSV52_IRQHandler
                0x10000f4a                WUT_IRQHandler
                0x10000f4c                GPIOWAKE_IRQHandler
                0x10000f4e                RSV55_IRQHandler
                0x10000f50                SPI0_IRQHandler
                0x10000f52                WDT1_IRQHandler
                0x10000f54                RSV58_IRQHandler
                0x10000f56                PT_IRQHandler
                0x10000f58                RSV60_IRQHandler
                0x10000f5a                RSV61_IRQHandler
                0x10000f5c                I2C2_IRQHandler
                0x10000f5e                RISCV_IRQHandler
                0x10000f60                RSV64_IRQHandler
                0x10000f62                RSV65_IRQHandler
                0x10000f64                RSV66_IRQHandler
                0x10000f66                OWM_IRQHandler
                0x10000f68                RSV68_IRQHandler
                0x10000f6a                RSV69_IRQHandler
                0x10000f6c                RSV70_IRQHandler
                0x10000f6e                RSV71_IRQHandler
                0x10000f70                RSV72_IRQHandler
                0x10000f72                RSV73_IRQHandler
                0x10000f74                RSV74_IRQHandler
                0x10000f76                RSV75_IRQHandler
                0x10000f78                RSV76_IRQHandler
                0x10000f7a                RSV77_IRQHandler
                0x10000f7c                RSV78_IRQHandler
                0x10000f7e                RSV79_IRQHandler
                0x10000f80                RSV80_IRQHandler
                0x10000f82                RSV81_IRQHandler
                0x10000f84                ECC_IRQHandler
                0x10000f86                DVS_IRQHandler
                0x10000f88                SIMO_IRQHandler
                0x10000f8a                RSV85_IRQHandler
                0x10000f8c                RSV86_IRQHandler
                0x10000f8e                RSV87_IRQHandler
                0x10000f90                UART3_IRQHandler
                0x10000f92                RSV89_IRQHandler
                0x10000f94                RSV90_IRQHandler
                0x10000f96                PCIF_IRQHandler
                0x10000f98                RSV92_IRQHandler
                0x10000f9a                RSV93_IRQHandler
                0x10000f9c                RSV94_IRQHandler
                0x10000f9e                RSV95_IRQHandler
                0x10000fa0                RSV96_IRQHandler
                0x10000fa2                AES_IRQHandler
                0x10000fa4                RSV98_IRQHandler
                0x10000fa6                I2S_IRQHandler
                0x10000fa8                CNN_FIFO_IRQHandler
                0x10000faa                CNN_IRQHandler
                0x10000fac                RSV102_IRQHandler
                0x10000fae                LPCMP_IRQHandler
 .text._sbrk    0x10000fd8       0x3c C:/Users/p_hae/Documents/_Code/KeyWordSpotting_on_MAX78000/leftandright/1D/v3_depth/kwsv3/build/heap.o
                0x10000fd8                _sbrk
 .text.SystemCoreClockUpdate
                0x10001014       0x68 C:/Users/p_hae/Documents/_Code/KeyWordSpotting_on_MAX78000/leftandright/1D/v3_depth/kwsv3/build/system_max78000.o
                0x10001014                SystemCoreClockUpdate
 .text.PreInit  0x1000107c        0x4 C:/Users/p_hae/Documents/_Code/KeyWordSpotting_on_MAX78000/leftandright/1D/v3_depth/kwsv3/build/system_max78000.o
                0x1000107c                PreInit
 .text.SystemInit
                0x10001080       0x38 C:/Users/p_hae/Documents/_Code/KeyWordSpotting_on_MAX78000/leftandright/1D/v3_depth/kwsv3/build/system_max78000.o
                0x10001080                SystemInit
 .text.MXC_DelayInit
                0x100010b8       0x7c C:/MaximSDK/Libraries/PeriphDrivers/bin/MAX78000/softfp/libPeriphDriver_softfp.a(mxc_delay.o)
 .text.MXC_DelayAsync
                0x10001134       0x3c C:/MaximSDK/Libraries/PeriphDrivers/bin/MAX78000/softfp/libPeriphDriver_softfp.a(mxc_delay.o)
                0x10001134                MXC_DelayAsync
 .text.MXC_DelayCheck
                0x10001170       0x70 C:/MaximSDK/Libraries/PeriphDrivers/bin/MAX78000/softfp/libPeriphDriver_softfp.a(mxc_delay.o)
                0x10001170                MXC_DelayCheck
 .text.MXC_DelayAbort
                0x100011e0       0x34 C:/MaximSDK/Libraries/PeriphDrivers/bin/MAX78000/softfp/libPeriphDriver_softfp.a(mxc_delay.o)
                0x100011e0                MXC_DelayAbort
 .text.MXC_Delay
                0x10001214       0x74 C:/MaximSDK/Libraries/PeriphDrivers/bin/MAX78000/softfp/libPeriphDriver_softfp.a(mxc_delay.o)
                0x10001214                MXC_Delay
 .text.MXC_SYS_ClockDisable
                0x10001288       0x44 C:/MaximSDK/Libraries/PeriphDrivers/bin/MAX78000/softfp/libPeriphDriver_softfp.a(sys_ai85.o)
                0x10001288                MXC_SYS_ClockDisable
 .text.MXC_SYS_ClockEnable
                0x100012cc       0x4c C:/MaximSDK/Libraries/PeriphDrivers/bin/MAX78000/softfp/libPeriphDriver_softfp.a(sys_ai85.o)
                0x100012cc                MXC_SYS_ClockEnable
 .text.MXC_SYS_ClockSourceEnable
                0x10001318       0xec C:/MaximSDK/Libraries/PeriphDrivers/bin/MAX78000/softfp/libPeriphDriver_softfp.a(sys_ai85.o)
                0x10001318                MXC_SYS_ClockSourceEnable
 .text.MXC_SYS_Clock_Select
                0x10001404      0x17c C:/MaximSDK/Libraries/PeriphDrivers/bin/MAX78000/softfp/libPeriphDriver_softfp.a(sys_ai85.o)
                0x10001404                MXC_SYS_Clock_Select
 .text.MXC_SYS_Reset_Periph
                0x10001580       0x50 C:/MaximSDK/Libraries/PeriphDrivers/bin/MAX78000/softfp/libPeriphDriver_softfp.a(sys_ai85.o)
                0x10001580                MXC_SYS_Reset_Periph
 .text.MXC_NVIC_SetVector
                0x100015d0       0x4c C:/MaximSDK/Libraries/PeriphDrivers/bin/MAX78000/softfp/libPeriphDriver_softfp.a(nvic_table.o)
                0x100015d0                MXC_NVIC_SetVector
 .text.MXC_LP_EnterSleepMode
                0x1000161c       0x28 C:/MaximSDK/Libraries/PeriphDrivers/bin/MAX78000/softfp/libPeriphDriver_softfp.a(lp_ai85.o)
                0x1000161c                MXC_LP_EnterSleepMode
 .text.MXC_GPIO_Config
                0x10001644      0x204 C:/MaximSDK/Libraries/PeriphDrivers/bin/MAX78000/softfp/libPeriphDriver_softfp.a(gpio_ai85.o)
                0x10001644                MXC_GPIO_Config
 .text.MXC_GPIO_OutSet
                0x10001848       0x34 C:/MaximSDK/Libraries/PeriphDrivers/bin/MAX78000/softfp/libPeriphDriver_softfp.a(gpio_ai85.o)
                0x10001848                MXC_GPIO_OutSet
 .text.MXC_GPIO_OutClr
                0x1000187c       0x34 C:/MaximSDK/Libraries/PeriphDrivers/bin/MAX78000/softfp/libPeriphDriver_softfp.a(gpio_ai85.o)
                0x1000187c                MXC_GPIO_OutClr
 .text.MXC_GPIO_Handler
                0x100018b0        0x4 C:/MaximSDK/Libraries/PeriphDrivers/bin/MAX78000/softfp/libPeriphDriver_softfp.a(gpio_ai85.o)
                0x100018b0                MXC_GPIO_Handler
 .text.MXC_GPIO_ClearFlags
                0x100018b4        0x4 C:/MaximSDK/Libraries/PeriphDrivers/bin/MAX78000/softfp/libPeriphDriver_softfp.a(gpio_ai85.o)
                0x100018b4                MXC_GPIO_ClearFlags
 .text.MXC_GPIO_GetFlags
                0x100018b8        0x4 C:/MaximSDK/Libraries/PeriphDrivers/bin/MAX78000/softfp/libPeriphDriver_softfp.a(gpio_ai85.o)
                0x100018b8                MXC_GPIO_GetFlags
 .text.MXC_GPIO_RevA_OutSet
                0x100018bc        0x4 C:/MaximSDK/Libraries/PeriphDrivers/bin/MAX78000/softfp/libPeriphDriver_softfp.a(gpio_reva.o)
                0x100018bc                MXC_GPIO_RevA_OutSet
 .text.MXC_GPIO_RevA_OutClr
                0x100018c0        0x4 C:/MaximSDK/Libraries/PeriphDrivers/bin/MAX78000/softfp/libPeriphDriver_softfp.a(gpio_reva.o)
                0x100018c0                MXC_GPIO_RevA_OutClr
 .text.MXC_GPIO_RevA_ClearFlags
                0x100018c4        0x4 C:/MaximSDK/Libraries/PeriphDrivers/bin/MAX78000/softfp/libPeriphDriver_softfp.a(gpio_reva.o)
                0x100018c4                MXC_GPIO_RevA_ClearFlags
 .text.MXC_GPIO_RevA_GetFlags
                0x100018c8        0x4 C:/MaximSDK/Libraries/PeriphDrivers/bin/MAX78000/softfp/libPeriphDriver_softfp.a(gpio_reva.o)
                0x100018c8                MXC_GPIO_RevA_GetFlags
 .text.MXC_GPIO_RevA_SetVSSEL
                0x100018cc       0x30 C:/MaximSDK/Libraries/PeriphDrivers/bin/MAX78000/softfp/libPeriphDriver_softfp.a(gpio_reva.o)
                0x100018cc                MXC_GPIO_RevA_SetVSSEL
 .text.MXC_GPIO_RevA_SetAF
                0x100018fc       0x68 C:/MaximSDK/Libraries/PeriphDrivers/bin/MAX78000/softfp/libPeriphDriver_softfp.a(gpio_reva.o)
                0x100018fc                MXC_GPIO_RevA_SetAF
 .text.MXC_ICC_Enable
                0x10001964        0x4 C:/MaximSDK/Libraries/PeriphDrivers/bin/MAX78000/softfp/libPeriphDriver_softfp.a(icc_me17.o)
                0x10001964                MXC_ICC_Enable
 .text.MXC_ICC_RevA_Enable
                0x10001968       0x30 C:/MaximSDK/Libraries/PeriphDrivers/bin/MAX78000/softfp/libPeriphDriver_softfp.a(icc_reva.o)
                0x10001968                MXC_ICC_RevA_Enable
 .text.MXC_TMR_Init
                0x10001998      0x344 C:/MaximSDK/Libraries/PeriphDrivers/bin/MAX78000/softfp/libPeriphDriver_softfp.a(tmr_ai85.o)
                0x10001998                MXC_TMR_Init
 .text.MXC_TMR_Start
                0x10001cdc        0x4 C:/MaximSDK/Libraries/PeriphDrivers/bin/MAX78000/softfp/libPeriphDriver_softfp.a(tmr_ai85.o)
                0x10001cdc                MXC_TMR_Start
 .text.MXC_TMR_Stop
                0x10001ce0        0x4 C:/MaximSDK/Libraries/PeriphDrivers/bin/MAX78000/softfp/libPeriphDriver_softfp.a(tmr_ai85.o)
                0x10001ce0                MXC_TMR_Stop
 .text.MXC_TMR_ClearFlags
                0x10001ce4        0x4 C:/MaximSDK/Libraries/PeriphDrivers/bin/MAX78000/softfp/libPeriphDriver_softfp.a(tmr_ai85.o)
                0x10001ce4                MXC_TMR_ClearFlags
 .text.MXC_TMR_SetCount
                0x10001ce8        0x4 C:/MaximSDK/Libraries/PeriphDrivers/bin/MAX78000/softfp/libPeriphDriver_softfp.a(tmr_ai85.o)
                0x10001ce8                MXC_TMR_SetCount
 .text.MXC_TMR_TO_Start
                0x10001cec        0x4 C:/MaximSDK/Libraries/PeriphDrivers/bin/MAX78000/softfp/libPeriphDriver_softfp.a(tmr_ai85.o)
                0x10001cec                MXC_TMR_TO_Start
 .text.MXC_TMR_TO_Stop
                0x10001cf0        0x4 C:/MaximSDK/Libraries/PeriphDrivers/bin/MAX78000/softfp/libPeriphDriver_softfp.a(tmr_ai85.o)
                0x10001cf0                MXC_TMR_TO_Stop
 .text.MXC_TMR_TO_Elapsed
                0x10001cf4        0x4 C:/MaximSDK/Libraries/PeriphDrivers/bin/MAX78000/softfp/libPeriphDriver_softfp.a(tmr_ai85.o)
                0x10001cf4                MXC_TMR_TO_Elapsed
 .text.MXC_TMR_SW_Start
                0x10001cf8        0x4 C:/MaximSDK/Libraries/PeriphDrivers/bin/MAX78000/softfp/libPeriphDriver_softfp.a(tmr_ai85.o)
                0x10001cf8                MXC_TMR_SW_Start
 .text.MXC_TMR_SW_Stop
                0x10001cfc        0x4 C:/MaximSDK/Libraries/PeriphDrivers/bin/MAX78000/softfp/libPeriphDriver_softfp.a(tmr_ai85.o)
                0x10001cfc                MXC_TMR_SW_Stop
 .text.MXC_TMR_GetTime
                0x10001d00        0x4 C:/MaximSDK/Libraries/PeriphDrivers/bin/MAX78000/softfp/libPeriphDriver_softfp.a(tmr_ai85.o)
                0x10001d00                MXC_TMR_GetTime
 .text.MXC_TMR_RevB_ConfigGeneric
                0x10001d04       0xe8 C:/MaximSDK/Libraries/PeriphDrivers/bin/MAX78000/softfp/libPeriphDriver_softfp.a(tmr_revb.o)
                0x10001d04                MXC_TMR_RevB_ConfigGeneric
 .text.MXC_TMR_RevB_Init
                0x10001dec       0xc8 C:/MaximSDK/Libraries/PeriphDrivers/bin/MAX78000/softfp/libPeriphDriver_softfp.a(tmr_revb.o)
                0x10001dec                MXC_TMR_RevB_Init
 .text.MXC_TMR_RevB_Start
                0x10001eb4       0x5c C:/MaximSDK/Libraries/PeriphDrivers/bin/MAX78000/softfp/libPeriphDriver_softfp.a(tmr_revb.o)
                0x10001eb4                MXC_TMR_RevB_Start
 .text.MXC_TMR_RevB_Stop
                0x10001f10       0x58 C:/MaximSDK/Libraries/PeriphDrivers/bin/MAX78000/softfp/libPeriphDriver_softfp.a(tmr_revb.o)
                0x10001f10                MXC_TMR_RevB_Stop
 .text.MXC_TMR_RevB_ClearFlags
                0x10001f68       0x58 C:/MaximSDK/Libraries/PeriphDrivers/bin/MAX78000/softfp/libPeriphDriver_softfp.a(tmr_revb.o)
                0x10001f68                MXC_TMR_RevB_ClearFlags
 .text.MXC_TMR_RevB_SetCount
                0x10001fc0       0x5c C:/MaximSDK/Libraries/PeriphDrivers/bin/MAX78000/softfp/libPeriphDriver_softfp.a(tmr_revb.o)
                0x10001fc0                MXC_TMR_RevB_SetCount
 .text.MXC_TMR_RevB_TO_Start
                0x1000201c       0xe4 C:/MaximSDK/Libraries/PeriphDrivers/bin/MAX78000/softfp/libPeriphDriver_softfp.a(tmr_revb.o)
                0x1000201c                MXC_TMR_RevB_TO_Start
 .text.MXC_TMR_RevB_GetTime
                0x10002100      0x138 C:/MaximSDK/Libraries/PeriphDrivers/bin/MAX78000/softfp/libPeriphDriver_softfp.a(tmr_revb.o)
                0x10002100                MXC_TMR_RevB_GetTime
 .text.MXC_UART_Shutdown
                0x10002238       0x70 C:/MaximSDK/Libraries/PeriphDrivers/bin/MAX78000/softfp/libPeriphDriver_softfp.a(uart_ai85.o)
                0x10002238                MXC_UART_Shutdown
 .text.MXC_UART_Init
                0x100022a8       0xb8 C:/MaximSDK/Libraries/PeriphDrivers/bin/MAX78000/softfp/libPeriphDriver_softfp.a(uart_ai85.o)
                0x100022a8                MXC_UART_Init
 .text.MXC_UART_SetFrequency
                0x10002360       0xcc C:/MaximSDK/Libraries/PeriphDrivers/bin/MAX78000/softfp/libPeriphDriver_softfp.a(uart_ai85.o)
                0x10002360                MXC_UART_SetFrequency
 .text.MXC_UART_GetFrequency
                0x1000242c       0x54 C:/MaximSDK/Libraries/PeriphDrivers/bin/MAX78000/softfp/libPeriphDriver_softfp.a(uart_ai85.o)
                0x1000242c                MXC_UART_GetFrequency
 .text.MXC_UART_SetDataSize
                0x10002480        0x4 C:/MaximSDK/Libraries/PeriphDrivers/bin/MAX78000/softfp/libPeriphDriver_softfp.a(uart_ai85.o)
                0x10002480                MXC_UART_SetDataSize
 .text.MXC_UART_SetStopBits
                0x10002484        0x4 C:/MaximSDK/Libraries/PeriphDrivers/bin/MAX78000/softfp/libPeriphDriver_softfp.a(uart_ai85.o)
                0x10002484                MXC_UART_SetStopBits
 .text.MXC_UART_SetParity
                0x10002488        0x4 C:/MaximSDK/Libraries/PeriphDrivers/bin/MAX78000/softfp/libPeriphDriver_softfp.a(uart_ai85.o)
                0x10002488                MXC_UART_SetParity
 .text.MXC_UART_ReadCharacterRaw
                0x1000248c        0x4 C:/MaximSDK/Libraries/PeriphDrivers/bin/MAX78000/softfp/libPeriphDriver_softfp.a(uart_ai85.o)
                0x1000248c                MXC_UART_ReadCharacterRaw
 .text.MXC_UART_WriteCharacterRaw
                0x10002490        0x4 C:/MaximSDK/Libraries/PeriphDrivers/bin/MAX78000/softfp/libPeriphDriver_softfp.a(uart_ai85.o)
                0x10002490                MXC_UART_WriteCharacterRaw
 .text.MXC_UART_ReadCharacter
                0x10002494        0x4 C:/MaximSDK/Libraries/PeriphDrivers/bin/MAX78000/softfp/libPeriphDriver_softfp.a(uart_ai85.o)
                0x10002494                MXC_UART_ReadCharacter
 .text.MXC_UART_WriteCharacter
                0x10002498        0x4 C:/MaximSDK/Libraries/PeriphDrivers/bin/MAX78000/softfp/libPeriphDriver_softfp.a(uart_ai85.o)
                0x10002498                MXC_UART_WriteCharacter
 .text.MXC_UART_GetRXFIFOAvailable
                0x1000249c        0x4 C:/MaximSDK/Libraries/PeriphDrivers/bin/MAX78000/softfp/libPeriphDriver_softfp.a(uart_ai85.o)
                0x1000249c                MXC_UART_GetRXFIFOAvailable
 .text.MXC_UART_GetTXFIFOAvailable
                0x100024a0        0x4 C:/MaximSDK/Libraries/PeriphDrivers/bin/MAX78000/softfp/libPeriphDriver_softfp.a(uart_ai85.o)
                0x100024a0                MXC_UART_GetTXFIFOAvailable
 .text.MXC_UART_SetRXThreshold
                0x100024a4        0x4 C:/MaximSDK/Libraries/PeriphDrivers/bin/MAX78000/softfp/libPeriphDriver_softfp.a(uart_ai85.o)
                0x100024a4                MXC_UART_SetRXThreshold
 .text.MXC_UART_Common_ReadCharacter
                0x100024a8       0x18 C:/MaximSDK/Libraries/PeriphDrivers/bin/MAX78000/softfp/libPeriphDriver_softfp.a(uart_common.o)
                0x100024a8                MXC_UART_Common_ReadCharacter
 .text.MXC_UART_Common_WriteCharacter
                0x100024c0       0x1c C:/MaximSDK/Libraries/PeriphDrivers/bin/MAX78000/softfp/libPeriphDriver_softfp.a(uart_common.o)
                0x100024c0                MXC_UART_Common_WriteCharacter
 .text.MXC_UART_RevB_Init
                0x100024dc       0x70 C:/MaximSDK/Libraries/PeriphDrivers/bin/MAX78000/softfp/libPeriphDriver_softfp.a(uart_revb.o)
                0x100024dc                MXC_UART_RevB_Init
 .text.MXC_UART_RevB_SetFrequency
                0x1000254c       0x9c C:/MaximSDK/Libraries/PeriphDrivers/bin/MAX78000/softfp/libPeriphDriver_softfp.a(uart_revb.o)
                0x1000254c                MXC_UART_RevB_SetFrequency
 .text.MXC_UART_RevB_GetFrequency
                0x100025e8       0x7c C:/MaximSDK/Libraries/PeriphDrivers/bin/MAX78000/softfp/libPeriphDriver_softfp.a(uart_revb.o)
                0x100025e8                MXC_UART_RevB_GetFrequency
 .text.MXC_UART_RevB_SetDataSize
                0x10002664       0x40 C:/MaximSDK/Libraries/PeriphDrivers/bin/MAX78000/softfp/libPeriphDriver_softfp.a(uart_revb.o)
                0x10002664                MXC_UART_RevB_SetDataSize
 .text.MXC_UART_RevB_SetStopBits
                0x100026a4       0x4c C:/MaximSDK/Libraries/PeriphDrivers/bin/MAX78000/softfp/libPeriphDriver_softfp.a(uart_revb.o)
                0x100026a4                MXC_UART_RevB_SetStopBits
 .text.MXC_UART_RevB_SetParity
                0x100026f0       0xb4 C:/MaximSDK/Libraries/PeriphDrivers/bin/MAX78000/softfp/libPeriphDriver_softfp.a(uart_revb.o)
                0x100026f0                MXC_UART_RevB_SetParity
 .text.MXC_UART_RevB_ReadCharacterRaw
                0x100027a4       0x38 C:/MaximSDK/Libraries/PeriphDrivers/bin/MAX78000/softfp/libPeriphDriver_softfp.a(uart_revb.o)
                0x100027a4                MXC_UART_RevB_ReadCharacterRaw
 .text.MXC_UART_RevB_WriteCharacterRaw
                0x100027dc       0x3c C:/MaximSDK/Libraries/PeriphDrivers/bin/MAX78000/softfp/libPeriphDriver_softfp.a(uart_revb.o)
                0x100027dc                MXC_UART_RevB_WriteCharacterRaw
 .text.MXC_UART_RevB_GetRXFIFOAvailable
                0x10002818        0x8 C:/MaximSDK/Libraries/PeriphDrivers/bin/MAX78000/softfp/libPeriphDriver_softfp.a(uart_revb.o)
                0x10002818                MXC_UART_RevB_GetRXFIFOAvailable
 .text.MXC_UART_RevB_GetTXFIFOAvailable
                0x10002820        0xc C:/MaximSDK/Libraries/PeriphDrivers/bin/MAX78000/softfp/libPeriphDriver_softfp.a(uart_revb.o)
                0x10002820                MXC_UART_RevB_GetTXFIFOAvailable
 .text.MXC_UART_RevB_SetRXThreshold
                0x1000282c       0x40 C:/MaximSDK/Libraries/PeriphDrivers/bin/MAX78000/softfp/libPeriphDriver_softfp.a(uart_revb.o)
                0x1000282c                MXC_UART_RevB_SetRXThreshold
 .text.MXC_GPIO_Common_Init
                0x1000286c       0x24 C:/MaximSDK/Libraries/PeriphDrivers/bin/MAX78000/softfp/libPeriphDriver_softfp.a(gpio_common.o)
                0x1000286c                MXC_GPIO_Common_Init
 .text.MXC_GPIO_Common_Handler
                0x10002890       0x88 C:/MaximSDK/Libraries/PeriphDrivers/bin/MAX78000/softfp/libPeriphDriver_softfp.a(gpio_common.o)
                0x10002890                MXC_GPIO_Common_Handler
 .text.MXC_TMR_Common_TO_Stop
                0x10002918       0x14 C:/MaximSDK/Libraries/PeriphDrivers/bin/MAX78000/softfp/libPeriphDriver_softfp.a(tmr_common.o)
                0x10002918                MXC_TMR_Common_TO_Stop
 .text.MXC_TMR_Common_SW_Start
                0x1000292c        0x8 C:/MaximSDK/Libraries/PeriphDrivers/bin/MAX78000/softfp/libPeriphDriver_softfp.a(tmr_common.o)
                0x1000292c                MXC_TMR_Common_SW_Start
 .text.MXC_TMR_Common_SW_Stop
                0x10002934       0x14 C:/MaximSDK/Libraries/PeriphDrivers/bin/MAX78000/softfp/libPeriphDriver_softfp.a(tmr_common.o)
                0x10002934                MXC_TMR_Common_SW_Stop
 .text.MXC_TMR_Common_TO_Elapsed
                0x10002948       0x54 C:/MaximSDK/Libraries/PeriphDrivers/bin/MAX78000/softfp/libPeriphDriver_softfp.a(tmr_common.o)
                0x10002948                MXC_TMR_Common_TO_Elapsed
 .text.__errno  0x1000299c        0xc c:/maximsdk/tools/gnutools/10.3/bin/../lib/gcc/arm-none-eabi/10.3.1/../../../../arm-none-eabi/lib/thumb/v7e-m+fp/softfp\libc.a(lib_a-errno.o)
                0x1000299c                __errno
 .text.__libc_init_array
                0x100029a8       0x48 c:/maximsdk/tools/gnutools/10.3/bin/../lib/gcc/arm-none-eabi/10.3.1/../../../../arm-none-eabi/lib/thumb/v7e-m+fp/softfp\libc.a(lib_a-init.o)
                0x100029a8                __libc_init_array
 .text._malloc_r
                0x100029f0      0x560 c:/maximsdk/tools/gnutools/10.3/bin/../lib/gcc/arm-none-eabi/10.3.1/../../../../arm-none-eabi/lib/thumb/v7e-m+fp/softfp\libc.a(lib_a-mallocr.o)
                0x100029f0                _malloc_r
 .text          0x10002f50      0x134 c:/maximsdk/tools/gnutools/10.3/bin/../lib/gcc/arm-none-eabi/10.3.1/../../../../arm-none-eabi/lib/thumb/v7e-m+fp/softfp\libc.a(lib_a-memcpy.o)
                0x10002f50                memcpy
 .text.memset   0x10003084       0xa4 c:/maximsdk/tools/gnutools/10.3/bin/../lib/gcc/arm-none-eabi/10.3.1/../../../../arm-none-eabi/lib/thumb/v7e-m+fp/softfp\libc.a(lib_a-memset.o)
                0x10003084                memset
 .text.__malloc_lock
                0x10003128        0xc c:/maximsdk/tools/gnutools/10.3/bin/../lib/gcc/arm-none-eabi/10.3.1/../../../../arm-none-eabi/lib/thumb/v7e-m+fp/softfp\libc.a(lib_a-mlock.o)
                0x10003128                __malloc_lock
 .text.__malloc_unlock
                0x10003134        0xc c:/maximsdk/tools/gnutools/10.3/bin/../lib/gcc/arm-none-eabi/10.3.1/../../../../arm-none-eabi/lib/thumb/v7e-m+fp/softfp\libc.a(lib_a-mlock.o)
                0x10003134                __malloc_unlock
 .text.printf   0x10003140       0x28 c:/maximsdk/tools/gnutools/10.3/bin/../lib/gcc/arm-none-eabi/10.3.1/../../../../arm-none-eabi/lib/thumb/v7e-m+fp/softfp\libc.a(lib_a-printf.o)
                0x10003140                printf
 .text._puts_r  0x10003168       0x9c c:/maximsdk/tools/gnutools/10.3/bin/../lib/gcc/arm-none-eabi/10.3.1/../../../../arm-none-eabi/lib/thumb/v7e-m+fp/softfp\libc.a(lib_a-puts.o)
                0x10003168                _puts_r
 .text.puts     0x10003204       0x10 c:/maximsdk/tools/gnutools/10.3/bin/../lib/gcc/arm-none-eabi/10.3.1/../../../../arm-none-eabi/lib/thumb/v7e-m+fp/softfp\libc.a(lib_a-puts.o)
                0x10003204                puts
 .text._sbrk_r  0x10003214       0x24 c:/maximsdk/tools/gnutools/10.3/bin/../lib/gcc/arm-none-eabi/10.3.1/../../../../arm-none-eabi/lib/thumb/v7e-m+fp/softfp\libc.a(lib_a-sbrkr.o)
                0x10003214                _sbrk_r
 *fill*         0x10003238        0x8 
 .text          0x10003240       0xdc c:/maximsdk/tools/gnutools/10.3/bin/../lib/gcc/arm-none-eabi/10.3.1/../../../../arm-none-eabi/lib/thumb/v7e-m+fp/softfp\libc.a(lib_a-strlen.o)
                0x10003240                strlen
 *fill*         0x1000331c        0x4 
 .text._vfprintf_r
                0x10003320     0x1b8c c:/maximsdk/tools/gnutools/10.3/bin/../lib/gcc/arm-none-eabi/10.3.1/../../../../arm-none-eabi/lib/thumb/v7e-m+fp/softfp\libc.a(lib_a-vfprintf.o)
                0x10003320                _vfprintf_r
 .text.__sbprintf
                0x10004eac       0x80 c:/maximsdk/tools/gnutools/10.3/bin/../lib/gcc/arm-none-eabi/10.3.1/../../../../arm-none-eabi/lib/thumb/v7e-m+fp/softfp\libc.a(lib_a-vfprintf.o)
 .text.__swsetup_r
                0x10004f2c       0xd4 c:/maximsdk/tools/gnutools/10.3/bin/../lib/gcc/arm-none-eabi/10.3.1/../../../../arm-none-eabi/lib/thumb/v7e-m+fp/softfp\libc.a(lib_a-wsetup.o)
                0x10004f2c                __swsetup_r
 .text.startup.register_fini
                0x10005000       0x14 c:/maximsdk/tools/gnutools/10.3/bin/../lib/gcc/arm-none-eabi/10.3.1/../../../../arm-none-eabi/lib/thumb/v7e-m+fp/softfp\libc.a(lib_a-__call_atexit.o)
 .text.atexit   0x10005014        0xc c:/maximsdk/tools/gnutools/10.3/bin/../lib/gcc/arm-none-eabi/10.3.1/../../../../arm-none-eabi/lib/thumb/v7e-m+fp/softfp\libc.a(lib_a-atexit.o)
                0x10005014                atexit
 .text.quorem   0x10005020      0x128 c:/maximsdk/tools/gnutools/10.3/bin/../lib/gcc/arm-none-eabi/10.3.1/../../../../arm-none-eabi/lib/thumb/v7e-m+fp/softfp\libc.a(lib_a-dtoa.o)
 .text._dtoa_r  0x10005148      0xf34 c:/maximsdk/tools/gnutools/10.3/bin/../lib/gcc/arm-none-eabi/10.3.1/../../../../arm-none-eabi/lib/thumb/v7e-m+fp/softfp\libc.a(lib_a-dtoa.o)
                0x10005148                _dtoa_r
 .text.__sflush_r
                0x1000607c      0x130 c:/maximsdk/tools/gnutools/10.3/bin/../lib/gcc/arm-none-eabi/10.3.1/../../../../arm-none-eabi/lib/thumb/v7e-m+fp/softfp\libc.a(lib_a-fflush.o)
                0x1000607c                __sflush_r
 .text._fflush_r
                0x100061ac       0x5c c:/maximsdk/tools/gnutools/10.3/bin/../lib/gcc/arm-none-eabi/10.3.1/../../../../arm-none-eabi/lib/thumb/v7e-m+fp/softfp\libc.a(lib_a-fflush.o)
                0x100061ac                _fflush_r
 .text._cleanup_r
                0x10006208        0xc c:/maximsdk/tools/gnutools/10.3/bin/../lib/gcc/arm-none-eabi/10.3.1/../../../../arm-none-eabi/lib/thumb/v7e-m+fp/softfp\libc.a(lib_a-findfp.o)
                0x10006208                _cleanup_r
 .text.__sinit  0x10006214      0x10c c:/maximsdk/tools/gnutools/10.3/bin/../lib/gcc/arm-none-eabi/10.3.1/../../../../arm-none-eabi/lib/thumb/v7e-m+fp/softfp\libc.a(lib_a-findfp.o)
                0x10006214                __sinit
 .text.__sfp_lock_acquire
                0x10006320        0xc c:/maximsdk/tools/gnutools/10.3/bin/../lib/gcc/arm-none-eabi/10.3.1/../../../../arm-none-eabi/lib/thumb/v7e-m+fp/softfp\libc.a(lib_a-findfp.o)
                0x10006320                __sfp_lock_acquire
 .text.__sfp_lock_release
                0x1000632c        0xc c:/maximsdk/tools/gnutools/10.3/bin/../lib/gcc/arm-none-eabi/10.3.1/../../../../arm-none-eabi/lib/thumb/v7e-m+fp/softfp\libc.a(lib_a-findfp.o)
                0x1000632c                __sfp_lock_release
 .text.__libc_fini_array
                0x10006338       0x2c c:/maximsdk/tools/gnutools/10.3/bin/../lib/gcc/arm-none-eabi/10.3.1/../../../../arm-none-eabi/lib/thumb/v7e-m+fp/softfp\libc.a(lib_a-fini.o)
                0x10006338                __libc_fini_array
 .text._malloc_trim_r
                0x10006364       0xa0 c:/maximsdk/tools/gnutools/10.3/bin/../lib/gcc/arm-none-eabi/10.3.1/../../../../arm-none-eabi/lib/thumb/v7e-m+fp/softfp\libc.a(lib_a-freer.o)
                0x10006364                _malloc_trim_r
 .text._free_r  0x10006404      0x20c c:/maximsdk/tools/gnutools/10.3/bin/../lib/gcc/arm-none-eabi/10.3.1/../../../../arm-none-eabi/lib/thumb/v7e-m+fp/softfp\libc.a(lib_a-freer.o)
                0x10006404                _free_r
 .text.__sfvwrite_r
                0x10006610      0x2f0 c:/maximsdk/tools/gnutools/10.3/bin/../lib/gcc/arm-none-eabi/10.3.1/../../../../arm-none-eabi/lib/thumb/v7e-m+fp/softfp\libc.a(lib_a-fvwrite.o)
                0x10006610                __sfvwrite_r
 .text._fwalk_reent
                0x10006900       0x48 c:/maximsdk/tools/gnutools/10.3/bin/../lib/gcc/arm-none-eabi/10.3.1/../../../../arm-none-eabi/lib/thumb/v7e-m+fp/softfp\libc.a(lib_a-fwalk.o)
                0x10006900                _fwalk_reent
 .text._localeconv_r
                0x10006948        0x8 c:/maximsdk/tools/gnutools/10.3/bin/../lib/gcc/arm-none-eabi/10.3.1/../../../../arm-none-eabi/lib/thumb/v7e-m+fp/softfp\libc.a(lib_a-localeconv.o)
                0x10006948                _localeconv_r
 .text.__retarget_lock_init_recursive
                0x10006950        0x4 c:/maximsdk/tools/gnutools/10.3/bin/../lib/gcc/arm-none-eabi/10.3.1/../../../../arm-none-eabi/lib/thumb/v7e-m+fp/softfp\libc.a(lib_a-lock.o)
                0x10006950                __retarget_lock_init_recursive
 .text.__retarget_lock_close_recursive
                0x10006954        0x4 c:/maximsdk/tools/gnutools/10.3/bin/../lib/gcc/arm-none-eabi/10.3.1/../../../../arm-none-eabi/lib/thumb/v7e-m+fp/softfp\libc.a(lib_a-lock.o)
                0x10006954                __retarget_lock_close_recursive
 .text.__retarget_lock_acquire_recursive
                0x10006958        0x4 c:/maximsdk/tools/gnutools/10.3/bin/../lib/gcc/arm-none-eabi/10.3.1/../../../../arm-none-eabi/lib/thumb/v7e-m+fp/softfp\libc.a(lib_a-lock.o)
                0x10006958                __retarget_lock_acquire_recursive
 .text.__retarget_lock_release_recursive
                0x1000695c        0x4 c:/maximsdk/tools/gnutools/10.3/bin/../lib/gcc/arm-none-eabi/10.3.1/../../../../arm-none-eabi/lib/thumb/v7e-m+fp/softfp\libc.a(lib_a-lock.o)
                0x1000695c                __retarget_lock_release_recursive
 .text.__smakebuf_r
                0x10006960       0xe0 c:/maximsdk/tools/gnutools/10.3/bin/../lib/gcc/arm-none-eabi/10.3.1/../../../../arm-none-eabi/lib/thumb/v7e-m+fp/softfp\libc.a(lib_a-makebuf.o)
                0x10006960                __smakebuf_r
 .text          0x10006a40       0xa0 c:/maximsdk/tools/gnutools/10.3/bin/../lib/gcc/arm-none-eabi/10.3.1/../../../../arm-none-eabi/lib/thumb/v7e-m+fp/softfp\libc.a(lib_a-memchr.o)
                0x10006a40                memchr
 .text.memmove  0x10006ae0       0xf8 c:/maximsdk/tools/gnutools/10.3/bin/../lib/gcc/arm-none-eabi/10.3.1/../../../../arm-none-eabi/lib/thumb/v7e-m+fp/softfp\libc.a(lib_a-memmove.o)
                0x10006ae0                memmove
 .text._Balloc  0x10006bd8       0x4c c:/maximsdk/tools/gnutools/10.3/bin/../lib/gcc/arm-none-eabi/10.3.1/../../../../arm-none-eabi/lib/thumb/v7e-m+fp/softfp\libc.a(lib_a-mprec.o)
                0x10006bd8                _Balloc
 .text._Bfree   0x10006c24       0x14 c:/maximsdk/tools/gnutools/10.3/bin/../lib/gcc/arm-none-eabi/10.3.1/../../../../arm-none-eabi/lib/thumb/v7e-m+fp/softfp\libc.a(lib_a-mprec.o)
                0x10006c24                _Bfree
 .text.__multadd
                0x10006c38       0xa8 c:/maximsdk/tools/gnutools/10.3/bin/../lib/gcc/arm-none-eabi/10.3.1/../../../../arm-none-eabi/lib/thumb/v7e-m+fp/softfp\libc.a(lib_a-mprec.o)
                0x10006c38                __multadd
 .text.__hi0bits
                0x10006ce0       0x40 c:/maximsdk/tools/gnutools/10.3/bin/../lib/gcc/arm-none-eabi/10.3.1/../../../../arm-none-eabi/lib/thumb/v7e-m+fp/softfp\libc.a(lib_a-mprec.o)
                0x10006ce0                __hi0bits
 .text.__lo0bits
                0x10006d20       0x60 c:/maximsdk/tools/gnutools/10.3/bin/../lib/gcc/arm-none-eabi/10.3.1/../../../../arm-none-eabi/lib/thumb/v7e-m+fp/softfp\libc.a(lib_a-mprec.o)
                0x10006d20                __lo0bits
 .text.__i2b    0x10006d80       0x5c c:/maximsdk/tools/gnutools/10.3/bin/../lib/gcc/arm-none-eabi/10.3.1/../../../../arm-none-eabi/lib/thumb/v7e-m+fp/softfp\libc.a(lib_a-mprec.o)
                0x10006d80                __i2b
 .text.__multiply
                0x10006ddc      0x15c c:/maximsdk/tools/gnutools/10.3/bin/../lib/gcc/arm-none-eabi/10.3.1/../../../../arm-none-eabi/lib/thumb/v7e-m+fp/softfp\libc.a(lib_a-mprec.o)
                0x10006ddc                __multiply
 .text.__pow5mult
                0x10006f38       0xc0 c:/maximsdk/tools/gnutools/10.3/bin/../lib/gcc/arm-none-eabi/10.3.1/../../../../arm-none-eabi/lib/thumb/v7e-m+fp/softfp\libc.a(lib_a-mprec.o)
                0x10006f38                __pow5mult
 .text.__lshift
                0x10006ff8       0xf0 c:/maximsdk/tools/gnutools/10.3/bin/../lib/gcc/arm-none-eabi/10.3.1/../../../../arm-none-eabi/lib/thumb/v7e-m+fp/softfp\libc.a(lib_a-mprec.o)
                0x10006ff8                __lshift
 .text.__mcmp   0x100070e8       0x44 c:/maximsdk/tools/gnutools/10.3/bin/../lib/gcc/arm-none-eabi/10.3.1/../../../../arm-none-eabi/lib/thumb/v7e-m+fp/softfp\libc.a(lib_a-mprec.o)
                0x100070e8                __mcmp
 .text.__mdiff  0x1000712c      0x14c c:/maximsdk/tools/gnutools/10.3/bin/../lib/gcc/arm-none-eabi/10.3.1/../../../../arm-none-eabi/lib/thumb/v7e-m+fp/softfp\libc.a(lib_a-mprec.o)
                0x1000712c                __mdiff
 .text.__d2b    0x10007278       0xc4 c:/maximsdk/tools/gnutools/10.3/bin/../lib/gcc/arm-none-eabi/10.3.1/../../../../arm-none-eabi/lib/thumb/v7e-m+fp/softfp\libc.a(lib_a-mprec.o)
                0x10007278                __d2b
 .text._realloc_r
                0x1000733c      0x3d8 c:/maximsdk/tools/gnutools/10.3/bin/../lib/gcc/arm-none-eabi/10.3.1/../../../../arm-none-eabi/lib/thumb/v7e-m+fp/softfp\libc.a(lib_a-reallocr.o)
                0x1000733c                _realloc_r
 .text.frexp    0x10007714       0x70 c:/maximsdk/tools/gnutools/10.3/bin/../lib/gcc/arm-none-eabi/10.3.1/../../../../arm-none-eabi/lib/thumb/v7e-m+fp/softfp\libc.a(lib_a-s_frexp.o)
                0x10007714                frexp
 .text.__sread  0x10007784       0x24 c:/maximsdk/tools/gnutools/10.3/bin/../lib/gcc/arm-none-eabi/10.3.1/../../../../arm-none-eabi/lib/thumb/v7e-m+fp/softfp\libc.a(lib_a-stdio.o)
                0x10007784                __sread
 .text.__swrite
                0x100077a8       0x40 c:/maximsdk/tools/gnutools/10.3/bin/../lib/gcc/arm-none-eabi/10.3.1/../../../../arm-none-eabi/lib/thumb/v7e-m+fp/softfp\libc.a(lib_a-stdio.o)
                0x100077a8                __swrite
 .text.__sseek  0x100077e8       0x20 c:/maximsdk/tools/gnutools/10.3/bin/../lib/gcc/arm-none-eabi/10.3.1/../../../../arm-none-eabi/lib/thumb/v7e-m+fp/softfp\libc.a(lib_a-stdio.o)
                0x100077e8                __sseek
 .text.__sclose
                0x10007808        0x8 c:/maximsdk/tools/gnutools/10.3/bin/../lib/gcc/arm-none-eabi/10.3.1/../../../../arm-none-eabi/lib/thumb/v7e-m+fp/softfp\libc.a(lib_a-stdio.o)
                0x10007808                __sclose
 .text.strncpy  0x10007810       0x64 c:/maximsdk/tools/gnutools/10.3/bin/../lib/gcc/arm-none-eabi/10.3.1/../../../../arm-none-eabi/lib/thumb/v7e-m+fp/softfp\libc.a(lib_a-strncpy.o)
                0x10007810                strncpy
 .text.__sprint_r.part.0
                0x10007874       0x78 c:/maximsdk/tools/gnutools/10.3/bin/../lib/gcc/arm-none-eabi/10.3.1/../../../../arm-none-eabi/lib/thumb/v7e-m+fp/softfp\libc.a(lib_a-vfiprintf.o)
 .text.__sprint_r
                0x100078ec       0x18 c:/maximsdk/tools/gnutools/10.3/bin/../lib/gcc/arm-none-eabi/10.3.1/../../../../arm-none-eabi/lib/thumb/v7e-m+fp/softfp\libc.a(lib_a-vfiprintf.o)
                0x100078ec                __sprint_r
 .text._vfiprintf_r
                0x10007904      0xdfc c:/maximsdk/tools/gnutools/10.3/bin/../lib/gcc/arm-none-eabi/10.3.1/../../../../arm-none-eabi/lib/thumb/v7e-m+fp/softfp\libc.a(lib_a-vfiprintf.o)
                0x10007904                _vfiprintf_r
 .text.__sbprintf
                0x10008700       0x80 c:/maximsdk/tools/gnutools/10.3/bin/../lib/gcc/arm-none-eabi/10.3.1/../../../../arm-none-eabi/lib/thumb/v7e-m+fp/softfp\libc.a(lib_a-vfiprintf.o)
 .text._write_r
                0x10008780       0x2c c:/maximsdk/tools/gnutools/10.3/bin/../lib/gcc/arm-none-eabi/10.3.1/../../../../arm-none-eabi/lib/thumb/v7e-m+fp/softfp\libc.a(lib_a-writer.o)
                0x10008780                _write_r
 .text.__register_exitproc
                0x100087ac       0x8c c:/maximsdk/tools/gnutools/10.3/bin/../lib/gcc/arm-none-eabi/10.3.1/../../../../arm-none-eabi/lib/thumb/v7e-m+fp/softfp\libc.a(lib_a-__atexit.o)
                0x100087ac                __register_exitproc
 .text.__assert_func
                0x10008838       0x40 c:/maximsdk/tools/gnutools/10.3/bin/../lib/gcc/arm-none-eabi/10.3.1/../../../../arm-none-eabi/lib/thumb/v7e-m+fp/softfp\libc.a(lib_a-assert.o)
                0x10008838                __assert_func
 .text._calloc_r
                0x10008878       0x78 c:/maximsdk/tools/gnutools/10.3/bin/../lib/gcc/arm-none-eabi/10.3.1/../../../../arm-none-eabi/lib/thumb/v7e-m+fp/softfp\libc.a(lib_a-callocr.o)
                0x10008878                _calloc_r
 .text._close_r
                0x100088f0       0x24 c:/maximsdk/tools/gnutools/10.3/bin/../lib/gcc/arm-none-eabi/10.3.1/../../../../arm-none-eabi/lib/thumb/v7e-m+fp/softfp\libc.a(lib_a-closer.o)
                0x100088f0                _close_r
 .text._fclose_r
                0x10008914       0xcc c:/maximsdk/tools/gnutools/10.3/bin/../lib/gcc/arm-none-eabi/10.3.1/../../../../arm-none-eabi/lib/thumb/v7e-m+fp/softfp\libc.a(lib_a-fclose.o)
                0x10008914                _fclose_r
 .text.fiprintf
                0x100089e0       0x28 c:/maximsdk/tools/gnutools/10.3/bin/../lib/gcc/arm-none-eabi/10.3.1/../../../../arm-none-eabi/lib/thumb/v7e-m+fp/softfp\libc.a(lib_a-fiprintf.o)
                0x100089e0                fiprintf
 .text.__fputwc
                0x10008a08       0xa8 c:/maximsdk/tools/gnutools/10.3/bin/../lib/gcc/arm-none-eabi/10.3.1/../../../../arm-none-eabi/lib/thumb/v7e-m+fp/softfp\libc.a(lib_a-fputwc.o)
                0x10008a08                __fputwc
 .text._fputwc_r
                0x10008ab0       0x68 c:/maximsdk/tools/gnutools/10.3/bin/../lib/gcc/arm-none-eabi/10.3.1/../../../../arm-none-eabi/lib/thumb/v7e-m+fp/softfp\libc.a(lib_a-fputwc.o)
                0x10008ab0                _fputwc_r
 .text._fstat_r
                0x10008b18       0x2c c:/maximsdk/tools/gnutools/10.3/bin/../lib/gcc/arm-none-eabi/10.3.1/../../../../arm-none-eabi/lib/thumb/v7e-m+fp/softfp\libc.a(lib_a-fstatr.o)
                0x10008b18                _fstat_r
 .text._isatty_r
                0x10008b44       0x24 c:/maximsdk/tools/gnutools/10.3/bin/../lib/gcc/arm-none-eabi/10.3.1/../../../../arm-none-eabi/lib/thumb/v7e-m+fp/softfp\libc.a(lib_a-isattyr.o)
                0x10008b44                _isatty_r
 .text.__locale_mb_cur_max
                0x10008b68        0xc c:/maximsdk/tools/gnutools/10.3/bin/../lib/gcc/arm-none-eabi/10.3.1/../../../../arm-none-eabi/lib/thumb/v7e-m+fp/softfp\libc.a(lib_a-locale.o)
                0x10008b68                __locale_mb_cur_max
 .text._lseek_r
                0x10008b74       0x2c c:/maximsdk/tools/gnutools/10.3/bin/../lib/gcc/arm-none-eabi/10.3.1/../../../../arm-none-eabi/lib/thumb/v7e-m+fp/softfp\libc.a(lib_a-lseekr.o)
                0x10008b74                _lseek_r
 .text.__ascii_mbtowc
                0x10008ba0       0x2c c:/maximsdk/tools/gnutools/10.3/bin/../lib/gcc/arm-none-eabi/10.3.1/../../../../arm-none-eabi/lib/thumb/v7e-m+fp/softfp\libc.a(lib_a-mbtowc_r.o)
                0x10008ba0                __ascii_mbtowc
 .text._read_r  0x10008bcc       0x2c c:/maximsdk/tools/gnutools/10.3/bin/../lib/gcc/arm-none-eabi/10.3.1/../../../../arm-none-eabi/lib/thumb/v7e-m+fp/softfp\libc.a(lib_a-readr.o)
                0x10008bcc                _read_r
 .text.__swbuf_r
                0x10008bf8       0xb0 c:/maximsdk/tools/gnutools/10.3/bin/../lib/gcc/arm-none-eabi/10.3.1/../../../../arm-none-eabi/lib/thumb/v7e-m+fp/softfp\libc.a(lib_a-wbuf.o)
                0x10008bf8                __swbuf_r
 .text._wcrtomb_r
                0x10008ca8       0x3c c:/maximsdk/tools/gnutools/10.3/bin/../lib/gcc/arm-none-eabi/10.3.1/../../../../arm-none-eabi/lib/thumb/v7e-m+fp/softfp\libc.a(lib_a-wcrtomb.o)
                0x10008ca8                _wcrtomb_r
 .text.__ascii_wctomb
                0x10008ce4       0x1c c:/maximsdk/tools/gnutools/10.3/bin/../lib/gcc/arm-none-eabi/10.3.1/../../../../arm-none-eabi/lib/thumb/v7e-m+fp/softfp\libc.a(lib_a-wctomb_r.o)
                0x10008ce4                __ascii_wctomb
 .text.abort    0x10008d00       0x10 c:/maximsdk/tools/gnutools/10.3/bin/../lib/gcc/arm-none-eabi/10.3.1/../../../../arm-none-eabi/lib/thumb/v7e-m+fp/softfp\libc.a(lib_a-abort.o)
                0x10008d00                abort
 .text.raise    0x10008d10       0x5c c:/maximsdk/tools/gnutools/10.3/bin/../lib/gcc/arm-none-eabi/10.3.1/../../../../arm-none-eabi/lib/thumb/v7e-m+fp/softfp\libc.a(lib_a-signal.o)
                0x10008d10                raise
 .text._kill_r  0x10008d6c       0x2c c:/maximsdk/tools/gnutools/10.3/bin/../lib/gcc/arm-none-eabi/10.3.1/../../../../arm-none-eabi/lib/thumb/v7e-m+fp/softfp\libc.a(lib_a-signalr.o)
                0x10008d6c                _kill_r
 .text._getpid_r
                0x10008d98        0x4 c:/maximsdk/tools/gnutools/10.3/bin/../lib/gcc/arm-none-eabi/10.3.1/../../../../arm-none-eabi/lib/thumb/v7e-m+fp/softfp\libc.a(lib_a-signalr.o)
                0x10008d98                _getpid_r
 .text._getpid  0x10008d9c       0x10 c:/maximsdk/tools/gnutools/10.3/bin/../lib/gcc/arm-none-eabi/10.3.1/../../../../arm-none-eabi/lib/thumb/v7e-m+fp/softfp\libnosys.a(getpid.o)
                0x10008d9c                _getpid
 .text._kill    0x10008dac       0x10 c:/maximsdk/tools/gnutools/10.3/bin/../lib/gcc/arm-none-eabi/10.3.1/../../../../arm-none-eabi/lib/thumb/v7e-m+fp/softfp\libnosys.a(kill.o)
                0x10008dac                _kill
 .text._exit    0x10008dbc        0x4 c:/maximsdk/tools/gnutools/10.3/bin/../lib/gcc/arm-none-eabi/10.3.1/../../../../arm-none-eabi/lib/thumb/v7e-m+fp/softfp\libnosys.a(_exit.o)
                0x10008dbc                _exit
 .text          0x10008dc0      0x378 c:/maximsdk/tools/gnutools/10.3/bin/../lib/gcc/arm-none-eabi/10.3.1/thumb/v7e-m+fp/softfp\libgcc.a(_arm_addsubdf3.o)
                0x10008dc0                __aeabi_drsub
                0x10008dc8                __aeabi_dsub
                0x10008dc8                __subdf3
                0x10008dcc                __aeabi_dadd
                0x10008dcc                __adddf3
                0x10009044                __floatunsidf
                0x10009044                __aeabi_ui2d
                0x10009064                __floatsidf
                0x10009064                __aeabi_i2d
                0x10009088                __aeabi_f2d
                0x10009088                __extendsfdf2
                0x100090cc                __floatundidf
                0x100090cc                __aeabi_ul2d
                0x100090dc                __floatdidf
                0x100090dc                __aeabi_l2d
 .text          0x10009138      0x424 c:/maximsdk/tools/gnutools/10.3/bin/../lib/gcc/arm-none-eabi/10.3.1/thumb/v7e-m+fp/softfp\libgcc.a(_arm_muldivdf3.o)
                0x10009138                __aeabi_dmul
                0x10009138                __muldf3
                0x1000938c                __divdf3
                0x1000938c                __aeabi_ddiv
 .text          0x1000955c      0x110 c:/maximsdk/tools/gnutools/10.3/bin/../lib/gcc/arm-none-eabi/10.3.1/thumb/v7e-m+fp/softfp\libgcc.a(_arm_cmpdf2.o)
                0x1000955c                __gtdf2
                0x1000955c                __gedf2
                0x10009564                __ltdf2
                0x10009564                __ledf2
                0x1000956c                __nedf2
                0x1000956c                __eqdf2
                0x1000956c                __cmpdf2
                0x100095e8                __aeabi_cdrcmple
                0x100095f8                __aeabi_cdcmpeq
                0x100095f8                __aeabi_cdcmple
                0x10009608                __aeabi_dcmpeq
                0x1000961c                __aeabi_dcmplt
                0x10009630                __aeabi_dcmple
                0x10009644                __aeabi_dcmpge
                0x10009658                __aeabi_dcmpgt
 .text          0x1000966c       0x2c c:/maximsdk/tools/gnutools/10.3/bin/../lib/gcc/arm-none-eabi/10.3.1/thumb/v7e-m+fp/softfp\libgcc.a(_arm_unorddf2.o)
                0x1000966c                __unorddf2
                0x1000966c                __aeabi_dcmpun
 .text          0x10009698       0x50 c:/maximsdk/tools/gnutools/10.3/bin/../lib/gcc/arm-none-eabi/10.3.1/thumb/v7e-m+fp/softfp\libgcc.a(_arm_fixdfsi.o)
                0x10009698                __aeabi_d2iz
                0x10009698                __fixdfsi
 .text          0x100096e8       0xa0 c:/maximsdk/tools/gnutools/10.3/bin/../lib/gcc/arm-none-eabi/10.3.1/thumb/v7e-m+fp/softfp\libgcc.a(_aeabi_ldivmod.o)
                0x100096e8                __aeabi_ldivmod
 .text          0x10009788       0x30 c:/maximsdk/tools/gnutools/10.3/bin/../lib/gcc/arm-none-eabi/10.3.1/thumb/v7e-m+fp/softfp\libgcc.a(_aeabi_uldivmod.o)
                0x10009788                __aeabi_uldivmod
 .text          0x100097b8      0x2d0 c:/maximsdk/tools/gnutools/10.3/bin/../lib/gcc/arm-none-eabi/10.3.1/thumb/v7e-m+fp/softfp\libgcc.a(_udivmoddi4.o)
                0x100097b8                __udivmoddi4
 .text          0x10009a88        0x4 c:/maximsdk/tools/gnutools/10.3/bin/../lib/gcc/arm-none-eabi/10.3.1/thumb/v7e-m+fp/softfp\libgcc.a(_dvmd_tls.o)
                0x10009a88                __aeabi_idiv0
                0x10009a88                __aeabi_ldiv0
 *(.rodata*)
 .rodata.fail.str1.4
                0x10009a8c        0xf C:/Users/p_hae/Documents/_Code/KeyWordSpotting_on_MAX78000/leftandright/1D/v3_depth/kwsv3/build/main.o
 *fill*         0x10009a9b        0x1 
 .rodata.check_output.str1.4
                0x10009a9c       0x48 C:/Users/p_hae/Documents/_Code/KeyWordSpotting_on_MAX78000/leftandright/1D/v3_depth/kwsv3/build/main.o
 .rodata.main.str1.4
                0x10009ae4       0x98 C:/Users/p_hae/Documents/_Code/KeyWordSpotting_on_MAX78000/leftandright/1D/v3_depth/kwsv3/build/main.o
 .rodata.input_0
                0x10009b7c      0x200 C:/Users/p_hae/Documents/_Code/KeyWordSpotting_on_MAX78000/leftandright/1D/v3_depth/kwsv3/build/main.o
 .rodata.input_12
                0x10009d7c      0x200 C:/Users/p_hae/Documents/_Code/KeyWordSpotting_on_MAX78000/leftandright/1D/v3_depth/kwsv3/build/main.o
 .rodata.input_16
                0x10009f7c      0x200 C:/Users/p_hae/Documents/_Code/KeyWordSpotting_on_MAX78000/leftandright/1D/v3_depth/kwsv3/build/main.o
 .rodata.input_20
                0x1000a17c      0x200 C:/Users/p_hae/Documents/_Code/KeyWordSpotting_on_MAX78000/leftandright/1D/v3_depth/kwsv3/build/main.o
 .rodata.input_24
                0x1000a37c      0x200 C:/Users/p_hae/Documents/_Code/KeyWordSpotting_on_MAX78000/leftandright/1D/v3_depth/kwsv3/build/main.o
 .rodata.input_28
                0x1000a57c      0x200 C:/Users/p_hae/Documents/_Code/KeyWordSpotting_on_MAX78000/leftandright/1D/v3_depth/kwsv3/build/main.o
 .rodata.input_32
                0x1000a77c      0x200 C:/Users/p_hae/Documents/_Code/KeyWordSpotting_on_MAX78000/leftandright/1D/v3_depth/kwsv3/build/main.o
 .rodata.input_36
                0x1000a97c      0x200 C:/Users/p_hae/Documents/_Code/KeyWordSpotting_on_MAX78000/leftandright/1D/v3_depth/kwsv3/build/main.o
 .rodata.input_4
                0x1000ab7c      0x200 C:/Users/p_hae/Documents/_Code/KeyWordSpotting_on_MAX78000/leftandright/1D/v3_depth/kwsv3/build/main.o
 .rodata.input_40
                0x1000ad7c      0x200 C:/Users/p_hae/Documents/_Code/KeyWordSpotting_on_MAX78000/leftandright/1D/v3_depth/kwsv3/build/main.o
 .rodata.input_44
                0x1000af7c      0x200 C:/Users/p_hae/Documents/_Code/KeyWordSpotting_on_MAX78000/leftandright/1D/v3_depth/kwsv3/build/main.o
 .rodata.input_48
                0x1000b17c      0x200 C:/Users/p_hae/Documents/_Code/KeyWordSpotting_on_MAX78000/leftandright/1D/v3_depth/kwsv3/build/main.o
 .rodata.input_52
                0x1000b37c      0x200 C:/Users/p_hae/Documents/_Code/KeyWordSpotting_on_MAX78000/leftandright/1D/v3_depth/kwsv3/build/main.o
 .rodata.input_56
                0x1000b57c      0x200 C:/Users/p_hae/Documents/_Code/KeyWordSpotting_on_MAX78000/leftandright/1D/v3_depth/kwsv3/build/main.o
 .rodata.input_60
                0x1000b77c      0x200 C:/Users/p_hae/Documents/_Code/KeyWordSpotting_on_MAX78000/leftandright/1D/v3_depth/kwsv3/build/main.o
 .rodata.input_8
                0x1000b97c      0x200 C:/Users/p_hae/Documents/_Code/KeyWordSpotting_on_MAX78000/leftandright/1D/v3_depth/kwsv3/build/main.o
 .rodata.sample_output
                0x1000bb7c       0x1c C:/Users/p_hae/Documents/_Code/KeyWordSpotting_on_MAX78000/leftandright/1D/v3_depth/kwsv3/build/main.o
 .rodata.kernels
                0x1000bb98    0x26304 C:/Users/p_hae/Documents/_Code/KeyWordSpotting_on_MAX78000/leftandright/1D/v3_depth/kwsv3/build/cnn.o
 .rodata.mxc_assert.str1.4
                0x10031e9c       0x19 C:/Users/p_hae/Documents/_Code/KeyWordSpotting_on_MAX78000/leftandright/1D/v3_depth/kwsv3/build/board.o
 *fill*         0x10031eb5        0x3 
 .rodata.Board_Init.str1.4
                0x10031eb8       0x45 C:/Users/p_hae/Documents/_Code/KeyWordSpotting_on_MAX78000/leftandright/1D/v3_depth/kwsv3/build/board.o
 *fill*         0x10031efd        0x3 
 .rodata.led_pin
                0x10031f00       0x24 C:/Users/p_hae/Documents/_Code/KeyWordSpotting_on_MAX78000/leftandright/1D/v3_depth/kwsv3/build/board.o
                0x10031f00                led_pin
 .rodata.num_leds
                0x10031f24        0x4 C:/Users/p_hae/Documents/_Code/KeyWordSpotting_on_MAX78000/leftandright/1D/v3_depth/kwsv3/build/board.o
                0x10031f24                num_leds
 .rodata.num_pbs
                0x10031f28        0x4 C:/Users/p_hae/Documents/_Code/KeyWordSpotting_on_MAX78000/leftandright/1D/v3_depth/kwsv3/build/board.o
                0x10031f28                num_pbs
 .rodata.pb_pin
                0x10031f2c       0x18 C:/Users/p_hae/Documents/_Code/KeyWordSpotting_on_MAX78000/leftandright/1D/v3_depth/kwsv3/build/board.o
                0x10031f2c                pb_pin
 .rodata.LED_On.str1.4
                0x10031f44       0x5f C:/Users/p_hae/Documents/_Code/KeyWordSpotting_on_MAX78000/leftandright/1D/v3_depth/kwsv3/build/led.o
 *fill*         0x10031fa3        0x1 
 .rodata.gpio_cfg_tmr0
                0x10031fa4        0xc C:/MaximSDK/Libraries/PeriphDrivers/bin/MAX78000/softfp/libPeriphDriver_softfp.a(pins_ai85.o)
                0x10031fa4                gpio_cfg_tmr0
 .rodata.gpio_cfg_tmr0b
                0x10031fb0        0xc C:/MaximSDK/Libraries/PeriphDrivers/bin/MAX78000/softfp/libPeriphDriver_softfp.a(pins_ai85.o)
                0x10031fb0                gpio_cfg_tmr0b
 .rodata.gpio_cfg_tmr1
                0x10031fbc        0xc C:/MaximSDK/Libraries/PeriphDrivers/bin/MAX78000/softfp/libPeriphDriver_softfp.a(pins_ai85.o)
                0x10031fbc                gpio_cfg_tmr1
 .rodata.gpio_cfg_tmr1b
                0x10031fc8        0xc C:/MaximSDK/Libraries/PeriphDrivers/bin/MAX78000/softfp/libPeriphDriver_softfp.a(pins_ai85.o)
                0x10031fc8                gpio_cfg_tmr1b
 .rodata.gpio_cfg_tmr2
                0x10031fd4        0xc C:/MaximSDK/Libraries/PeriphDrivers/bin/MAX78000/softfp/libPeriphDriver_softfp.a(pins_ai85.o)
                0x10031fd4                gpio_cfg_tmr2
 .rodata.gpio_cfg_tmr2b
                0x10031fe0        0xc C:/MaximSDK/Libraries/PeriphDrivers/bin/MAX78000/softfp/libPeriphDriver_softfp.a(pins_ai85.o)
                0x10031fe0                gpio_cfg_tmr2b
 .rodata.gpio_cfg_tmr3
                0x10031fec        0xc C:/MaximSDK/Libraries/PeriphDrivers/bin/MAX78000/softfp/libPeriphDriver_softfp.a(pins_ai85.o)
                0x10031fec                gpio_cfg_tmr3
 .rodata.gpio_cfg_tmr3b
                0x10031ff8        0xc C:/MaximSDK/Libraries/PeriphDrivers/bin/MAX78000/softfp/libPeriphDriver_softfp.a(pins_ai85.o)
                0x10031ff8                gpio_cfg_tmr3b
 .rodata.gpio_cfg_tmr4
                0x10032004        0xc C:/MaximSDK/Libraries/PeriphDrivers/bin/MAX78000/softfp/libPeriphDriver_softfp.a(pins_ai85.o)
                0x10032004                gpio_cfg_tmr4
 .rodata.gpio_cfg_tmr5
                0x10032010        0xc C:/MaximSDK/Libraries/PeriphDrivers/bin/MAX78000/softfp/libPeriphDriver_softfp.a(pins_ai85.o)
                0x10032010                gpio_cfg_tmr5
 .rodata.gpio_cfg_uart0
                0x1003201c        0xc C:/MaximSDK/Libraries/PeriphDrivers/bin/MAX78000/softfp/libPeriphDriver_softfp.a(pins_ai85.o)
                0x1003201c                gpio_cfg_uart0
 .rodata.gpio_cfg_uart1
                0x10032028        0xc C:/MaximSDK/Libraries/PeriphDrivers/bin/MAX78000/softfp/libPeriphDriver_softfp.a(pins_ai85.o)
                0x10032028                gpio_cfg_uart1
 .rodata.gpio_cfg_uart2
                0x10032034        0xc C:/MaximSDK/Libraries/PeriphDrivers/bin/MAX78000/softfp/libPeriphDriver_softfp.a(pins_ai85.o)
                0x10032034                gpio_cfg_uart2
 .rodata.gpio_cfg_uart3
                0x10032040        0xc C:/MaximSDK/Libraries/PeriphDrivers/bin/MAX78000/softfp/libPeriphDriver_softfp.a(pins_ai85.o)
                0x10032040                gpio_cfg_uart3
 .rodata.MXC_TMR_Init.str1.4
                0x1003204c       0x50 C:/MaximSDK/Libraries/PeriphDrivers/bin/MAX78000/softfp/libPeriphDriver_softfp.a(tmr_ai85.o)
 .rodata.MXC_TMR_RevB_ConfigGeneric.str1.4
                0x1003209c       0x43 C:/MaximSDK/Libraries/PeriphDrivers/bin/MAX78000/softfp/libPeriphDriver_softfp.a(tmr_revb.o)
                                 0x50 (size before relaxing)
 *fill*         0x100320df        0x1 
 .rodata.MXC_GPIO_Common_Handler.str1.4
                0x100320e0       0x66 C:/MaximSDK/Libraries/PeriphDrivers/bin/MAX78000/softfp/libPeriphDriver_softfp.a(gpio_common.o)
 *fill*         0x10032146        0x2 
 .rodata._global_impure_ptr
                0x10032148        0x4 c:/maximsdk/tools/gnutools/10.3/bin/../lib/gcc/arm-none-eabi/10.3.1/../../../../arm-none-eabi/lib/thumb/v7e-m+fp/softfp\libc.a(lib_a-impure.o)
                0x10032148                _global_impure_ptr
 .rodata._puts_r.str1.4
                0x1003214c        0x2 c:/maximsdk/tools/gnutools/10.3/bin/../lib/gcc/arm-none-eabi/10.3.1/../../../../arm-none-eabi/lib/thumb/v7e-m+fp/softfp\libc.a(lib_a-puts.o)
 *fill*         0x1003214e        0x2 
 .rodata._vfprintf_r.str1.4
                0x10032150       0x42 c:/maximsdk/tools/gnutools/10.3/bin/../lib/gcc/arm-none-eabi/10.3.1/../../../../arm-none-eabi/lib/thumb/v7e-m+fp/softfp\libc.a(lib_a-vfprintf.o)
 *fill*         0x10032192        0x2 
 .rodata.blanks.1
                0x10032194       0x10 c:/maximsdk/tools/gnutools/10.3/bin/../lib/gcc/arm-none-eabi/10.3.1/../../../../arm-none-eabi/lib/thumb/v7e-m+fp/softfp\libc.a(lib_a-vfprintf.o)
 .rodata.zeroes.0
                0x100321a4       0x10 c:/maximsdk/tools/gnutools/10.3/bin/../lib/gcc/arm-none-eabi/10.3.1/../../../../arm-none-eabi/lib/thumb/v7e-m+fp/softfp\libc.a(lib_a-vfprintf.o)
 .rodata._dtoa_r.str1.4
                0x100321b4       0xa2 c:/maximsdk/tools/gnutools/10.3/bin/../lib/gcc/arm-none-eabi/10.3.1/../../../../arm-none-eabi/lib/thumb/v7e-m+fp/softfp\libc.a(lib_a-dtoa.o)
                                 0xa6 (size before relaxing)
 *fill*         0x10032256        0x2 
 .rodata.__multadd.str1.4
                0x10032258       0x7f c:/maximsdk/tools/gnutools/10.3/bin/../lib/gcc/arm-none-eabi/10.3.1/../../../../arm-none-eabi/lib/thumb/v7e-m+fp/softfp\libc.a(lib_a-mprec.o)
                                 0x93 (size before relaxing)
 *fill*         0x100322d7        0x1 
 .rodata.__mprec_bigtens
                0x100322d8       0x28 c:/maximsdk/tools/gnutools/10.3/bin/../lib/gcc/arm-none-eabi/10.3.1/../../../../arm-none-eabi/lib/thumb/v7e-m+fp/softfp\libc.a(lib_a-mprec.o)
                0x100322d8                __mprec_bigtens
 .rodata.__mprec_tens
                0x10032300       0xc8 c:/maximsdk/tools/gnutools/10.3/bin/../lib/gcc/arm-none-eabi/10.3.1/../../../../arm-none-eabi/lib/thumb/v7e-m+fp/softfp\libc.a(lib_a-mprec.o)
                0x10032300                __mprec_tens
 .rodata.p05.0  0x100323c8        0xc c:/maximsdk/tools/gnutools/10.3/bin/../lib/gcc/arm-none-eabi/10.3.1/../../../../arm-none-eabi/lib/thumb/v7e-m+fp/softfp\libc.a(lib_a-mprec.o)
 .rodata._vfiprintf_r.str1.4
                0x100323d4       0x2f c:/maximsdk/tools/gnutools/10.3/bin/../lib/gcc/arm-none-eabi/10.3.1/../../../../arm-none-eabi/lib/thumb/v7e-m+fp/softfp\libc.a(lib_a-vfiprintf.o)
 .rodata.blanks.1
                0x100323d4       0x10 c:/maximsdk/tools/gnutools/10.3/bin/../lib/gcc/arm-none-eabi/10.3.1/../../../../arm-none-eabi/lib/thumb/v7e-m+fp/softfp\libc.a(lib_a-vfiprintf.o)
 .rodata.zeroes.0
                0x100323e4       0x10 c:/maximsdk/tools/gnutools/10.3/bin/../lib/gcc/arm-none-eabi/10.3.1/../../../../arm-none-eabi/lib/thumb/v7e-m+fp/softfp\libc.a(lib_a-vfiprintf.o)
 .rodata.__assert_func.str1.4
                0x100323f4       0x3f c:/maximsdk/tools/gnutools/10.3/bin/../lib/gcc/arm-none-eabi/10.3.1/../../../../arm-none-eabi/lib/thumb/v7e-m+fp/softfp\libc.a(lib_a-assert.o)
                                 0x43 (size before relaxing)
 *fill*         0x10032433        0x1 
 .rodata._setlocale_r.str1.4
                0x10032434        0xa c:/maximsdk/tools/gnutools/10.3/bin/../lib/gcc/arm-none-eabi/10.3.1/../../../../arm-none-eabi/lib/thumb/v7e-m+fp/softfp\libc.a(lib_a-locale.o)
                                  0xd (size before relaxing)
 *fill*         0x1003243e        0x2 
 .rodata.str1.4
                0x10032440        0x2 c:/maximsdk/tools/gnutools/10.3/bin/../lib/gcc/arm-none-eabi/10.3.1/../../../../arm-none-eabi/lib/thumb/v7e-m+fp/softfp\libc.a(lib_a-locale.o)
 *fill*         0x10032442        0x2 
 .rodata._ctype_
                0x10032444      0x101 c:/maximsdk/tools/gnutools/10.3/bin/../lib/gcc/arm-none-eabi/10.3.1/../../../../arm-none-eabi/lib/thumb/v7e-m+fp/softfp\libc.a(lib_a-ctype_.o)
                0x10032444                _ctype_
 *(.init)
 *fill*         0x10032545        0x3 
 .init          0x10032548        0x4 c:/maximsdk/tools/gnutools/10.3/bin/../lib/gcc/arm-none-eabi/10.3.1/thumb/v7e-m+fp/softfp/crti.o
                0x10032548                _init
 .init          0x1003254c        0x8 c:/maximsdk/tools/gnutools/10.3/bin/../lib/gcc/arm-none-eabi/10.3.1/thumb/v7e-m+fp/softfp/crtn.o
 *(.fini)
 .fini          0x10032554        0x4 c:/maximsdk/tools/gnutools/10.3/bin/../lib/gcc/arm-none-eabi/10.3.1/thumb/v7e-m+fp/softfp/crti.o
                0x10032554                _fini
 .fini          0x10032558        0x8 c:/maximsdk/tools/gnutools/10.3/bin/../lib/gcc/arm-none-eabi/10.3.1/thumb/v7e-m+fp/softfp/crtn.o
 *(.eh_frame*)
 .eh_frame      0x10032560        0x0 c:/maximsdk/tools/gnutools/10.3/bin/../lib/gcc/arm-none-eabi/10.3.1/thumb/v7e-m+fp/softfp/crtbegin.o
 .eh_frame      0x10032560        0x4 c:/maximsdk/tools/gnutools/10.3/bin/../lib/gcc/arm-none-eabi/10.3.1/thumb/v7e-m+fp/softfp/crtend.o
                0x10032564                _etext = .

.glue_7         0x10032564        0x0
 .glue_7        0x10032564        0x0 linker stubs

.glue_7t        0x10032564        0x0
 .glue_7t       0x10032564        0x0 linker stubs

.vfp11_veneer   0x10032564        0x0
 .vfp11_veneer  0x10032564        0x0 linker stubs

.v4_bx          0x10032564        0x0
 .v4_bx         0x10032564        0x0 linker stubs

.iplt           0x10032564        0x0
 .iplt          0x10032564        0x0 c:/maximsdk/tools/gnutools/10.3/bin/../lib/gcc/arm-none-eabi/10.3.1/thumb/v7e-m+fp/softfp/crtbegin.o

.bin_storage    0x10032564        0x0
 FILL mask 0xff
                0x10032564                _bin_start_ = .
 *(.bin_storage_img)
                0x10032564                _bin_end_ = .
                0x10032564                . = ALIGN (0x4)

.rom_code       0x00000000        0x0
                0x00000000                . = ALIGN (0x10)
                0x20000000                _sran_code = .
 *(.rom_code_section)
                0x20000000                _esran_code = .

.flash_code     0x10032564        0xc
                0x10032570                . = ALIGN (0x10)
 *fill*         0x10032564        0xc 
                0x20000000                _sran_code = .
 *(.flash_code_section)
                0x20000000                _esran_code = .

.sram_code      0x20000000        0x0
                0x20000000                . = ALIGN (0x10)
                0x20000000                _sran_code = .
 *(.sram_code_section)
                0x20000000                _esran_code = .

.ARM.exidx      0x10032570        0x8
                0x10032570                __exidx_start = .
 *(.ARM.exidx*)
 .ARM.exidx     0x10032570        0x8 c:/maximsdk/tools/gnutools/10.3/bin/../lib/gcc/arm-none-eabi/10.3.1/thumb/v7e-m+fp/softfp\libgcc.a(_udivmoddi4.o)
                0x10032578                __exidx_end = .

.rel.dyn        0x10032578        0x0
 .rel.iplt      0x10032578        0x0 c:/maximsdk/tools/gnutools/10.3/bin/../lib/gcc/arm-none-eabi/10.3.1/thumb/v7e-m+fp/softfp/crtbegin.o

.data           0x20000000      0x9c4 load address 0x10032578
                0x20000000                _data = ALIGN (., 0x4)
 *(.data*)
 .data.ConsoleUart
                0x20000000        0x4 C:/Users/p_hae/Documents/_Code/KeyWordSpotting_on_MAX78000/leftandright/1D/v3_depth/kwsv3/build/board.o
                0x20000000                ConsoleUart
 .data.overflows
                0x20000004        0x4 C:/MaximSDK/Libraries/PeriphDrivers/bin/MAX78000/softfp/libPeriphDriver_softfp.a(mxc_delay.o)
 .data._impure_ptr
                0x20000008        0x4 c:/maximsdk/tools/gnutools/10.3/bin/../lib/gcc/arm-none-eabi/10.3.1/../../../../arm-none-eabi/lib/thumb/v7e-m+fp/softfp\libc.a(lib_a-impure.o)
                0x20000008                _impure_ptr
 *fill*         0x2000000c        0x4 
 .data.impure_data
                0x20000010      0x428 c:/maximsdk/tools/gnutools/10.3/bin/../lib/gcc/arm-none-eabi/10.3.1/../../../../arm-none-eabi/lib/thumb/v7e-m+fp/softfp\libc.a(lib_a-impure.o)
 .data.__malloc_av_
                0x20000438      0x408 c:/maximsdk/tools/gnutools/10.3/bin/../lib/gcc/arm-none-eabi/10.3.1/../../../../arm-none-eabi/lib/thumb/v7e-m+fp/softfp\libc.a(lib_a-mallocr.o)
                0x20000438                __malloc_av_
 .data.__malloc_sbrk_base
                0x20000840        0x4 c:/maximsdk/tools/gnutools/10.3/bin/../lib/gcc/arm-none-eabi/10.3.1/../../../../arm-none-eabi/lib/thumb/v7e-m+fp/softfp\libc.a(lib_a-mallocr.o)
                0x20000840                __malloc_sbrk_base
 .data.__malloc_trim_threshold
                0x20000844        0x4 c:/maximsdk/tools/gnutools/10.3/bin/../lib/gcc/arm-none-eabi/10.3.1/../../../../arm-none-eabi/lib/thumb/v7e-m+fp/softfp\libc.a(lib_a-mallocr.o)
                0x20000844                __malloc_trim_threshold
 .data.__atexit_recursive_mutex
                0x20000848        0x4 c:/maximsdk/tools/gnutools/10.3/bin/../lib/gcc/arm-none-eabi/10.3.1/../../../../arm-none-eabi/lib/thumb/v7e-m+fp/softfp\libc.a(lib_a-__call_atexit.o)
                0x20000848                __atexit_recursive_mutex
 .data.__global_locale
                0x2000084c      0x16c c:/maximsdk/tools/gnutools/10.3/bin/../lib/gcc/arm-none-eabi/10.3.1/../../../../arm-none-eabi/lib/thumb/v7e-m+fp/softfp\libc.a(lib_a-locale.o)
                0x2000084c                __global_locale
 *(.flashprog*)
                0x200009b8                . = ALIGN (0x4)
                0x200009b8                PROVIDE (__preinit_array_start = .)
 *(.preinit_array)
                0x200009b8                PROVIDE (__preinit_array_end = .)
                0x200009b8                . = ALIGN (0x4)
                0x200009b8                PROVIDE (__init_array_start = .)
 *(SORT_BY_NAME(.init_array.*))
 .init_array.00000
                0x200009b8        0x4 c:/maximsdk/tools/gnutools/10.3/bin/../lib/gcc/arm-none-eabi/10.3.1/../../../../arm-none-eabi/lib/thumb/v7e-m+fp/softfp\libc.a(lib_a-__call_atexit.o)
 *(.init_array)
 .init_array    0x200009bc        0x4 c:/maximsdk/tools/gnutools/10.3/bin/../lib/gcc/arm-none-eabi/10.3.1/thumb/v7e-m+fp/softfp/crtbegin.o
                0x200009c0                PROVIDE (__init_array_end = .)
                0x200009c0                . = ALIGN (0x4)
                0x200009c0                PROVIDE (__fini_array_start = .)
 *(SORT_BY_NAME(.fini_array.*))
 *(.fini_array)
 .fini_array    0x200009c0        0x4 c:/maximsdk/tools/gnutools/10.3/bin/../lib/gcc/arm-none-eabi/10.3.1/thumb/v7e-m+fp/softfp/crtbegin.o
                0x200009c4                PROVIDE (__fini_array_end = .)
                0x200009c4                _edata = ALIGN (., 0x4)
                0x10032578                __load_data = LOADADDR (.data)

.igot.plt       0x200009c4        0x0 load address 0x10032f3c
 .igot.plt      0x200009c4        0x0 c:/maximsdk/tools/gnutools/10.3/bin/../lib/gcc/arm-none-eabi/10.3.1/thumb/v7e-m+fp/softfp/crtbegin.o

.bss            0x20000a00      0x82c load address 0x10032f3c
                0x20000a00                . = ALIGN (0x4)
                0x20000a00                _bss = .
 *(.bss*)
 .bss           0x20000a00       0x1c c:/maximsdk/tools/gnutools/10.3/bin/../lib/gcc/arm-none-eabi/10.3.1/thumb/v7e-m+fp/softfp/crtbegin.o
 .bss.cnn_time  0x20000a1c        0x4 C:/Users/p_hae/Documents/_Code/KeyWordSpotting_on_MAX78000/leftandright/1D/v3_depth/kwsv3/build/main.o
                0x20000a1c                cnn_time
 .bss.ml_data   0x20000a20        0xc C:/Users/p_hae/Documents/_Code/KeyWordSpotting_on_MAX78000/leftandright/1D/v3_depth/kwsv3/build/main.o
 .bss.ml_softmax
                0x20000a2c        0x6 C:/Users/p_hae/Documents/_Code/KeyWordSpotting_on_MAX78000/leftandright/1D/v3_depth/kwsv3/build/main.o
 *fill*         0x20000a32        0x2 
 .bss.heap_end  0x20000a34        0x4 C:/Users/p_hae/Documents/_Code/KeyWordSpotting_on_MAX78000/leftandright/1D/v3_depth/kwsv3/build/heap.o
 .bss.cbFunc    0x20000a38        0x4 C:/MaximSDK/Libraries/PeriphDrivers/bin/MAX78000/softfp/libPeriphDriver_softfp.a(mxc_delay.o)
 .bss.ctrl_save
                0x20000a3c        0x4 C:/MaximSDK/Libraries/PeriphDrivers/bin/MAX78000/softfp/libPeriphDriver_softfp.a(mxc_delay.o)
 .bss.endtick   0x20000a40        0x4 C:/MaximSDK/Libraries/PeriphDrivers/bin/MAX78000/softfp/libPeriphDriver_softfp.a(mxc_delay.o)
 *fill*         0x20000a44      0x1bc 
 .bss.ramVectorTable
                0x20000c00      0x1e0 C:/MaximSDK/Libraries/PeriphDrivers/bin/MAX78000/softfp/libPeriphDriver_softfp.a(nvic_table.o)
 .bss.callback  0x20000de0      0x200 C:/MaximSDK/Libraries/PeriphDrivers/bin/MAX78000/softfp/libPeriphDriver_softfp.a(gpio_common.o)
 .bss.cbparam   0x20000fe0      0x200 C:/MaximSDK/Libraries/PeriphDrivers/bin/MAX78000/softfp/libPeriphDriver_softfp.a(gpio_common.o)
 .bss.initialized
                0x200011e0        0x1 C:/MaximSDK/Libraries/PeriphDrivers/bin/MAX78000/softfp/libPeriphDriver_softfp.a(gpio_common.o)
 *fill*         0x200011e1        0x3 
 .bss.__malloc_current_mallinfo
                0x200011e4       0x28 c:/maximsdk/tools/gnutools/10.3/bin/../lib/gcc/arm-none-eabi/10.3.1/../../../../arm-none-eabi/lib/thumb/v7e-m+fp/softfp\libc.a(lib_a-mallocr.o)
                0x200011e4                __malloc_current_mallinfo
 .bss.__malloc_max_sbrked_mem
                0x2000120c        0x4 c:/maximsdk/tools/gnutools/10.3/bin/../lib/gcc/arm-none-eabi/10.3.1/../../../../arm-none-eabi/lib/thumb/v7e-m+fp/softfp\libc.a(lib_a-mallocr.o)
                0x2000120c                __malloc_max_sbrked_mem
 .bss.__malloc_max_total_mem
                0x20001210        0x4 c:/maximsdk/tools/gnutools/10.3/bin/../lib/gcc/arm-none-eabi/10.3.1/../../../../arm-none-eabi/lib/thumb/v7e-m+fp/softfp\libc.a(lib_a-mallocr.o)
                0x20001210                __malloc_max_total_mem
 .bss.__malloc_top_pad
                0x20001214        0x4 c:/maximsdk/tools/gnutools/10.3/bin/../lib/gcc/arm-none-eabi/10.3.1/../../../../arm-none-eabi/lib/thumb/v7e-m+fp/softfp\libc.a(lib_a-mallocr.o)
                0x20001214                __malloc_top_pad
 .bss.__lock___atexit_recursive_mutex
                0x20001218        0x1 c:/maximsdk/tools/gnutools/10.3/bin/../lib/gcc/arm-none-eabi/10.3.1/../../../../arm-none-eabi/lib/thumb/v7e-m+fp/softfp\libc.a(lib_a-lock.o)
                0x20001218                __lock___atexit_recursive_mutex
 *fill*         0x20001219        0x3 
 .bss.__lock___malloc_recursive_mutex
                0x2000121c        0x1 c:/maximsdk/tools/gnutools/10.3/bin/../lib/gcc/arm-none-eabi/10.3.1/../../../../arm-none-eabi/lib/thumb/v7e-m+fp/softfp\libc.a(lib_a-lock.o)
                0x2000121c                __lock___malloc_recursive_mutex
 *fill*         0x2000121d        0x3 
 .bss.__lock___sfp_recursive_mutex
                0x20001220        0x1 c:/maximsdk/tools/gnutools/10.3/bin/../lib/gcc/arm-none-eabi/10.3.1/../../../../arm-none-eabi/lib/thumb/v7e-m+fp/softfp\libc.a(lib_a-lock.o)
                0x20001220                __lock___sfp_recursive_mutex
 *fill*         0x20001221        0x3 
 .bss.__lock___sinit_recursive_mutex
                0x20001224        0x1 c:/maximsdk/tools/gnutools/10.3/bin/../lib/gcc/arm-none-eabi/10.3.1/../../../../arm-none-eabi/lib/thumb/v7e-m+fp/softfp\libc.a(lib_a-lock.o)
                0x20001224                __lock___sinit_recursive_mutex
 *fill*         0x20001225        0x3 
 .bss.errno     0x20001228        0x4 c:/maximsdk/tools/gnutools/10.3/bin/../lib/gcc/arm-none-eabi/10.3.1/../../../../arm-none-eabi/lib/thumb/v7e-m+fp/softfp\libc.a(lib_a-reent.o)
                0x20001228                errno
 *(COMMON)
                0x2000122c                _ebss = ALIGN (., 0x4)

.shared         0x2000122c        0x4 load address 0x10032f3c
                0x2000122c                . = ALIGN (0x4)
                0x2000122c                _shared = .
 *(.mailbox*)
                0x2000122c                . = ALIGN (0x4)
 *(.shared*)
 .shared        0x2000122c        0x4 C:/Users/p_hae/Documents/_Code/KeyWordSpotting_on_MAX78000/leftandright/1D/v3_depth/kwsv3/build/system_max78000.o
                0x2000122c                SystemCoreClock
                0x20001230                _eshared = ALIGN (., 0x4)
                0x10032f3c                __shared_data = LOADADDR (.shared)
                0x20020000                __StackTop = (ORIGIN (SRAM) + LENGTH (SRAM))
                0x2001f000                __StackLimit = (__StackTop - SIZEOF (.stack_dummy))

.stack_dummy    0x20001230     0x1000 load address 0x10032f40
 *(.stack*)
 .stack         0x20001230     0x1000 C:/Users/p_hae/Documents/_Code/KeyWordSpotting_on_MAX78000/leftandright/1D/v3_depth/kwsv3/build/startup_max78000.o

.heap           0x20001230      0xc00 load address 0x10032f40
                0x20001230                . = ALIGN (0x4)
 *(.heap*)
 .heap          0x20001230      0xc00 C:/Users/p_hae/Documents/_Code/KeyWordSpotting_on_MAX78000/leftandright/1D/v3_depth/kwsv3/build/startup_max78000.o
                0x20001230                __HeapBase
                0x2001f000                __HeapLimit = ABSOLUTE (__StackLimit)
                0x20020000                PROVIDE (__stack = __StackTop)
                0x00000001                ASSERT ((__StackLimit >= _ebss), region RAM overflowed with stack)
OUTPUT(C:/Users/p_hae/Documents/_Code/KeyWordSpotting_on_MAX78000/leftandright/1D/v3_depth/kwsv3/build/kwsv3.elf elf32-littlearm)
LOAD linker stubs

.ARM.attributes
                0x00000000       0x2e
 .ARM.attributes
                0x00000000       0x1e c:/maximsdk/tools/gnutools/10.3/bin/../lib/gcc/arm-none-eabi/10.3.1/thumb/v7e-m+fp/softfp/crti.o
 .ARM.attributes
                0x0000001e       0x32 c:/maximsdk/tools/gnutools/10.3/bin/../lib/gcc/arm-none-eabi/10.3.1/thumb/v7e-m+fp/softfp/crtbegin.o
 .ARM.attributes
                0x00000050       0x32 C:/Users/p_hae/Documents/_Code/KeyWordSpotting_on_MAX78000/leftandright/1D/v3_depth/kwsv3/build/main.o
 .ARM.attributes
                0x00000082       0x32 C:/Users/p_hae/Documents/_Code/KeyWordSpotting_on_MAX78000/leftandright/1D/v3_depth/kwsv3/build/cnn.o
 .ARM.attributes
                0x000000b4       0x32 C:/Users/p_hae/Documents/_Code/KeyWordSpotting_on_MAX78000/leftandright/1D/v3_depth/kwsv3/build/softmax.o
 .ARM.attributes
                0x000000e6       0x32 C:/Users/p_hae/Documents/_Code/KeyWordSpotting_on_MAX78000/leftandright/1D/v3_depth/kwsv3/build/board.o
 .ARM.attributes
                0x00000118       0x32 C:/Users/p_hae/Documents/_Code/KeyWordSpotting_on_MAX78000/leftandright/1D/v3_depth/kwsv3/build/stdio.o
 .ARM.attributes
                0x0000014a       0x32 C:/Users/p_hae/Documents/_Code/KeyWordSpotting_on_MAX78000/leftandright/1D/v3_depth/kwsv3/build/led.o
 .ARM.attributes
                0x0000017c       0x32 C:/Users/p_hae/Documents/_Code/KeyWordSpotting_on_MAX78000/leftandright/1D/v3_depth/kwsv3/build/pb.o
 .ARM.attributes
                0x000001ae       0x1b C:/Users/p_hae/Documents/_Code/KeyWordSpotting_on_MAX78000/leftandright/1D/v3_depth/kwsv3/build/startup_max78000.o
 .ARM.attributes
                0x000001c9       0x32 C:/Users/p_hae/Documents/_Code/KeyWordSpotting_on_MAX78000/leftandright/1D/v3_depth/kwsv3/build/heap.o
 .ARM.attributes
                0x000001fb       0x32 C:/Users/p_hae/Documents/_Code/KeyWordSpotting_on_MAX78000/leftandright/1D/v3_depth/kwsv3/build/system_max78000.o
 .ARM.attributes
                0x0000022d       0x32 C:/MaximSDK/Libraries/PeriphDrivers/bin/MAX78000/softfp/libPeriphDriver_softfp.a(mxc_delay.o)
 .ARM.attributes
                0x0000025f       0x32 C:/MaximSDK/Libraries/PeriphDrivers/bin/MAX78000/softfp/libPeriphDriver_softfp.a(pins_ai85.o)
 .ARM.attributes
                0x00000291       0x32 C:/MaximSDK/Libraries/PeriphDrivers/bin/MAX78000/softfp/libPeriphDriver_softfp.a(sys_ai85.o)
 .ARM.attributes
                0x000002c3       0x32 C:/MaximSDK/Libraries/PeriphDrivers/bin/MAX78000/softfp/libPeriphDriver_softfp.a(nvic_table.o)
 .ARM.attributes
                0x000002f5       0x32 C:/MaximSDK/Libraries/PeriphDrivers/bin/MAX78000/softfp/libPeriphDriver_softfp.a(lp_ai85.o)
 .ARM.attributes
                0x00000327       0x32 C:/MaximSDK/Libraries/PeriphDrivers/bin/MAX78000/softfp/libPeriphDriver_softfp.a(gpio_ai85.o)
 .ARM.attributes
                0x00000359       0x32 C:/MaximSDK/Libraries/PeriphDrivers/bin/MAX78000/softfp/libPeriphDriver_softfp.a(gpio_reva.o)
 .ARM.attributes
                0x0000038b       0x32 C:/MaximSDK/Libraries/PeriphDrivers/bin/MAX78000/softfp/libPeriphDriver_softfp.a(icc_me17.o)
 .ARM.attributes
                0x000003bd       0x32 C:/MaximSDK/Libraries/PeriphDrivers/bin/MAX78000/softfp/libPeriphDriver_softfp.a(icc_reva.o)
 .ARM.attributes
                0x000003ef       0x32 C:/MaximSDK/Libraries/PeriphDrivers/bin/MAX78000/softfp/libPeriphDriver_softfp.a(tmr_ai85.o)
 .ARM.attributes
                0x00000421       0x32 C:/MaximSDK/Libraries/PeriphDrivers/bin/MAX78000/softfp/libPeriphDriver_softfp.a(tmr_revb.o)
 .ARM.attributes
                0x00000453       0x32 C:/MaximSDK/Libraries/PeriphDrivers/bin/MAX78000/softfp/libPeriphDriver_softfp.a(uart_ai85.o)
 .ARM.attributes
                0x00000485       0x32 C:/MaximSDK/Libraries/PeriphDrivers/bin/MAX78000/softfp/libPeriphDriver_softfp.a(uart_common.o)
 .ARM.attributes
                0x000004b7       0x32 C:/MaximSDK/Libraries/PeriphDrivers/bin/MAX78000/softfp/libPeriphDriver_softfp.a(uart_revb.o)
 .ARM.attributes
                0x000004e9       0x32 C:/MaximSDK/Libraries/PeriphDrivers/bin/MAX78000/softfp/libPeriphDriver_softfp.a(gpio_common.o)
 .ARM.attributes
                0x0000051b       0x32 C:/MaximSDK/Libraries/PeriphDrivers/bin/MAX78000/softfp/libPeriphDriver_softfp.a(tmr_common.o)
 .ARM.attributes
                0x0000054d       0x32 c:/maximsdk/tools/gnutools/10.3/bin/../lib/gcc/arm-none-eabi/10.3.1/../../../../arm-none-eabi/lib/thumb/v7e-m+fp/softfp\libc.a(lib_a-errno.o)
 .ARM.attributes
                0x0000057f       0x32 c:/maximsdk/tools/gnutools/10.3/bin/../lib/gcc/arm-none-eabi/10.3.1/../../../../arm-none-eabi/lib/thumb/v7e-m+fp/softfp\libc.a(lib_a-impure.o)
 .ARM.attributes
                0x000005b1       0x32 c:/maximsdk/tools/gnutools/10.3/bin/../lib/gcc/arm-none-eabi/10.3.1/../../../../arm-none-eabi/lib/thumb/v7e-m+fp/softfp\libc.a(lib_a-init.o)
 .ARM.attributes
                0x000005e3       0x32 c:/maximsdk/tools/gnutools/10.3/bin/../lib/gcc/arm-none-eabi/10.3.1/../../../../arm-none-eabi/lib/thumb/v7e-m+fp/softfp\libc.a(lib_a-mallocr.o)
 .ARM.attributes
                0x00000615       0x1c c:/maximsdk/tools/gnutools/10.3/bin/../lib/gcc/arm-none-eabi/10.3.1/../../../../arm-none-eabi/lib/thumb/v7e-m+fp/softfp\libc.a(lib_a-memcpy.o)
 .ARM.attributes
                0x00000631       0x32 c:/maximsdk/tools/gnutools/10.3/bin/../lib/gcc/arm-none-eabi/10.3.1/../../../../arm-none-eabi/lib/thumb/v7e-m+fp/softfp\libc.a(lib_a-memset.o)
 .ARM.attributes
                0x00000663       0x32 c:/maximsdk/tools/gnutools/10.3/bin/../lib/gcc/arm-none-eabi/10.3.1/../../../../arm-none-eabi/lib/thumb/v7e-m+fp/softfp\libc.a(lib_a-mlock.o)
 .ARM.attributes
                0x00000695       0x32 c:/maximsdk/tools/gnutools/10.3/bin/../lib/gcc/arm-none-eabi/10.3.1/../../../../arm-none-eabi/lib/thumb/v7e-m+fp/softfp\libc.a(lib_a-printf.o)
 .ARM.attributes
                0x000006c7       0x32 c:/maximsdk/tools/gnutools/10.3/bin/../lib/gcc/arm-none-eabi/10.3.1/../../../../arm-none-eabi/lib/thumb/v7e-m+fp/softfp\libc.a(lib_a-puts.o)
 .ARM.attributes
                0x000006f9       0x32 c:/maximsdk/tools/gnutools/10.3/bin/../lib/gcc/arm-none-eabi/10.3.1/../../../../arm-none-eabi/lib/thumb/v7e-m+fp/softfp\libc.a(lib_a-sbrkr.o)
 .ARM.attributes
                0x0000072b       0x1c c:/maximsdk/tools/gnutools/10.3/bin/../lib/gcc/arm-none-eabi/10.3.1/../../../../arm-none-eabi/lib/thumb/v7e-m+fp/softfp\libc.a(lib_a-strlen.o)
 .ARM.attributes
                0x00000747       0x32 c:/maximsdk/tools/gnutools/10.3/bin/../lib/gcc/arm-none-eabi/10.3.1/../../../../arm-none-eabi/lib/thumb/v7e-m+fp/softfp\libc.a(lib_a-vfprintf.o)
 .ARM.attributes
                0x00000779       0x32 c:/maximsdk/tools/gnutools/10.3/bin/../lib/gcc/arm-none-eabi/10.3.1/../../../../arm-none-eabi/lib/thumb/v7e-m+fp/softfp\libc.a(lib_a-wsetup.o)
 .ARM.attributes
                0x000007ab       0x32 c:/maximsdk/tools/gnutools/10.3/bin/../lib/gcc/arm-none-eabi/10.3.1/../../../../arm-none-eabi/lib/thumb/v7e-m+fp/softfp\libc.a(lib_a-__call_atexit.o)
 .ARM.attributes
                0x000007dd       0x32 c:/maximsdk/tools/gnutools/10.3/bin/../lib/gcc/arm-none-eabi/10.3.1/../../../../arm-none-eabi/lib/thumb/v7e-m+fp/softfp\libc.a(lib_a-atexit.o)
 .ARM.attributes
                0x0000080f       0x32 c:/maximsdk/tools/gnutools/10.3/bin/../lib/gcc/arm-none-eabi/10.3.1/../../../../arm-none-eabi/lib/thumb/v7e-m+fp/softfp\libc.a(lib_a-dtoa.o)
 .ARM.attributes
                0x00000841       0x32 c:/maximsdk/tools/gnutools/10.3/bin/../lib/gcc/arm-none-eabi/10.3.1/../../../../arm-none-eabi/lib/thumb/v7e-m+fp/softfp\libc.a(lib_a-fflush.o)
 .ARM.attributes
                0x00000873       0x32 c:/maximsdk/tools/gnutools/10.3/bin/../lib/gcc/arm-none-eabi/10.3.1/../../../../arm-none-eabi/lib/thumb/v7e-m+fp/softfp\libc.a(lib_a-findfp.o)
 .ARM.attributes
                0x000008a5       0x32 c:/maximsdk/tools/gnutools/10.3/bin/../lib/gcc/arm-none-eabi/10.3.1/../../../../arm-none-eabi/lib/thumb/v7e-m+fp/softfp\libc.a(lib_a-fini.o)
 .ARM.attributes
                0x000008d7       0x32 c:/maximsdk/tools/gnutools/10.3/bin/../lib/gcc/arm-none-eabi/10.3.1/../../../../arm-none-eabi/lib/thumb/v7e-m+fp/softfp\libc.a(lib_a-freer.o)
 .ARM.attributes
                0x00000909       0x32 c:/maximsdk/tools/gnutools/10.3/bin/../lib/gcc/arm-none-eabi/10.3.1/../../../../arm-none-eabi/lib/thumb/v7e-m+fp/softfp\libc.a(lib_a-fvwrite.o)
 .ARM.attributes