Archive member included to satisfy reference by file (symbol)

C:/MaximSDK/Libraries/PeriphDrivers/bin/MAX78000/softfp/libPeriphDriver_softfp.a(mxc_delay.o)
                              C:/Users/p_hae/Documents/_Code/KeyWordSpotting_on_MAX78000/finalNetworkinC/build/main.o (MXC_Delay)
C:/MaximSDK/Libraries/PeriphDrivers/bin/MAX78000/softfp/libPeriphDriver_softfp.a(pins_ai85.o)
                              C:/Users/p_hae/Documents/_Code/KeyWordSpotting_on_MAX78000/finalNetworkinC/build/camera.o (gpio_cfg_pcif_xclk)
C:/MaximSDK/Libraries/PeriphDrivers/bin/MAX78000/softfp/libPeriphDriver_softfp.a(sys_ai85.o)
                              C:/Users/p_hae/Documents/_Code/KeyWordSpotting_on_MAX78000/finalNetworkinC/build/cnn.o (MXC_SYS_ClockDisable)
C:/MaximSDK/Libraries/PeriphDrivers/bin/MAX78000/softfp/libPeriphDriver_softfp.a(nvic_table.o)
                              C:/Users/p_hae/Documents/_Code/KeyWordSpotting_on_MAX78000/finalNetworkinC/build/cnn.o (MXC_NVIC_SetVector)
C:/MaximSDK/Libraries/PeriphDrivers/bin/MAX78000/softfp/libPeriphDriver_softfp.a(cameraif_ai85.o)
                              C:/Users/p_hae/Documents/_Code/KeyWordSpotting_on_MAX78000/finalNetworkinC/build/camera.o (MXC_PCIF_Init)
C:/MaximSDK/Libraries/PeriphDrivers/bin/MAX78000/softfp/libPeriphDriver_softfp.a(cameraif_reva.o)
                              C:/MaximSDK/Libraries/PeriphDrivers/bin/MAX78000/softfp/libPeriphDriver_softfp.a(cameraif_ai85.o) (MXC_PCIF_RevA_SetDatawidth)
C:/MaximSDK/Libraries/PeriphDrivers/bin/MAX78000/softfp/libPeriphDriver_softfp.a(dma_me17.o)
                              C:/Users/p_hae/Documents/_Code/KeyWordSpotting_on_MAX78000/finalNetworkinC/build/camera.o (MXC_DMA_SetCallback)
C:/MaximSDK/Libraries/PeriphDrivers/bin/MAX78000/softfp/libPeriphDriver_softfp.a(dma_reva.o)
                              C:/MaximSDK/Libraries/PeriphDrivers/bin/MAX78000/softfp/libPeriphDriver_softfp.a(dma_me17.o) (MXC_DMA_RevA_Init)
C:/MaximSDK/Libraries/PeriphDrivers/bin/MAX78000/softfp/libPeriphDriver_softfp.a(lp_ai85.o)
                              C:/Users/p_hae/Documents/_Code/KeyWordSpotting_on_MAX78000/finalNetworkinC/build/main.o (MXC_LP_EnterSleepMode)
C:/MaximSDK/Libraries/PeriphDrivers/bin/MAX78000/softfp/libPeriphDriver_softfp.a(flc_me17.o)
                              C:/MaximSDK/Libraries/PeriphDrivers/bin/MAX78000/softfp/libPeriphDriver_softfp.a(sys_ai85.o) (MXC_FLC_UnlockInfoBlock)
C:/MaximSDK/Libraries/PeriphDrivers/bin/MAX78000/softfp/libPeriphDriver_softfp.a(flc_reva.o)
                              C:/MaximSDK/Libraries/PeriphDrivers/bin/MAX78000/softfp/libPeriphDriver_softfp.a(flc_me17.o) (MXC_FLC_RevA_Busy)
C:/MaximSDK/Libraries/PeriphDrivers/bin/MAX78000/softfp/libPeriphDriver_softfp.a(gpio_ai85.o)
                              C:/Users/p_hae/Documents/_Code/KeyWordSpotting_on_MAX78000/finalNetworkinC/build/cnn.o (MXC_GPIO_Config)
C:/MaximSDK/Libraries/PeriphDrivers/bin/MAX78000/softfp/libPeriphDriver_softfp.a(gpio_reva.o)
                              C:/MaximSDK/Libraries/PeriphDrivers/bin/MAX78000/softfp/libPeriphDriver_softfp.a(gpio_ai85.o) (MXC_GPIO_RevA_InGet)
C:/MaximSDK/Libraries/PeriphDrivers/bin/MAX78000/softfp/libPeriphDriver_softfp.a(icc_me17.o)
                              C:/Users/p_hae/Documents/_Code/KeyWordSpotting_on_MAX78000/finalNetworkinC/build/main.o (MXC_ICC_Enable)
C:/MaximSDK/Libraries/PeriphDrivers/bin/MAX78000/softfp/libPeriphDriver_softfp.a(icc_reva.o)
                              C:/MaximSDK/Libraries/PeriphDrivers/bin/MAX78000/softfp/libPeriphDriver_softfp.a(icc_me17.o) (MXC_ICC_RevA_ID)
C:/MaximSDK/Libraries/PeriphDrivers/bin/MAX78000/softfp/libPeriphDriver_softfp.a(pt_me17.o)
                              C:/Users/p_hae/Documents/_Code/KeyWordSpotting_on_MAX78000/finalNetworkinC/build/camera.o (MXC_PT_Init)
C:/MaximSDK/Libraries/PeriphDrivers/bin/MAX78000/softfp/libPeriphDriver_softfp.a(pt_reva.o)
                              C:/MaximSDK/Libraries/PeriphDrivers/bin/MAX78000/softfp/libPeriphDriver_softfp.a(pt_me17.o) (MXC_PT_RevA_Init)
C:/MaximSDK/Libraries/PeriphDrivers/bin/MAX78000/softfp/libPeriphDriver_softfp.a(spi_me17.o)
                              C:/Users/p_hae/Documents/_Code/KeyWordSpotting_on_MAX78000/finalNetworkinC/build/board.o (MXC_SPI_Init)
C:/MaximSDK/Libraries/PeriphDrivers/bin/MAX78000/softfp/libPeriphDriver_softfp.a(spi_reva.o)
                              C:/MaximSDK/Libraries/PeriphDrivers/bin/MAX78000/softfp/libPeriphDriver_softfp.a(spi_me17.o) (MXC_SPI_RevA_Init)
C:/MaximSDK/Libraries/PeriphDrivers/bin/MAX78000/softfp/libPeriphDriver_softfp.a(tmr_ai85.o)
                              C:/Users/p_hae/Documents/_Code/KeyWordSpotting_on_MAX78000/finalNetworkinC/build/cnn.o (MXC_TMR_SW_Start)
C:/MaximSDK/Libraries/PeriphDrivers/bin/MAX78000/softfp/libPeriphDriver_softfp.a(tmr_revb.o)
                              C:/MaximSDK/Libraries/PeriphDrivers/bin/MAX78000/softfp/libPeriphDriver_softfp.a(tmr_ai85.o) (MXC_TMR_RevB_Init)
[...]
Memory Configuration

Name             Origin             Length             Attributes
ROM              0x00000000         0x00010000         xr
FLASH            0x10000000         0x00080000         xr
SRAM             0x20000000         0x00020000         xrw
*default*        0x00000000         0xffffffff

Linker script and memory map

LOAD c:/maximsdk/tools/gnutools/10.3/bin/../lib/gcc/arm-none-eabi/10.3.1/thumb/v7e-m+fp/softfp/crti.o
LOAD c:/maximsdk/tools/gnutools/10.3/bin/../lib/gcc/arm-none-eabi/10.3.1/thumb/v7e-m+fp/softfp/crtbegin.o
LOAD c:/maximsdk/tools/gnutools/10.3/bin/../lib/gcc/arm-none-eabi/10.3.1/../../../../arm-none-eabi/lib/thumb/v7e-m+fp/softfp/crt0.o
LOAD C:/Users/p_hae/Documents/_Code/KeyWordSpotting_on_MAX78000/finalNetworkinC/build/main.o
LOAD C:/Users/p_hae/Documents/_Code/KeyWordSpotting_on_MAX78000/finalNetworkinC/build/cnn.o
LOAD C:/Users/p_hae/Documents/_Code/KeyWordSpotting_on_MAX78000/finalNetworkinC/build/softmax.o
LOAD C:/Users/p_hae/Documents/_Code/KeyWordSpotting_on_MAX78000/finalNetworkinC/build/libmfcc.o
LOAD C:/Users/p_hae/Documents/_Code/KeyWordSpotting_on_MAX78000/finalNetworkinC/build/board.o
LOAD C:/Users/p_hae/Documents/_Code/KeyWordSpotting_on_MAX78000/finalNetworkinC/build/stdio.o
LOAD C:/Users/p_hae/Documents/_Code/KeyWordSpotting_on_MAX78000/finalNetworkinC/build/led.o
LOAD C:/Users/p_hae/Documents/_Code/KeyWordSpotting_on_MAX78000/finalNetworkinC/build/pb.o
LOAD C:/Users/p_hae/Documents/_Code/KeyWordSpotting_on_MAX78000/finalNetworkinC/build/tft_ssd2119.o
LOAD C:/Users/p_hae/Documents/_Code/KeyWordSpotting_on_MAX78000/finalNetworkinC/build/tsc2046.o
LOAD C:/Users/p_hae/Documents/_Code/KeyWordSpotting_on_MAX78000/finalNetworkinC/build/camera.o
LOAD C:/Users/p_hae/Documents/_Code/KeyWordSpotting_on_MAX78000/finalNetworkinC/build/ov7692.o
LOAD C:/Users/p_hae/Documents/_Code/KeyWordSpotting_on_MAX78000/finalNetworkinC/build/sccb.o
LOAD C:/Users/p_hae/Documents/_Code/KeyWordSpotting_on_MAX78000/finalNetworkinC/build/startup_max78000.o
LOAD C:/Users/p_hae/Documents/_Code/KeyWordSpotting_on_MAX78000/finalNetworkinC/build/heap.o
LOAD C:/Users/p_hae/Documents/_Code/KeyWordSpotting_on_MAX78000/finalNetworkinC/build/system_max78000.o
START GROUP
LOAD C:/MaximSDK/Libraries/PeriphDrivers/bin/MAX78000/softfp/libPeriphDriver_softfp.a
LOAD c:/maximsdk/tools/gnutools/10.3/bin/../lib/gcc/arm-none-eabi/10.3.1/../../../../arm-none-eabi/lib/thumb/v7e-m+fp/softfp\libc.a
LOAD c:/maximsdk/tools/gnutools/10.3/bin/../lib/gcc/arm-none-eabi/10.3.1/../../../../arm-none-eabi/lib/thumb/v7e-m+fp/softfp\libm.a
LOAD c:/maximsdk/tools/gnutools/10.3/bin/../lib/gcc/arm-none-eabi/10.3.1/../../../../arm-none-eabi/lib/thumb/v7e-m+fp/softfp\libnosys.a
END GROUP
START GROUP
LOAD c:/maximsdk/tools/gnutools/10.3/bin/../lib/gcc/arm-none-eabi/10.3.1/thumb/v7e-m+fp/softfp\libgcc.a
LOAD c:/maximsdk/tools/gnutools/10.3/bin/../lib/gcc/arm-none-eabi/10.3.1/../../../../arm-none-eabi/lib/thumb/v7e-m+fp/softfp\libc.a
END GROUP
LOAD c:/maximsdk/tools/gnutools/10.3/bin/../lib/gcc/arm-none-eabi/10.3.1/thumb/v7e-m+fp/softfp/crtend.o
LOAD c:/maximsdk/tools/gnutools/10.3/bin/../lib/gcc/arm-none-eabi/10.3.1/thumb/v7e-m+fp/softfp/crtn.o

.rom
 *(.rom_vector)
 *(.rom_handlers*)

.text           0x10000000    0x347c4
                0x10000000                _text = .
 *(.isr_vector)
 .isr_vector    0x10000000      0x1e0 C:/Users/p_hae/Documents/_Code/KeyWordSpotting_on_MAX78000/finalNetworkinC/build/startup_max78000.o
                0x10000000                __isr_vector
 *(.text*)
 .text          0x100001e0       0x40 c:/maximsdk/tools/gnutools/10.3/bin/../lib/gcc/arm-none-eabi/10.3.1/thumb/v7e-m+fp/softfp/crtbegin.o
 .text.fail     0x10000220       0x10 C:/Users/p_hae/Documents/_Code/KeyWordSpotting_on_MAX78000/finalNetworkinC/build/main.o
                0x10000220                fail
 .text.load_input
                0x10000230      0x124 C:/Users/p_hae/Documents/_Code/KeyWordSpotting_on_MAX78000/finalNetworkinC/build/main.o
                0x10000230                load_input
 .text.check_output
                0x10000354       0x80 C:/Users/p_hae/Documents/_Code/KeyWordSpotting_on_MAX78000/finalNetworkinC/build/main.o
                0x10000354                check_output
 .text.softmax_layer
                0x100003d4       0x20 C:/Users/p_hae/Documents/_Code/KeyWordSpotting_on_MAX78000/finalNetworkinC/build/main.o
                0x100003d4                softmax_layer
 .text.startup.main
                0x100003f4      0x148 C:/Users/p_hae/Documents/_Code/KeyWordSpotting_on_MAX78000/finalNetworkinC/build/main.o
                0x100003f4                main
 .text.CNN_ISR  0x1000053c       0x50 C:/Users/p_hae/Documents/_Code/KeyWordSpotting_on_MAX78000/finalNetworkinC/build/cnn.o
                0x1000053c                CNN_ISR
 .text.memcpy32
                0x1000058c       0x1c C:/Users/p_hae/Documents/_Code/KeyWordSpotting_on_MAX78000/finalNetworkinC/build/cnn.o
                0x1000058c                memcpy32
 .text.cnn_load_weights
                0x100005a8       0x4c C:/Users/p_hae/Documents/_Code/KeyWordSpotting_on_MAX78000/finalNetworkinC/build/cnn.o
                0x100005a8                cnn_load_weights
 .text.cnn_load_bias
                0x100005f4        0x4 C:/Users/p_hae/Documents/_Code/KeyWordSpotting_on_MAX78000/finalNetworkinC/build/cnn.o
                0x100005f4                cnn_load_bias
 .text.cnn_init
                0x100005f8       0x54 C:/Users/p_hae/Documents/_Code/KeyWordSpotting_on_MAX78000/finalNetworkinC/build/cnn.o
                0x100005f8                cnn_init
 .text.cnn_configure
                0x1000064c      0x688 C:/Users/p_hae/Documents/_Code/KeyWordSpotting_on_MAX78000/finalNetworkinC/build/cnn.o
                0x1000064c                cnn_configure
 .text.cnn_start
                0x10000cd4       0x54 C:/Users/p_hae/Documents/_Code/KeyWordSpotting_on_MAX78000/finalNetworkinC/build/cnn.o
                0x10000cd4                cnn_start
 .text.cnn_unload
                0x10000d28       0x18 C:/Users/p_hae/Documents/_Code/KeyWordSpotting_on_MAX78000/finalNetworkinC/build/cnn.o
                0x10000d28                cnn_unload
 .text.cnn_enable
                0x10000d40       0x3c C:/Users/p_hae/Documents/_Code/KeyWordSpotting_on_MAX78000/finalNetworkinC/build/cnn.o
                0x10000d40                cnn_enable
 .text.cnn_disable
                0x10000d7c       0x28 C:/Users/p_hae/Documents/_Code/KeyWordSpotting_on_MAX78000/finalNetworkinC/build/cnn.o
                0x10000d7c                cnn_disable
 .text.softmax_q17p14_q15
                0x10000da4       0xa8 C:/Users/p_hae/Documents/_Code/KeyWordSpotting_on_MAX78000/finalNetworkinC/build/softmax.o
                0x10000da4                softmax_q17p14_q15
 .text.mxc_assert
                0x10000e4c       0x10 C:/Users/p_hae/Documents/_Code/KeyWordSpotting_on_MAX78000/finalNetworkinC/build/board.o
                0x10000e4c                mxc_assert
 .text.Board_Init
                0x10000e5c       0xec C:/Users/p_hae/Documents/_Code/KeyWordSpotting_on_MAX78000/finalNetworkinC/build/board.o
                0x10000e5c                Board_Init
 .text.NMI_Handler
                0x10000f48        0x4 C:/Users/p_hae/Documents/_Code/KeyWordSpotting_on_MAX78000/finalNetworkinC/build/board.o
                0x10000f48                NMI_Handler
 .text._close   0x10000f4c        0x8 C:/Users/p_hae/Documents/_Code/KeyWordSpotting_on_MAX78000/finalNetworkinC/build/stdio.o
                0x10000f4c                _close
 .text._isatty  0x10000f54        0x8 C:/Users/p_hae/Documents/_Code/KeyWordSpotting_on_MAX78000/finalNetworkinC/build/stdio.o
                0x10000f54                _isatty
 .text._lseek   0x10000f5c        0x8 C:/Users/p_hae/Documents/_Code/KeyWordSpotting_on_MAX78000/finalNetworkinC/build/stdio.o
                0x10000f5c                _lseek
 .text._fstat   0x10000f64        0x8 C:/Users/p_hae/Documents/_Code/KeyWordSpotting_on_MAX78000/finalNetworkinC/build/stdio.o
                0x10000f64                _fstat
 .text._read    0x10000f6c       0x50 C:/Users/p_hae/Documents/_Code/KeyWordSpotting_on_MAX78000/finalNetworkinC/build/stdio.o
                0x10000f6c                _read
 .text._write   0x10000fbc       0x54 C:/Users/p_hae/Documents/_Code/KeyWordSpotting_on_MAX78000/finalNetworkinC/build/stdio.o
                0x10000fbc                _write
 .text.LED_Init
                0x10001010       0x40 C:/Users/p_hae/Documents/_Code/KeyWordSpotting_on_MAX78000/finalNetworkinC/build/led.o
                0x10001010                LED_Init
 .text.LED_On   0x10001050       0x40 C:/Users/p_hae/Documents/_Code/KeyWordSpotting_on_MAX78000/finalNetworkinC/build/led.o
                0x10001050                LED_On
 .text.LED_Off  0x10001090       0x40 C:/Users/p_hae/Documents/_Code/KeyWordSpotting_on_MAX78000/finalNetworkinC/build/led.o
                0x10001090                LED_Off
 .text.PB_Init  0x100010d0       0x38 C:/Users/p_hae/Documents/_Code/KeyWordSpotting_on_MAX78000/finalNetworkinC/build/pb.o
                0x100010d0                PB_Init
 .text.GPIO0_IRQHandler
                0x10001108        0x8 C:/Users/p_hae/Documents/_Code/KeyWordSpotting_on_MAX78000/finalNetworkinC/build/pb.o
                0x10001108                GPIO0_IRQHandler
 .text.GPIO1_IRQHandler
                0x10001110        0x8 C:/Users/p_hae/Documents/_Code/KeyWordSpotting_on_MAX78000/finalNetworkinC/build/pb.o
                0x10001110                GPIO1_IRQHandler
 .text.GPIO2_IRQHandler
                0x10001118        0x8 C:/Users/p_hae/Documents/_Code/KeyWordSpotting_on_MAX78000/finalNetworkinC/build/pb.o
                0x10001118                GPIO2_IRQHandler
 .text.MXC_TFT_PreInit
                0x10001120       0x78 C:/Users/p_hae/Documents/_Code/KeyWordSpotting_on_MAX78000/finalNetworkinC/build/tft_ssd2119.o
                0x10001120                MXC_TFT_PreInit
 .text.MXC_TS_PreInit
                0x10001198       0x44 C:/Users/p_hae/Documents/_Code/KeyWordSpotting_on_MAX78000/finalNetworkinC/build/tsc2046.o
                0x10001198                MXC_TS_PreInit
 .text          0x100011dc      0x148 C:/Users/p_hae/Documents/_Code/KeyWordSpotting_on_MAX78000/finalNetworkinC/build/startup_max78000.o
                0x100011dc                Reset_Handler
                0x1000121a                HardFault_Handler
                0x1000121c                MemManage_Handler
                0x1000121e                BusFault_Handler
                0x10001220                UsageFault_Handler
                0x10001222                SVC_Handler
                0x10001224                DebugMon_Handler
                0x10001226                PendSV_Handler
                0x10001228                SysTick_Handler
                0x1000122a                Default_Handler
                0x1000122c                PF_IRQHandler
                0x1000122e                WDT0_IRQHandler
                0x10001230                RSV02_IRQHandler
                0x10001232                RTC_IRQHandler
                0x10001234                TRNG_IRQHandler
                0x10001236                TMR0_IRQHandler
                0x10001238                TMR1_IRQHandler
                0x1000123a                TMR2_IRQHandler
                0x1000123c                TMR3_IRQHandler
                0x1000123e                TMR4_IRQHandler
                0x10001240                TMR5_IRQHandler
                0x10001242                RSV11_IRQHandler
                0x10001244                RSV12_IRQHandler
                0x10001246                I2C0_IRQHandler
                0x10001248                UART0_IRQHandler
                0x1000124a                UART1_IRQHandler
                0x1000124c                SPI1_IRQHandler
                0x1000124e                RSV17_IRQHandler
                0x10001250                RSV18_IRQHandler
                0x10001252                RSV19_IRQHandler
                0x10001254                ADC_IRQHandler
                0x10001256                RSV21_IRQHandler
                0x10001258                RSV22_IRQHandler
                0x1000125a                FLC0_IRQHandler
                0x10001262                RSV27_IRQHandler
                0x10001264                DMA0_IRQHandler
                0x10001266                DMA1_IRQHandler
                0x10001268                DMA2_IRQHandler
                0x1000126a                DMA3_IRQHandler
                0x1000126c                RSV32_IRQHandler
                0x1000126e                RSV33_IRQHandler
                0x10001270                UART2_IRQHandler
                0x10001272                RSV35_IRQHandler
                0x10001274                I2C1_IRQHandler
                0x10001276                RSV37_IRQHandler
                0x10001278                RSV38_IRQHandler
                0x1000127a                RSV39_IRQHandler
                0x1000127c                RSV40_IRQHandler
                0x1000127e                RSV41_IRQHandler
                0x10001280                RSV42_IRQHandler
                0x10001282                RSV43_IRQHandler
                0x10001284                RSV44_IRQHandler
                0x10001286                RSV45_IRQHandler
                0x10001288                RSV46_IRQHandler
                0x1000128a                RSV47_IRQHandler
                0x1000128c                RSV48_IRQHandler
                0x1000128e                RSV49_IRQHandler
                0x10001290                RSV50_IRQHandler
                0x10001292                RSV51_IRQHandler
                0x10001294                RSV52_IRQHandler
                0x10001296                WUT_IRQHandler
                0x10001298                GPIOWAKE_IRQHandler
                0x1000129a                RSV55_IRQHandler
                0x1000129c                SPI0_IRQHandler
                0x1000129e                WDT1_IRQHandler
                0x100012a0                RSV58_IRQHandler
                0x100012a2                PT_IRQHandler
                0x100012a4                RSV60_IRQHandler
                0x100012a6                RSV61_IRQHandler
                0x100012a8                I2C2_IRQHandler
                0x100012aa                RISCV_IRQHandler
                0x100012ac                RSV64_IRQHandler
                0x100012ae                RSV65_IRQHandler
                0x100012b0                RSV66_IRQHandler
                0x100012b2                OWM_IRQHandler
                0x100012b4                RSV68_IRQHandler
                0x100012b6                RSV69_IRQHandler
                0x100012b8                RSV70_IRQHandler
                0x100012ba                RSV71_IRQHandler
                0x100012bc                RSV72_IRQHandler
                0x100012be                RSV73_IRQHandler
                0x100012c0                RSV74_IRQHandler
                0x100012c2                RSV75_IRQHandler
                0x100012c4                RSV76_IRQHandler
                0x100012c6                RSV77_IRQHandler
                0x100012c8                RSV78_IRQHandler
                0x100012ca                RSV79_IRQHandler
                0x100012cc                RSV80_IRQHandler
                0x100012ce                RSV81_IRQHandler
                0x100012d0                ECC_IRQHandler
                0x100012d2                DVS_IRQHandler
                0x100012d4                SIMO_IRQHandler
                0x100012d6                RSV85_IRQHandler
                0x100012d8                RSV86_IRQHandler
                0x100012da                RSV87_IRQHandler
                0x100012dc                UART3_IRQHandler
                0x100012de                RSV89_IRQHandler
                0x100012e0                RSV90_IRQHandler
                0x100012e2                PCIF_IRQHandler
                0x100012e4                RSV92_IRQHandler
                0x100012e6                RSV93_IRQHandler
                0x100012e8                RSV94_IRQHandler
                0x100012ea                RSV95_IRQHandler
                0x100012ec                RSV96_IRQHandler
                0x100012ee                AES_IRQHandler
                0x100012f0                RSV98_IRQHandler
                0x100012f2                I2S_IRQHandler
                0x100012f4                CNN_FIFO_IRQHandler
                0x100012f6                CNN_IRQHandler
                0x100012f8                RSV102_IRQHandler
                0x100012fa                LPCMP_IRQHandler
 .text._sbrk    0x10001324       0x3c C:/Users/p_hae/Documents/_Code/KeyWordSpotting_on_MAX78000/finalNetworkinC/build/heap.o
                0x10001324                _sbrk
 .text.SystemCoreClockUpdate
                0x10001360       0x68 C:/Users/p_hae/Documents/_Code/KeyWordSpotting_on_MAX78000/finalNetworkinC/build/system_max78000.o
                0x10001360                SystemCoreClockUpdate
 .text.PreInit  0x100013c8        0x4 C:/Users/p_hae/Documents/_Code/KeyWordSpotting_on_MAX78000/finalNetworkinC/build/system_max78000.o
                0x100013c8                PreInit
 .text.SystemInit
                0x100013cc       0x38 C:/Users/p_hae/Documents/_Code/KeyWordSpotting_on_MAX78000/finalNetworkinC/build/system_max78000.o
                0x100013cc                SystemInit
 .text.MXC_DelayInit
                0x10001404       0x7c C:/MaximSDK/Libraries/PeriphDrivers/bin/MAX78000/softfp/libPeriphDriver_softfp.a(mxc_delay.o)
 .text.MXC_DelayAsync
                0x10001480       0x3c C:/MaximSDK/Libraries/PeriphDrivers/bin/MAX78000/softfp/libPeriphDriver_softfp.a(mxc_delay.o)
                0x10001480                MXC_DelayAsync
 .text.MXC_DelayCheck
                0x100014bc       0x70 C:/MaximSDK/Libraries/PeriphDrivers/bin/MAX78000/softfp/libPeriphDriver_softfp.a(mxc_delay.o)
                0x100014bc                MXC_DelayCheck
 .text.MXC_DelayAbort
                0x1000152c       0x34 C:/MaximSDK/Libraries/PeriphDrivers/bin/MAX78000/softfp/libPeriphDriver_softfp.a(mxc_delay.o)
                0x1000152c                MXC_DelayAbort
 .text.MXC_Delay
                0x10001560       0x74 C:/MaximSDK/Libraries/PeriphDrivers/bin/MAX78000/softfp/libPeriphDriver_softfp.a(mxc_delay.o)
                0x10001560                MXC_Delay
 .text.MXC_SYS_ClockDisable
                0x100015d4       0x44 C:/MaximSDK/Libraries/PeriphDrivers/bin/MAX78000/softfp/libPeriphDriver_softfp.a(sys_ai85.o)
                0x100015d4                MXC_SYS_ClockDisable
 .text.MXC_SYS_ClockEnable
                0x10001618       0x4c C:/MaximSDK/Libraries/PeriphDrivers/bin/MAX78000/softfp/libPeriphDriver_softfp.a(sys_ai85.o)
                0x10001618                MXC_SYS_ClockEnable
 .text.MXC_SYS_ClockSourceEnable
                0x10001664       0xec C:/MaximSDK/Libraries/PeriphDrivers/bin/MAX78000/softfp/libPeriphDriver_softfp.a(sys_ai85.o)
                0x10001664                MXC_SYS_ClockSourceEnable
 .text.MXC_SYS_Clock_Select
                0x10001750      0x17c C:/MaximSDK/Libraries/PeriphDrivers/bin/MAX78000/softfp/libPeriphDriver_softfp.a(sys_ai85.o)
                0x10001750                MXC_SYS_Clock_Select
 .text.MXC_SYS_Reset_Periph
                0x100018cc       0x50 C:/MaximSDK/Libraries/PeriphDrivers/bin/MAX78000/softfp/libPeriphDriver_softfp.a(sys_ai85.o)
                0x100018cc                MXC_SYS_Reset_Periph
 .text.MXC_NVIC_SetVector
                0x1000191c       0x4c C:/MaximSDK/Libraries/PeriphDrivers/bin/MAX78000/softfp/libPeriphDriver_softfp.a(nvic_table.o)
                0x1000191c                MXC_NVIC_SetVector
 .text.MXC_LP_EnterSleepMode
                0x10001968       0x28 C:/MaximSDK/Libraries/PeriphDrivers/bin/MAX78000/softfp/libPeriphDriver_softfp.a(lp_ai85.o)
                0x10001968                MXC_LP_EnterSleepMode
 .text.MXC_GPIO_Config
                0x10001990      0x204 C:/MaximSDK/Libraries/PeriphDrivers/bin/MAX78000/softfp/libPeriphDriver_softfp.a(gpio_ai85.o)
                0x10001990                MXC_GPIO_Config
 .text.MXC_GPIO_OutSet
                0x10001b94       0x34 C:/MaximSDK/Libraries/PeriphDrivers/bin/MAX78000/softfp/libPeriphDriver_softfp.a(gpio_ai85.o)
                0x10001b94                MXC_GPIO_OutSet
 .text.MXC_GPIO_OutClr
                0x10001bc8       0x34 C:/MaximSDK/Libraries/PeriphDrivers/bin/MAX78000/softfp/libPeriphDriver_softfp.a(gpio_ai85.o)
                0x10001bc8                MXC_GPIO_OutClr
 .text.MXC_GPIO_Handler
                0x10001bfc        0x4 C:/MaximSDK/Libraries/PeriphDrivers/bin/MAX78000/softfp/libPeriphDriver_softfp.a(gpio_ai85.o)
                0x10001bfc                MXC_GPIO_Handler
 .text.MXC_GPIO_ClearFlags
                0x10001c00        0x4 C:/MaximSDK/Libraries/PeriphDrivers/bin/MAX78000/softfp/libPeriphDriver_softfp.a(gpio_ai85.o)
                0x10001c00                MXC_GPIO_ClearFlags
 .text.MXC_GPIO_GetFlags
                0x10001c04        0x4 C:/MaximSDK/Libraries/PeriphDrivers/bin/MAX78000/softfp/libPeriphDriver_softfp.a(gpio_ai85.o)
                0x10001c04                MXC_GPIO_GetFlags
 .text.MXC_GPIO_RevA_OutSet
                0x10001c08        0x4 C:/MaximSDK/Libraries/PeriphDrivers/bin/MAX78000/softfp/libPeriphDriver_softfp.a(gpio_reva.o)
                0x10001c08                MXC_GPIO_RevA_OutSet
 .text.MXC_GPIO_RevA_OutClr
                0x10001c0c        0x4 C:/MaximSDK/Libraries/PeriphDrivers/bin/MAX78000/softfp/libPeriphDriver_softfp.a(gpio_reva.o)
                0x10001c0c                MXC_GPIO_RevA_OutClr
 .text.MXC_GPIO_RevA_ClearFlags
                0x10001c10        0x4 C:/MaximSDK/Libraries/PeriphDrivers/bin/MAX78000/softfp/libPeriphDriver_softfp.a(gpio_reva.o)
                0x10001c10                MXC_GPIO_RevA_ClearFlags
 .text.MXC_GPIO_RevA_GetFlags
                0x10001c14        0x4 C:/MaximSDK/Libraries/PeriphDrivers/bin/MAX78000/softfp/libPeriphDriver_softfp.a(gpio_reva.o)
                0x10001c14                MXC_GPIO_RevA_GetFlags
 .text.MXC_GPIO_RevA_SetVSSEL
                0x10001c18       0x30 C:/MaximSDK/Libraries/PeriphDrivers/bin/MAX78000/softfp/libPeriphDriver_softfp.a(gpio_reva.o)
                0x10001c18                MXC_GPIO_RevA_SetVSSEL
 .text.MXC_GPIO_RevA_SetAF
                0x10001c48       0x68 C:/MaximSDK/Libraries/PeriphDrivers/bin/MAX78000/softfp/libPeriphDriver_softfp.a(gpio_reva.o)
                0x10001c48                MXC_GPIO_RevA_SetAF
 .text.MXC_ICC_Enable
                0x10001cb0        0x4 C:/MaximSDK/Libraries/PeriphDrivers/bin/MAX78000/softfp/libPeriphDriver_softfp.a(icc_me17.o)
                0x10001cb0                MXC_ICC_Enable
 .text.MXC_ICC_RevA_Enable
                0x10001cb4       0x30 C:/MaximSDK/Libraries/PeriphDrivers/bin/MAX78000/softfp/libPeriphDriver_softfp.a(icc_reva.o)
                0x10001cb4                MXC_ICC_RevA_Enable
 .text.MXC_TMR_Init
                0x10001ce4      0x344 C:/MaximSDK/Libraries/PeriphDrivers/bin/MAX78000/softfp/libPeriphDriver_softfp.a(tmr_ai85.o)
                0x10001ce4                MXC_TMR_Init
 .text.MXC_TMR_Start
                0x10002028        0x4 C:/MaximSDK/Libraries/PeriphDrivers/bin/MAX78000/softfp/libPeriphDriver_softfp.a(tmr_ai85.o)
                0x10002028                MXC_TMR_Start
 .text.MXC_TMR_Stop
                0x1000202c        0x4 C:/MaximSDK/Libraries/PeriphDrivers/bin/MAX78000/softfp/libPeriphDriver_softfp.a(tmr_ai85.o)
                0x1000202c                MXC_TMR_Stop
 .text.MXC_TMR_ClearFlags
                0x10002030        0x4 C:/MaximSDK/Libraries/PeriphDrivers/bin/MAX78000/softfp/libPeriphDriver_softfp.a(tmr_ai85.o)
                0x10002030                MXC_TMR_ClearFlags
 .text.MXC_TMR_SetCount
                0x10002034        0x4 C:/MaximSDK/Libraries/PeriphDrivers/bin/MAX78000/softfp/libPeriphDriver_softfp.a(tmr_ai85.o)
                0x10002034                MXC_TMR_SetCount
 .text.MXC_TMR_TO_Start
                0x10002038        0x4 C:/MaximSDK/Libraries/PeriphDrivers/bin/MAX78000/softfp/libPeriphDriver_softfp.a(tmr_ai85.o)
                0x10002038                MXC_TMR_TO_Start
 .text.MXC_TMR_TO_Stop
                0x1000203c        0x4 C:/MaximSDK/Libraries/PeriphDrivers/bin/MAX78000/softfp/libPeriphDriver_softfp.a(tmr_ai85.o)
                0x1000203c                MXC_TMR_TO_Stop
 .text.MXC_TMR_TO_Elapsed
                0x10002040        0x4 C:/MaximSDK/Libraries/PeriphDrivers/bin/MAX78000/softfp/libPeriphDriver_softfp.a(tmr_ai85.o)
                0x10002040                MXC_TMR_TO_Elapsed
 .text.MXC_TMR_SW_Start
                0x10002044        0x4 C:/MaximSDK/Libraries/PeriphDrivers/bin/MAX78000/softfp/libPeriphDriver_softfp.a(tmr_ai85.o)
                0x10002044                MXC_TMR_SW_Start
 .text.MXC_TMR_SW_Stop
                0x10002048        0x4 C:/MaximSDK/Libraries/PeriphDrivers/bin/MAX78000/softfp/libPeriphDriver_softfp.a(tmr_ai85.o)
                0x10002048                MXC_TMR_SW_Stop
 .text.MXC_TMR_GetTime
                0x1000204c        0x4 C:/MaximSDK/Libraries/PeriphDrivers/bin/MAX78000/softfp/libPeriphDriver_softfp.a(tmr_ai85.o)
                0x1000204c                MXC_TMR_GetTime
 .text.MXC_TMR_RevB_ConfigGeneric
                0x10002050       0xe8 C:/MaximSDK/Libraries/PeriphDrivers/bin/MAX78000/softfp/libPeriphDriver_softfp.a(tmr_revb.o)
                0x10002050                MXC_TMR_RevB_ConfigGeneric
 .text.MXC_TMR_RevB_Init
                0x10002138       0xc8 C:/MaximSDK/Libraries/PeriphDrivers/bin/MAX78000/softfp/libPeriphDriver_softfp.a(tmr_revb.o)
                0x10002138                MXC_TMR_RevB_Init
 .text.MXC_TMR_RevB_Start
                0x10002200       0x5c C:/MaximSDK/Libraries/PeriphDrivers/bin/MAX78000/softfp/libPeriphDriver_softfp.a(tmr_revb.o)
                0x10002200                MXC_TMR_RevB_Start
 .text.MXC_TMR_RevB_Stop
                0x1000225c       0x58 C:/MaximSDK/Libraries/PeriphDrivers/bin/MAX78000/softfp/libPeriphDriver_softfp.a(tmr_revb.o)
                0x1000225c                MXC_TMR_RevB_Stop
 .text.MXC_TMR_RevB_ClearFlags
                0x100022b4       0x58 C:/MaximSDK/Libraries/PeriphDrivers/bin/MAX78000/softfp/libPeriphDriver_softfp.a(tmr_revb.o)
                0x100022b4                MXC_TMR_RevB_ClearFlags
 .text.MXC_TMR_RevB_SetCount
                0x1000230c       0x5c C:/MaximSDK/Libraries/PeriphDrivers/bin/MAX78000/softfp/libPeriphDriver_softfp.a(tmr_revb.o)
                0x1000230c                MXC_TMR_RevB_SetCount
 .text.MXC_TMR_RevB_TO_Start
                0x10002368       0xe4 C:/MaximSDK/Libraries/PeriphDrivers/bin/MAX78000/softfp/libPeriphDriver_softfp.a(tmr_revb.o)
                0x10002368                MXC_TMR_RevB_TO_Start
 .text.MXC_TMR_RevB_GetTime
                0x1000244c      0x138 C:/MaximSDK/Libraries/PeriphDrivers/bin/MAX78000/softfp/libPeriphDriver_softfp.a(tmr_revb.o)
                0x1000244c                MXC_TMR_RevB_GetTime
 .text.MXC_UART_Shutdown
                0x10002584       0x70 C:/MaximSDK/Libraries/PeriphDrivers/bin/MAX78000/softfp/libPeriphDriver_softfp.a(uart_ai85.o)
                0x10002584                MXC_UART_Shutdown
 .text.MXC_UART_Init
                0x100025f4       0xb8 C:/MaximSDK/Libraries/PeriphDrivers/bin/MAX78000/softfp/libPeriphDriver_softfp.a(uart_ai85.o)
                0x100025f4                MXC_UART_Init
 .text.MXC_UART_SetFrequency
                0x100026ac       0xcc C:/MaximSDK/Libraries/PeriphDrivers/bin/MAX78000/softfp/libPeriphDriver_softfp.a(uart_ai85.o)
                0x100026ac                MXC_UART_SetFrequency
 .text.MXC_UART_GetFrequency
                0x10002778       0x54 C:/MaximSDK/Libraries/PeriphDrivers/bin/MAX78000/softfp/libPeriphDriver_softfp.a(uart_ai85.o)
                0x10002778                MXC_UART_GetFrequency
 .text.MXC_UART_SetDataSize
                0x100027cc        0x4 C:/MaximSDK/Libraries/PeriphDrivers/bin/MAX78000/softfp/libPeriphDriver_softfp.a(uart_ai85.o)
                0x100027cc                MXC_UART_SetDataSize
 .text.MXC_UART_SetStopBits
                0x100027d0        0x4 C:/MaximSDK/Libraries/PeriphDrivers/bin/MAX78000/softfp/libPeriphDriver_softfp.a(uart_ai85.o)
                0x100027d0                MXC_UART_SetStopBits
 .text.MXC_UART_SetParity
                0x100027d4        0x4 C:/MaximSDK/Libraries/PeriphDrivers/bin/MAX78000/softfp/libPeriphDriver_softfp.a(uart_ai85.o)
                0x100027d4                MXC_UART_SetParity
 .text.MXC_UART_ReadCharacterRaw
                0x100027d8        0x4 C:/MaximSDK/Libraries/PeriphDrivers/bin/MAX78000/softfp/libPeriphDriver_softfp.a(uart_ai85.o)
                0x100027d8                MXC_UART_ReadCharacterRaw
 .text.MXC_UART_WriteCharacterRaw
                0x100027dc        0x4 C:/MaximSDK/Libraries/PeriphDrivers/bin/MAX78000/softfp/libPeriphDriver_softfp.a(uart_ai85.o)
                0x100027dc                MXC_UART_WriteCharacterRaw
 .text.MXC_UART_ReadCharacter
                0x100027e0        0x4 C:/MaximSDK/Libraries/PeriphDrivers/bin/MAX78000/softfp/libPeriphDriver_softfp.a(uart_ai85.o)
                0x100027e0                MXC_UART_ReadCharacter
 .text.MXC_UART_WriteCharacter
                0x100027e4        0x4 C:/MaximSDK/Libraries/PeriphDrivers/bin/MAX78000/softfp/libPeriphDriver_softfp.a(uart_ai85.o)
                0x100027e4                MXC_UART_WriteCharacter
 .text.MXC_UART_GetRXFIFOAvailable
                0x100027e8        0x4 C:/MaximSDK/Libraries/PeriphDrivers/bin/MAX78000/softfp/libPeriphDriver_softfp.a(uart_ai85.o)
                0x100027e8                MXC_UART_GetRXFIFOAvailable
 .text.MXC_UART_GetTXFIFOAvailable
                0x100027ec        0x4 C:/MaximSDK/Libraries/PeriphDrivers/bin/MAX78000/softfp/libPeriphDriver_softfp.a(uart_ai85.o)
                0x100027ec                MXC_UART_GetTXFIFOAvailable
 .text.MXC_UART_SetRXThreshold
                0x100027f0        0x4 C:/MaximSDK/Libraries/PeriphDrivers/bin/MAX78000/softfp/libPeriphDriver_softfp.a(uart_ai85.o)
                0x100027f0                MXC_UART_SetRXThreshold
 .text.MXC_UART_Common_ReadCharacter
                0x100027f4       0x18 C:/MaximSDK/Libraries/PeriphDrivers/bin/MAX78000/softfp/libPeriphDriver_softfp.a(uart_common.o)
                0x100027f4                MXC_UART_Common_ReadCharacter
 .text.MXC_UART_Common_WriteCharacter
                0x1000280c       0x1c C:/MaximSDK/Libraries/PeriphDrivers/bin/MAX78000/softfp/libPeriphDriver_softfp.a(uart_common.o)
                0x1000280c                MXC_UART_Common_WriteCharacter
 .text.MXC_UART_RevB_Init
                0x10002828       0x70 C:/MaximSDK/Libraries/PeriphDrivers/bin/MAX78000/softfp/libPeriphDriver_softfp.a(uart_revb.o)
                0x10002828                MXC_UART_RevB_Init
 .text.MXC_UART_RevB_SetFrequency
                0x10002898       0x9c C:/MaximSDK/Libraries/PeriphDrivers/bin/MAX78000/softfp/libPeriphDriver_softfp.a(uart_revb.o)
                0x10002898                MXC_UART_RevB_SetFrequency
 .text.MXC_UART_RevB_GetFrequency
                0x10002934       0x7c C:/MaximSDK/Libraries/PeriphDrivers/bin/MAX78000/softfp/libPeriphDriver_softfp.a(uart_revb.o)
                0x10002934                MXC_UART_RevB_GetFrequency
 .text.MXC_UART_RevB_SetDataSize
                0x100029b0       0x40 C:/MaximSDK/Libraries/PeriphDrivers/bin/MAX78000/softfp/libPeriphDriver_softfp.a(uart_revb.o)
                0x100029b0                MXC_UART_RevB_SetDataSize
 .text.MXC_UART_RevB_SetStopBits
                0x100029f0       0x4c C:/MaximSDK/Libraries/PeriphDrivers/bin/MAX78000/softfp/libPeriphDriver_softfp.a(uart_revb.o)
                0x100029f0                MXC_UART_RevB_SetStopBits
 .text.MXC_UART_RevB_SetParity
                0x10002a3c       0xb4 C:/MaximSDK/Libraries/PeriphDrivers/bin/MAX78000/softfp/libPeriphDriver_softfp.a(uart_revb.o)
                0x10002a3c                MXC_UART_RevB_SetParity
 .text.MXC_UART_RevB_ReadCharacterRaw
                0x10002af0       0x38 C:/MaximSDK/Libraries/PeriphDrivers/bin/MAX78000/softfp/libPeriphDriver_softfp.a(uart_revb.o)
                0x10002af0                MXC_UART_RevB_ReadCharacterRaw
 .text.MXC_UART_RevB_WriteCharacterRaw
                0x10002b28       0x3c C:/MaximSDK/Libraries/PeriphDrivers/bin/MAX78000/softfp/libPeriphDriver_softfp.a(uart_revb.o)
                0x10002b28                MXC_UART_RevB_WriteCharacterRaw
 .text.MXC_UART_RevB_GetRXFIFOAvailable
                0x10002b64        0x8 C:/MaximSDK/Libraries/PeriphDrivers/bin/MAX78000/softfp/libPeriphDriver_softfp.a(uart_revb.o)
                0x10002b64                MXC_UART_RevB_GetRXFIFOAvailable
 .text.MXC_UART_RevB_GetTXFIFOAvailable
                0x10002b6c        0xc C:/MaximSDK/Libraries/PeriphDrivers/bin/MAX78000/softfp/libPeriphDriver_softfp.a(uart_revb.o)
                0x10002b6c                MXC_UART_RevB_GetTXFIFOAvailable
 .text.MXC_UART_RevB_SetRXThreshold
                0x10002b78       0x40 C:/MaximSDK/Libraries/PeriphDrivers/bin/MAX78000/softfp/libPeriphDriver_softfp.a(uart_revb.o)
                0x10002b78                MXC_UART_RevB_SetRXThreshold
 .text.MXC_GPIO_Common_Init
                0x10002bb8       0x24 C:/MaximSDK/Libraries/PeriphDrivers/bin/MAX78000/softfp/libPeriphDriver_softfp.a(gpio_common.o)
                0x10002bb8                MXC_GPIO_Common_Init
 .text.MXC_GPIO_Common_Handler
                0x10002bdc       0x88 C:/MaximSDK/Libraries/PeriphDrivers/bin/MAX78000/softfp/libPeriphDriver_softfp.a(gpio_common.o)
                0x10002bdc                MXC_GPIO_Common_Handler
 .text.MXC_TMR_Common_TO_Stop
                0x10002c64       0x14 C:/MaximSDK/Libraries/PeriphDrivers/bin/MAX78000/softfp/libPeriphDriver_softfp.a(tmr_common.o)
                0x10002c64                MXC_TMR_Common_TO_Stop
 .text.MXC_TMR_Common_SW_Start
                0x10002c78        0x8 C:/MaximSDK/Libraries/PeriphDrivers/bin/MAX78000/softfp/libPeriphDriver_softfp.a(tmr_common.o)
                0x10002c78                MXC_TMR_Common_SW_Start
 .text.MXC_TMR_Common_SW_Stop
                0x10002c80       0x14 C:/MaximSDK/Libraries/PeriphDrivers/bin/MAX78000/softfp/libPeriphDriver_softfp.a(tmr_common.o)
                0x10002c80                MXC_TMR_Common_SW_Stop
 .text.MXC_TMR_Common_TO_Elapsed
                0x10002c94       0x54 C:/MaximSDK/Libraries/PeriphDrivers/bin/MAX78000/softfp/libPeriphDriver_softfp.a(tmr_common.o)
                0x10002c94                MXC_TMR_Common_TO_Elapsed
 .text.__errno  0x10002ce8        0xc c:/maximsdk/tools/gnutools/10.3/bin/../lib/gcc/arm-none-eabi/10.3.1/../../../../arm-none-eabi/lib/thumb/v7e-m+fp/softfp\libc.a(lib_a-errno.o)
                0x10002ce8                __errno
 .text.__libc_init_array
                0x10002cf4       0x48 c:/maximsdk/tools/gnutools/10.3/bin/../lib/gcc/arm-none-eabi/10.3.1/../../../../arm-none-eabi/lib/thumb/v7e-m+fp/softfp\libc.a(lib_a-init.o)
                0x10002cf4                __libc_init_array
 .text._malloc_r
                0x10002d3c      0x560 c:/maximsdk/tools/gnutools/10.3/bin/../lib/gcc/arm-none-eabi/10.3.1/../../../../arm-none-eabi/lib/thumb/v7e-m+fp/softfp\libc.a(lib_a-mallocr.o)
                0x10002d3c                _malloc_r
 .text          0x1000329c      0x134 c:/maximsdk/tools/gnutools/10.3/bin/../lib/gcc/arm-none-eabi/10.3.1/../../../../arm-none-eabi/lib/thumb/v7e-m+fp/softfp\libc.a(lib_a-memcpy.o)
                0x1000329c                memcpy
 .text.memset   0x100033d0       0xa4 c:/maximsdk/tools/gnutools/10.3/bin/../lib/gcc/arm-none-eabi/10.3.1/../../../../arm-none-eabi/lib/thumb/v7e-m+fp/softfp\libc.a(lib_a-memset.o)
                0x100033d0                memset
 .text.__malloc_lock
                0x10003474        0xc c:/maximsdk/tools/gnutools/10.3/bin/../lib/gcc/arm-none-eabi/10.3.1/../../../../arm-none-eabi/lib/thumb/v7e-m+fp/softfp\libc.a(lib_a-mlock.o)
                0x10003474                __malloc_lock
 .text.__malloc_unlock
                0x10003480        0xc c:/maximsdk/tools/gnutools/10.3/bin/../lib/gcc/arm-none-eabi/10.3.1/../../../../arm-none-eabi/lib/thumb/v7e-m+fp/softfp\libc.a(lib_a-mlock.o)
                0x10003480                __malloc_unlock
 .text.printf   0x1000348c       0x28 c:/maximsdk/tools/gnutools/10.3/bin/../lib/gcc/arm-none-eabi/10.3.1/../../../../arm-none-eabi/lib/thumb/v7e-m+fp/softfp\libc.a(lib_a-printf.o)
                0x1000348c                printf
 .text._puts_r  0x100034b4       0x9c c:/maximsdk/tools/gnutools/10.3/bin/../lib/gcc/arm-none-eabi/10.3.1/../../../../arm-none-eabi/lib/thumb/v7e-m+fp/softfp\libc.a(lib_a-puts.o)
                0x100034b4                _puts_r
 .text.puts     0x10003550       0x10 c:/maximsdk/tools/gnutools/10.3/bin/../lib/gcc/arm-none-eabi/10.3.1/../../../../arm-none-eabi/lib/thumb/v7e-m+fp/softfp\libc.a(lib_a-puts.o)
                0x10003550                puts
 .text._sbrk_r  0x10003560       0x24 c:/maximsdk/tools/gnutools/10.3/bin/../lib/gcc/arm-none-eabi/10.3.1/../../../../arm-none-eabi/lib/thumb/v7e-m+fp/softfp\libc.a(lib_a-sbrkr.o)
                0x10003560                _sbrk_r
 *fill*         0x10003584       0x3c 
 .text          0x100035c0       0xdc c:/maximsdk/tools/gnutools/10.3/bin/../lib/gcc/arm-none-eabi/10.3.1/../../../../arm-none-eabi/lib/thumb/v7e-m+fp/softfp\libc.a(lib_a-strlen.o)
                0x100035c0                strlen
 *fill*         0x1000369c        0x4 
 .text._vfprintf_r
                0x100036a0     0x1b8c c:/maximsdk/tools/gnutools/10.3/bin/../lib/gcc/arm-none-eabi/10.3.1/../../../../arm-none-eabi/lib/thumb/v7e-m+fp/softfp\libc.a(lib_a-vfprintf.o)
                0x100036a0                _vfprintf_r
 .text.__sbprintf
                0x1000522c       0x80 c:/maximsdk/tools/gnutools/10.3/bin/../lib/gcc/arm-none-eabi/10.3.1/../../../../arm-none-eabi/lib/thumb/v7e-m+fp/softfp\libc.a(lib_a-vfprintf.o)
 .text.__swsetup_r
                0x100052ac       0xd4 c:/maximsdk/tools/gnutools/10.3/bin/../lib/gcc/arm-none-eabi/10.3.1/../../../../arm-none-eabi/lib/thumb/v7e-m+fp/softfp\libc.a(lib_a-wsetup.o)
                0x100052ac                __swsetup_r
 .text.startup.register_fini
                0x10005380       0x14 c:/maximsdk/tools/gnutools/10.3/bin/../lib/gcc/arm-none-eabi/10.3.1/../../../../arm-none-eabi/lib/thumb/v7e-m+fp/softfp\libc.a(lib_a-__call_atexit.o)
 .text.atexit   0x10005394        0xc c:/maximsdk/tools/gnutools/10.3/bin/../lib/gcc/arm-none-eabi/10.3.1/../../../../arm-none-eabi/lib/thumb/v7e-m+fp/softfp\libc.a(lib_a-atexit.o)
                0x10005394                atexit
 .text.quorem   0x100053a0      0x128 c:/maximsdk/tools/gnutools/10.3/bin/../lib/gcc/arm-none-eabi/10.3.1/../../../../arm-none-eabi/lib/thumb/v7e-m+fp/softfp\libc.a(lib_a-dtoa.o)
 .text._dtoa_r  0x100054c8      0xf34 c:/maximsdk/tools/gnutools/10.3/bin/../lib/gcc/arm-none-eabi/10.3.1/../../../../arm-none-eabi/lib/thumb/v7e-m+fp/softfp\libc.a(lib_a-dtoa.o)
                0x100054c8                _dtoa_r
 .text.__sflush_r
                0x100063fc      0x130 c:/maximsdk/tools/gnutools/10.3/bin/../lib/gcc/arm-none-eabi/10.3.1/../../../../arm-none-eabi/lib/thumb/v7e-m+fp/softfp\libc.a(lib_a-fflush.o)
                0x100063fc                __sflush_r
 .text._fflush_r
                0x1000652c       0x5c c:/maximsdk/tools/gnutools/10.3/bin/../lib/gcc/arm-none-eabi/10.3.1/../../../../arm-none-eabi/lib/thumb/v7e-m+fp/softfp\libc.a(lib_a-fflush.o)
                0x1000652c                _fflush_r
 .text._cleanup_r
                0x10006588        0xc c:/maximsdk/tools/gnutools/10.3/bin/../lib/gcc/arm-none-eabi/10.3.1/../../../../arm-none-eabi/lib/thumb/v7e-m+fp/softfp\libc.a(lib_a-findfp.o)
                0x10006588                _cleanup_r
 .text.__sinit  0x10006594      0x10c c:/maximsdk/tools/gnutools/10.3/bin/../lib/gcc/arm-none-eabi/10.3.1/../../../../arm-none-eabi/lib/thumb/v7e-m+fp/softfp\libc.a(lib_a-findfp.o)
                0x10006594                __sinit
 .text.__sfp_lock_acquire
                0x100066a0        0xc c:/maximsdk/tools/gnutools/10.3/bin/../lib/gcc/arm-none-eabi/10.3.1/../../../../arm-none-eabi/lib/thumb/v7e-m+fp/softfp\libc.a(lib_a-findfp.o)
                0x100066a0                __sfp_lock_acquire
 .text.__sfp_lock_release
                0x100066ac        0xc c:/maximsdk/tools/gnutools/10.3/bin/../lib/gcc/arm-none-eabi/10.3.1/../../../../arm-none-eabi/lib/thumb/v7e-m+fp/softfp\libc.a(lib_a-findfp.o)
                0x100066ac                __sfp_lock_release
 .text.__libc_fini_array
                0x100066b8       0x2c c:/maximsdk/tools/gnutools/10.3/bin/../lib/gcc/arm-none-eabi/10.3.1/../../../../arm-none-eabi/lib/thumb/v7e-m+fp/softfp\libc.a(lib_a-fini.o)
                0x100066b8                __libc_fini_array
 .text._malloc_trim_r
                0x100066e4       0xa0 c:/maximsdk/tools/gnutools/10.3/bin/../lib/gcc/arm-none-eabi/10.3.1/../../../../arm-none-eabi/lib/thumb/v7e-m+fp/softfp\libc.a(lib_a-freer.o)
                0x100066e4                _malloc_trim_r
 .text._free_r  0x10006784      0x20c c:/maximsdk/tools/gnutools/10.3/bin/../lib/gcc/arm-none-eabi/10.3.1/../../../../arm-none-eabi/lib/thumb/v7e-m+fp/softfp\libc.a(lib_a-freer.o)
                0x10006784                _free_r
 .text.__sfvwrite_r
                0x10006990      0x2f0 c:/maximsdk/tools/gnutools/10.3/bin/../lib/gcc/arm-none-eabi/10.3.1/../../../../arm-none-eabi/lib/thumb/v7e-m+fp/softfp\libc.a(lib_a-fvwrite.o)
                0x10006990                __sfvwrite_r
 .text._fwalk_reent
                0x10006c80       0x48 c:/maximsdk/tools/gnutools/10.3/bin/../lib/gcc/arm-none-eabi/10.3.1/../../../../arm-none-eabi/lib/thumb/v7e-m+fp/softfp\libc.a(lib_a-fwalk.o)
                0x10006c80                _fwalk_reent
 .text._localeconv_r
                0x10006cc8        0x8 c:/maximsdk/tools/gnutools/10.3/bin/../lib/gcc/arm-none-eabi/10.3.1/../../../../arm-none-eabi/lib/thumb/v7e-m+fp/softfp\libc.a(lib_a-localeconv.o)
                0x10006cc8                _localeconv_r
 .text.__retarget_lock_init_recursive
                0x10006cd0        0x4 c:/maximsdk/tools/gnutools/10.3/bin/../lib/gcc/arm-none-eabi/10.3.1/../../../../arm-none-eabi/lib/thumb/v7e-m+fp/softfp\libc.a(lib_a-lock.o)
                0x10006cd0                __retarget_lock_init_recursive
 .text.__retarget_lock_close_recursive
                0x10006cd4        0x4 c:/maximsdk/tools/gnutools/10.3/bin/../lib/gcc/arm-none-eabi/10.3.1/../../../../arm-none-eabi/lib/thumb/v7e-m+fp/softfp\libc.a(lib_a-lock.o)
                0x10006cd4                __retarget_lock_close_recursive
 .text.__retarget_lock_acquire_recursive
                0x10006cd8        0x4 c:/maximsdk/tools/gnutools/10.3/bin/../lib/gcc/arm-none-eabi/10.3.1/../../../../arm-none-eabi/lib/thumb/v7e-m+fp/softfp\libc.a(lib_a-lock.o)
                0x10006cd8                __retarget_lock_acquire_recursive
 .text.__retarget_lock_release_recursive
                0x10006cdc        0x4 c:/maximsdk/tools/gnutools/10.3/bin/../lib/gcc/arm-none-eabi/10.3.1/../../../../arm-none-eabi/lib/thumb/v7e-m+fp/softfp\libc.a(lib_a-lock.o)
                0x10006cdc                __retarget_lock_release_recursive
 .text.__smakebuf_r
                0x10006ce0       0xe0 c:/maximsdk/tools/gnutools/10.3/bin/../lib/gcc/arm-none-eabi/10.3.1/../../../../arm-none-eabi/lib/thumb/v7e-m+fp/softfp\libc.a(lib_a-makebuf.o)
                0x10006ce0                __smakebuf_r
 .text          0x10006dc0       0xa0 c:/maximsdk/tools/gnutools/10.3/bin/../lib/gcc/arm-none-eabi/10.3.1/../../../../arm-none-eabi/lib/thumb/v7e-m+fp/softfp\libc.a(lib_a-memchr.o)
                0x10006dc0                memchr
 .text.memmove  0x10006e60       0xf8 c:/maximsdk/tools/gnutools/10.3/bin/../lib/gcc/arm-none-eabi/10.3.1/../../../../arm-none-eabi/lib/thumb/v7e-m+fp/softfp\libc.a(lib_a-memmove.o)
                0x10006e60                memmove
 .text._Balloc  0x10006f58       0x4c c:/maximsdk/tools/gnutools/10.3/bin/../lib/gcc/arm-none-eabi/10.3.1/../../../../arm-none-eabi/lib/thumb/v7e-m+fp/softfp\libc.a(lib_a-mprec.o)
                0x10006f58                _Balloc
 .text._Bfree   0x10006fa4       0x14 c:/maximsdk/tools/gnutools/10.3/bin/../lib/gcc/arm-none-eabi/10.3.1/../../../../arm-none-eabi/lib/thumb/v7e-m+fp/softfp\libc.a(lib_a-mprec.o)
                0x10006fa4                _Bfree
 .text.__multadd
                0x10006fb8       0xa8 c:/maximsdk/tools/gnutools/10.3/bin/../lib/gcc/arm-none-eabi/10.3.1/../../../../arm-none-eabi/lib/thumb/v7e-m+fp/softfp\libc.a(lib_a-mprec.o)
                0x10006fb8                __multadd
 .text.__hi0bits
                0x10007060       0x40 c:/maximsdk/tools/gnutools/10.3/bin/../lib/gcc/arm-none-eabi/10.3.1/../../../../arm-none-eabi/lib/thumb/v7e-m+fp/softfp\libc.a(lib_a-mprec.o)
                0x10007060                __hi0bits
 .text.__lo0bits
                0x100070a0       0x60 c:/maximsdk/tools/gnutools/10.3/bin/../lib/gcc/arm-none-eabi/10.3.1/../../../../arm-none-eabi/lib/thumb/v7e-m+fp/softfp\libc.a(lib_a-mprec.o)
                0x100070a0                __lo0bits
 .text.__i2b    0x10007100       0x5c c:/maximsdk/tools/gnutools/10.3/bin/../lib/gcc/arm-none-eabi/10.3.1/../../../../arm-none-eabi/lib/thumb/v7e-m+fp/softfp\libc.a(lib_a-mprec.o)
                0x10007100                __i2b
 .text.__multiply
                0x1000715c      0x15c c:/maximsdk/tools/gnutools/10.3/bin/../lib/gcc/arm-none-eabi/10.3.1/../../../../arm-none-eabi/lib/thumb/v7e-m+fp/softfp\libc.a(lib_a-mprec.o)
                0x1000715c                __multiply
 .text.__pow5mult
                0x100072b8       0xc0 c:/maximsdk/tools/gnutools/10.3/bin/../lib/gcc/arm-none-eabi/10.3.1/../../../../arm-none-eabi/lib/thumb/v7e-m+fp/softfp\libc.a(lib_a-mprec.o)
                0x100072b8                __pow5mult
 .text.__lshift
                0x10007378       0xf0 c:/maximsdk/tools/gnutools/10.3/bin/../lib/gcc/arm-none-eabi/10.3.1/../../../../arm-none-eabi/lib/thumb/v7e-m+fp/softfp\libc.a(lib_a-mprec.o)
                0x10007378                __lshift
 .text.__mcmp   0x10007468       0x44 c:/maximsdk/tools/gnutools/10.3/bin/../lib/gcc/arm-none-eabi/10.3.1/../../../../arm-none-eabi/lib/thumb/v7e-m+fp/softfp\libc.a(lib_a-mprec.o)
                0x10007468                __mcmp
 .text.__mdiff  0x100074ac      0x14c c:/maximsdk/tools/gnutools/10.3/bin/../lib/gcc/arm-none-eabi/10.3.1/../../../../arm-none-eabi/lib/thumb/v7e-m+fp/softfp\libc.a(lib_a-mprec.o)
                0x100074ac                __mdiff
 .text.__d2b    0x100075f8       0xc4 c:/maximsdk/tools/gnutools/10.3/bin/../lib/gcc/arm-none-eabi/10.3.1/../../../../arm-none-eabi/lib/thumb/v7e-m+fp/softfp\libc.a(lib_a-mprec.o)
                0x100075f8                __d2b
 .text._realloc_r
                0x100076bc      0x3d8 c:/maximsdk/tools/gnutools/10.3/bin/../lib/gcc/arm-none-eabi/10.3.1/../../../../arm-none-eabi/lib/thumb/v7e-m+fp/softfp\libc.a(lib_a-reallocr.o)
                0x100076bc                _realloc_r
 .text.frexp    0x10007a94       0x70 c:/maximsdk/tools/gnutools/10.3/bin/../lib/gcc/arm-none-eabi/10.3.1/../../../../arm-none-eabi/lib/thumb/v7e-m+fp/softfp\libc.a(lib_a-s_frexp.o)
                0x10007a94                frexp
 .text.__sread  0x10007b04       0x24 c:/maximsdk/tools/gnutools/10.3/bin/../lib/gcc/arm-none-eabi/10.3.1/../../../../arm-none-eabi/lib/thumb/v7e-m+fp/softfp\libc.a(lib_a-stdio.o)
                0x10007b04                __sread
 .text.__swrite
                0x10007b28       0x40 c:/maximsdk/tools/gnutools/10.3/bin/../lib/gcc/arm-none-eabi/10.3.1/../../../../arm-none-eabi/lib/thumb/v7e-m+fp/softfp\libc.a(lib_a-stdio.o)
                0x10007b28                __swrite
 .text.__sseek  0x10007b68       0x20 c:/maximsdk/tools/gnutools/10.3/bin/../lib/gcc/arm-none-eabi/10.3.1/../../../../arm-none-eabi/lib/thumb/v7e-m+fp/softfp\libc.a(lib_a-stdio.o)
                0x10007b68                __sseek
 .text.__sclose
                0x10007b88        0x8 c:/maximsdk/tools/gnutools/10.3/bin/../lib/gcc/arm-none-eabi/10.3.1/../../../../arm-none-eabi/lib/thumb/v7e-m+fp/softfp\libc.a(lib_a-stdio.o)
                0x10007b88                __sclose
 .text.strncpy  0x10007b90       0x64 c:/maximsdk/tools/gnutools/10.3/bin/../lib/gcc/arm-none-eabi/10.3.1/../../../../arm-none-eabi/lib/thumb/v7e-m+fp/softfp\libc.a(lib_a-strncpy.o)
                0x10007b90                strncpy
 .text.__sprint_r.part.0
                0x10007bf4       0x78 c:/maximsdk/tools/gnutools/10.3/bin/../lib/gcc/arm-none-eabi/10.3.1/../../../../arm-none-eabi/lib/thumb/v7e-m+fp/softfp\libc.a(lib_a-vfiprintf.o)
 .text.__sprint_r
                0x10007c6c       0x18 c:/maximsdk/tools/gnutools/10.3/bin/../lib/gcc/arm-none-eabi/10.3.1/../../../../arm-none-eabi/lib/thumb/v7e-m+fp/softfp\libc.a(lib_a-vfiprintf.o)
                0x10007c6c                __sprint_r
 .text._vfiprintf_r
                0x10007c84      0xdfc c:/maximsdk/tools/gnutools/10.3/bin/../lib/gcc/arm-none-eabi/10.3.1/../../../../arm-none-eabi/lib/thumb/v7e-m+fp/softfp\libc.a(lib_a-vfiprintf.o)
                0x10007c84                _vfiprintf_r
 .text.__sbprintf
                0x10008a80       0x80 c:/maximsdk/tools/gnutools/10.3/bin/../lib/gcc/arm-none-eabi/10.3.1/../../../../arm-none-eabi/lib/thumb/v7e-m+fp/softfp\libc.a(lib_a-vfiprintf.o)
 .text._write_r
                0x10008b00       0x2c c:/maximsdk/tools/gnutools/10.3/bin/../lib/gcc/arm-none-eabi/10.3.1/../../../../arm-none-eabi/lib/thumb/v7e-m+fp/softfp\libc.a(lib_a-writer.o)
                0x10008b00                _write_r
 .text.__register_exitproc
                0x10008b2c       0x8c c:/maximsdk/tools/gnutools/10.3/bin/../lib/gcc/arm-none-eabi/10.3.1/../../../../arm-none-eabi/lib/thumb/v7e-m+fp/softfp\libc.a(lib_a-__atexit.o)
                0x10008b2c                __register_exitproc
 .text.__assert_func
                0x10008bb8       0x40 c:/maximsdk/tools/gnutools/10.3/bin/../lib/gcc/arm-none-eabi/10.3.1/../../../../arm-none-eabi/lib/thumb/v7e-m+fp/softfp\libc.a(lib_a-assert.o)
                0x10008bb8                __assert_func
 .text._calloc_r
                0x10008bf8       0x78 c:/maximsdk/tools/gnutools/10.3/bin/../lib/gcc/arm-none-eabi/10.3.1/../../../../arm-none-eabi/lib/thumb/v7e-m+fp/softfp\libc.a(lib_a-callocr.o)
                0x10008bf8                _calloc_r
 .text._close_r
                0x10008c70       0x24 c:/maximsdk/tools/gnutools/10.3/bin/../lib/gcc/arm-none-eabi/10.3.1/../../../../arm-none-eabi/lib/thumb/v7e-m+fp/softfp\libc.a(lib_a-closer.o)
                0x10008c70                _close_r
 .text._fclose_r
                0x10008c94       0xcc c:/maximsdk/tools/gnutools/10.3/bin/../lib/gcc/arm-none-eabi/10.3.1/../../../../arm-none-eabi/lib/thumb/v7e-m+fp/softfp\libc.a(lib_a-fclose.o)
                0x10008c94                _fclose_r
 .text.fiprintf
                0x10008d60       0x28 c:/maximsdk/tools/gnutools/10.3/bin/../lib/gcc/arm-none-eabi/10.3.1/../../../../arm-none-eabi/lib/thumb/v7e-m+fp/softfp\libc.a(lib_a-fiprintf.o)
                0x10008d60                fiprintf
 .text.__fputwc
                0x10008d88       0xa8 c:/maximsdk/tools/gnutools/10.3/bin/../lib/gcc/arm-none-eabi/10.3.1/../../../../arm-none-eabi/lib/thumb/v7e-m+fp/softfp\libc.a(lib_a-fputwc.o)
                0x10008d88                __fputwc
 .text._fputwc_r
                0x10008e30       0x68 c:/maximsdk/tools/gnutools/10.3/bin/../lib/gcc/arm-none-eabi/10.3.1/../../../../arm-none-eabi/lib/thumb/v7e-m+fp/softfp\libc.a(lib_a-fputwc.o)
                0x10008e30                _fputwc_r
 .text._fstat_r
                0x10008e98       0x2c c:/maximsdk/tools/gnutools/10.3/bin/../lib/gcc/arm-none-eabi/10.3.1/../../../../arm-none-eabi/lib/thumb/v7e-m+fp/softfp\libc.a(lib_a-fstatr.o)
                0x10008e98                _fstat_r
 .text._isatty_r
                0x10008ec4       0x24 c:/maximsdk/tools/gnutools/10.3/bin/../lib/gcc/arm-none-eabi/10.3.1/../../../../arm-none-eabi/lib/thumb/v7e-m+fp/softfp\libc.a(lib_a-isattyr.o)
                0x10008ec4                _isatty_r
 .text.__locale_mb_cur_max
                0x10008ee8        0xc c:/maximsdk/tools/gnutools/10.3/bin/../lib/gcc/arm-none-eabi/10.3.1/../../../../arm-none-eabi/lib/thumb/v7e-m+fp/softfp\libc.a(lib_a-locale.o)
                0x10008ee8                __locale_mb_cur_max
 .text._lseek_r
                0x10008ef4       0x2c c:/maximsdk/tools/gnutools/10.3/bin/../lib/gcc/arm-none-eabi/10.3.1/../../../../arm-none-eabi/lib/thumb/v7e-m+fp/softfp\libc.a(lib_a-lseekr.o)
                0x10008ef4                _lseek_r
 .text.__ascii_mbtowc
                0x10008f20       0x2c c:/maximsdk/tools/gnutools/10.3/bin/../lib/gcc/arm-none-eabi/10.3.1/../../../../arm-none-eabi/lib/thumb/v7e-m+fp/softfp\libc.a(lib_a-mbtowc_r.o)
                0x10008f20                __ascii_mbtowc
 .text._read_r  0x10008f4c       0x2c c:/maximsdk/tools/gnutools/10.3/bin/../lib/gcc/arm-none-eabi/10.3.1/../../../../arm-none-eabi/lib/thumb/v7e-m+fp/softfp\libc.a(lib_a-readr.o)
                0x10008f4c                _read_r
 .text.__swbuf_r
                0x10008f78       0xb0 c:/maximsdk/tools/gnutools/10.3/bin/../lib/gcc/arm-none-eabi/10.3.1/../../../../arm-none-eabi/lib/thumb/v7e-m+fp/softfp\libc.a(lib_a-wbuf.o)
                0x10008f78                __swbuf_r
 .text._wcrtomb_r
                0x10009028       0x3c c:/maximsdk/tools/gnutools/10.3/bin/../lib/gcc/arm-none-eabi/10.3.1/../../../../arm-none-eabi/lib/thumb/v7e-m+fp/softfp\libc.a(lib_a-wcrtomb.o)
                0x10009028                _wcrtomb_r
 .text.__ascii_wctomb
                0x10009064       0x1c c:/maximsdk/tools/gnutools/10.3/bin/../lib/gcc/arm-none-eabi/10.3.1/../../../../arm-none-eabi/lib/thumb/v7e-m+fp/softfp\libc.a(lib_a-wctomb_r.o)
                0x10009064                __ascii_wctomb
 .text.abort    0x10009080       0x10 c:/maximsdk/tools/gnutools/10.3/bin/../lib/gcc/arm-none-eabi/10.3.1/../../../../arm-none-eabi/lib/thumb/v7e-m+fp/softfp\libc.a(lib_a-abort.o)
                0x10009080                abort
 .text.raise    0x10009090       0x5c c:/maximsdk/tools/gnutools/10.3/bin/../lib/gcc/arm-none-eabi/10.3.1/../../../../arm-none-eabi/lib/thumb/v7e-m+fp/softfp\libc.a(lib_a-signal.o)
                0x10009090                raise
 .text._kill_r  0x100090ec       0x2c c:/maximsdk/tools/gnutools/10.3/bin/../lib/gcc/arm-none-eabi/10.3.1/../../../../arm-none-eabi/lib/thumb/v7e-m+fp/softfp\libc.a(lib_a-signalr.o)
                0x100090ec                _kill_r
 .text._getpid_r
                0x10009118        0x4 c:/maximsdk/tools/gnutools/10.3/bin/../lib/gcc/arm-none-eabi/10.3.1/../../../../arm-none-eabi/lib/thumb/v7e-m+fp/softfp\libc.a(lib_a-signalr.o)
                0x10009118                _getpid_r
 .text._getpid  0x1000911c       0x10 c:/maximsdk/tools/gnutools/10.3/bin/../lib/gcc/arm-none-eabi/10.3.1/../../../../arm-none-eabi/lib/thumb/v7e-m+fp/softfp\libnosys.a(getpid.o)
                0x1000911c                _getpid
 .text._kill    0x1000912c       0x10 c:/maximsdk/tools/gnutools/10.3/bin/../lib/gcc/arm-none-eabi/10.3.1/../../../../arm-none-eabi/lib/thumb/v7e-m+fp/softfp\libnosys.a(kill.o)
                0x1000912c                _kill
 .text._exit    0x1000913c        0x4 c:/maximsdk/tools/gnutools/10.3/bin/../lib/gcc/arm-none-eabi/10.3.1/../../../../arm-none-eabi/lib/thumb/v7e-m+fp/softfp\libnosys.a(_exit.o)
                0x1000913c                _exit
 .text          0x10009140      0x378 c:/maximsdk/tools/gnutools/10.3/bin/../lib/gcc/arm-none-eabi/10.3.1/thumb/v7e-m+fp/softfp\libgcc.a(_arm_addsubdf3.o)
                0x10009140                __aeabi_drsub
                0x10009148                __aeabi_dsub
                0x10009148                __subdf3
                0x1000914c                __aeabi_dadd
                0x1000914c                __adddf3
                0x100093c4                __floatunsidf
                0x100093c4                __aeabi_ui2d
                0x100093e4                __floatsidf
                0x100093e4                __aeabi_i2d
                0x10009408                __aeabi_f2d
                0x10009408                __extendsfdf2
                0x1000944c                __floatundidf
                0x1000944c                __aeabi_ul2d
                0x1000945c                __floatdidf
                0x1000945c                __aeabi_l2d
 .text          0x100094b8      0x424 c:/maximsdk/tools/gnutools/10.3/bin/../lib/gcc/arm-none-eabi/10.3.1/thumb/v7e-m+fp/softfp\libgcc.a(_arm_muldivdf3.o)
                0x100094b8                __aeabi_dmul
                0x100094b8                __muldf3
                0x1000970c                __divdf3
                0x1000970c                __aeabi_ddiv
 .text          0x100098dc      0x110 c:/maximsdk/tools/gnutools/10.3/bin/../lib/gcc/arm-none-eabi/10.3.1/thumb/v7e-m+fp/softfp\libgcc.a(_arm_cmpdf2.o)
                0x100098dc                __gtdf2
                0x100098dc                __gedf2
                0x100098e4                __ltdf2
                0x100098e4                __ledf2
                0x100098ec                __nedf2
                0x100098ec                __eqdf2
                0x100098ec                __cmpdf2
                0x10009968                __aeabi_cdrcmple
                0x10009978                __aeabi_cdcmpeq
                0x10009978                __aeabi_cdcmple
                0x10009988                __aeabi_dcmpeq
                0x1000999c                __aeabi_dcmplt
                0x100099b0                __aeabi_dcmple
                0x100099c4                __aeabi_dcmpge
                0x100099d8                __aeabi_dcmpgt
 .text          0x100099ec       0x2c c:/maximsdk/tools/gnutools/10.3/bin/../lib/gcc/arm-none-eabi/10.3.1/thumb/v7e-m+fp/softfp\libgcc.a(_arm_unorddf2.o)
                0x100099ec                __unorddf2
                0x100099ec                __aeabi_dcmpun
 .text          0x10009a18       0x50 c:/maximsdk/tools/gnutools/10.3/bin/../lib/gcc/arm-none-eabi/10.3.1/thumb/v7e-m+fp/softfp\libgcc.a(_arm_fixdfsi.o)
                0x10009a18                __aeabi_d2iz
                0x10009a18                __fixdfsi
 .text          0x10009a68       0xa0 c:/maximsdk/tools/gnutools/10.3/bin/../lib/gcc/arm-none-eabi/10.3.1/thumb/v7e-m+fp/softfp\libgcc.a(_aeabi_ldivmod.o)
                0x10009a68                __aeabi_ldivmod
 .text          0x10009b08       0x30 c:/maximsdk/tools/gnutools/10.3/bin/../lib/gcc/arm-none-eabi/10.3.1/thumb/v7e-m+fp/softfp\libgcc.a(_aeabi_uldivmod.o)
                0x10009b08                __aeabi_uldivmod
 .text          0x10009b38      0x2d0 c:/maximsdk/tools/gnutools/10.3/bin/../lib/gcc/arm-none-eabi/10.3.1/thumb/v7e-m+fp/softfp\libgcc.a(_udivmoddi4.o)
                0x10009b38                __udivmoddi4
 .text          0x10009e08        0x4 c:/maximsdk/tools/gnutools/10.3/bin/../lib/gcc/arm-none-eabi/10.3.1/thumb/v7e-m+fp/softfp\libgcc.a(_dvmd_tls.o)
                0x10009e08                __aeabi_idiv0
                0x10009e08                __aeabi_ldiv0
 *(.rodata*)
 .rodata.fail.str1.4
                0x10009e0c        0xf C:/Users/p_hae/Documents/_Code/KeyWordSpotting_on_MAX78000/finalNetworkinC/build/main.o
 *fill*         0x10009e1b        0x1 
 .rodata.check_output.str1.4
                0x10009e1c       0x48 C:/Users/p_hae/Documents/_Code/KeyWordSpotting_on_MAX78000/finalNetworkinC/build/main.o
 .rodata.main.str1.4
                0x10009e64       0xa8 C:/Users/p_hae/Documents/_Code/KeyWordSpotting_on_MAX78000/finalNetworkinC/build/main.o
 *fill*         0x10009f0c        0x4 
 .rodata        0x10009f10      0x800 C:/Users/p_hae/Documents/_Code/KeyWordSpotting_on_MAX78000/finalNetworkinC/build/main.o
 .rodata.input_0
                0x1000a710      0x200 C:/Users/p_hae/Documents/_Code/KeyWordSpotting_on_MAX78000/finalNetworkinC/build/main.o
 .rodata.input_12
                0x1000a910      0x200 C:/Users/p_hae/Documents/_Code/KeyWordSpotting_on_MAX78000/finalNetworkinC/build/main.o
 .rodata.input_16
                0x1000ab10      0x200 C:/Users/p_hae/Documents/_Code/KeyWordSpotting_on_MAX78000/finalNetworkinC/build/main.o
 .rodata.input_20
                0x1000ad10      0x200 C:/Users/p_hae/Documents/_Code/KeyWordSpotting_on_MAX78000/finalNetworkinC/build/main.o
 .rodata.input_24
                0x1000af10      0x200 C:/Users/p_hae/Documents/_Code/KeyWordSpotting_on_MAX78000/finalNetworkinC/build/main.o
 .rodata.input_28
                0x1000b110      0x200 C:/Users/p_hae/Documents/_Code/KeyWordSpotting_on_MAX78000/finalNetworkinC/build/main.o
 .rodata.input_32
                0x1000b310      0x200 C:/Users/p_hae/Documents/_Code/KeyWordSpotting_on_MAX78000/finalNetworkinC/build/main.o
 .rodata.input_36
                0x1000b510      0x200 C:/Users/p_hae/Documents/_Code/KeyWordSpotting_on_MAX78000/finalNetworkinC/build/main.o
 .rodata.input_4
                0x1000b710      0x200 C:/Users/p_hae/Documents/_Code/KeyWordSpotting_on_MAX78000/finalNetworkinC/build/main.o
 .rodata.input_40
                0x1000b910      0x200 C:/Users/p_hae/Documents/_Code/KeyWordSpotting_on_MAX78000/finalNetworkinC/build/main.o
 .rodata.input_44
                0x1000bb10      0x200 C:/Users/p_hae/Documents/_Code/KeyWordSpotting_on_MAX78000/finalNetworkinC/build/main.o
 .rodata.input_48
                0x1000bd10      0x200 C:/Users/p_hae/Documents/_Code/KeyWordSpotting_on_MAX78000/finalNetworkinC/build/main.o
 .rodata.input_52
                0x1000bf10      0x200 C:/Users/p_hae/Documents/_Code/KeyWordSpotting_on_MAX78000/finalNetworkinC/build/main.o
 .rodata.input_56
                0x1000c110      0x200 C:/Users/p_hae/Documents/_Code/KeyWordSpotting_on_MAX78000/finalNetworkinC/build/main.o
 .rodata.input_60
                0x1000c310      0x200 C:/Users/p_hae/Documents/_Code/KeyWordSpotting_on_MAX78000/finalNetworkinC/build/main.o
 .rodata.input_8
                0x1000c510      0x200 C:/Users/p_hae/Documents/_Code/KeyWordSpotting_on_MAX78000/finalNetworkinC/build/main.o
 .rodata.sample_output
                0x1000c710       0x1c C:/Users/p_hae/Documents/_Code/KeyWordSpotting_on_MAX78000/finalNetworkinC/build/main.o
 .rodata.kernels
                0x1000c72c    0x27984 C:/Users/p_hae/Documents/_Code/KeyWordSpotting_on_MAX78000/finalNetworkinC/build/cnn.o
 .rodata.mxc_assert.str1.4
                0x100340b0       0x19 C:/Users/p_hae/Documents/_Code/KeyWordSpotting_on_MAX78000/finalNetworkinC/build/board.o
 *fill*         0x100340c9        0x3 
 .rodata.Board_Init.str1.4
                0x100340cc       0x45 C:/Users/p_hae/Documents/_Code/KeyWordSpotting_on_MAX78000/finalNetworkinC/build/board.o
 *fill*         0x10034111        0x3 
 .rodata        0x10034114       0x54 C:/Users/p_hae/Documents/_Code/KeyWordSpotting_on_MAX78000/finalNetworkinC/build/board.o
 .rodata.led_pin
                0x10034168       0x18 C:/Users/p_hae/Documents/_Code/KeyWordSpotting_on_MAX78000/finalNetworkinC/build/board.o
                0x10034168                led_pin
 .rodata.num_leds
                0x10034180        0x4 C:/Users/p_hae/Documents/_Code/KeyWordSpotting_on_MAX78000/finalNetworkinC/build/board.o
                0x10034180                num_leds
 .rodata.num_pbs
                0x10034184        0x4 C:/Users/p_hae/Documents/_Code/KeyWordSpotting_on_MAX78000/finalNetworkinC/build/board.o
                0x10034184                num_pbs
 .rodata.pb_pin
                0x10034188       0x18 C:/Users/p_hae/Documents/_Code/KeyWordSpotting_on_MAX78000/finalNetworkinC/build/board.o
                0x10034188                pb_pin
 .rodata.LED_On.str1.4
                0x100341a0       0x5f C:/Users/p_hae/Documents/_Code/KeyWordSpotting_on_MAX78000/finalNetworkinC/build/led.o
 *fill*         0x100341ff        0x1 
 .rodata.gpio_cfg_tmr0
                0x10034200        0xc C:/MaximSDK/Libraries/PeriphDrivers/bin/MAX78000/softfp/libPeriphDriver_softfp.a(pins_ai85.o)
                0x10034200                gpio_cfg_tmr0
 .rodata.gpio_cfg_tmr0b
                0x1003420c        0xc C:/MaximSDK/Libraries/PeriphDrivers/bin/MAX78000/softfp/libPeriphDriver_softfp.a(pins_ai85.o)
                0x1003420c                gpio_cfg_tmr0b
 .rodata.gpio_cfg_tmr1
                0x10034218        0xc C:/MaximSDK/Libraries/PeriphDrivers/bin/MAX78000/softfp/libPeriphDriver_softfp.a(pins_ai85.o)
                0x10034218                gpio_cfg_tmr1
 .rodata.gpio_cfg_tmr1b
                0x10034224        0xc C:/MaximSDK/Libraries/PeriphDrivers/bin/MAX78000/softfp/libPeriphDriver_softfp.a(pins_ai85.o)
                0x10034224                gpio_cfg_tmr1b
 .rodata.gpio_cfg_tmr2
                0x10034230        0xc C:/MaximSDK/Libraries/PeriphDrivers/bin/MAX78000/softfp/libPeriphDriver_softfp.a(pins_ai85.o)
                0x10034230                gpio_cfg_tmr2
 .rodata.gpio_cfg_tmr2b
                0x1003423c        0xc C:/MaximSDK/Libraries/PeriphDrivers/bin/MAX78000/softfp/libPeriphDriver_softfp.a(pins_ai85.o)
                0x1003423c                gpio_cfg_tmr2b
 .rodata.gpio_cfg_tmr3
                0x10034248        0xc C:/MaximSDK/Libraries/PeriphDrivers/bin/MAX78000/softfp/libPeriphDriver_softfp.a(pins_ai85.o)
                0x10034248                gpio_cfg_tmr3
 .rodata.gpio_cfg_tmr3b
                0x10034254        0xc C:/MaximSDK/Libraries/PeriphDrivers/bin/MAX78000/softfp/libPeriphDriver_softfp.a(pins_ai85.o)
                0x10034254                gpio_cfg_tmr3b
 .rodata.gpio_cfg_tmr4
                0x10034260        0xc C:/MaximSDK/Libraries/PeriphDrivers/bin/MAX78000/softfp/libPeriphDriver_softfp.a(pins_ai85.o)
                0x10034260                gpio_cfg_tmr4
 .rodata.gpio_cfg_tmr5
                0x1003426c        0xc C:/MaximSDK/Libraries/PeriphDrivers/bin/MAX78000/softfp/libPeriphDriver_softfp.a(pins_ai85.o)
                0x1003426c                gpio_cfg_tmr5
 .rodata.gpio_cfg_uart0
                0x10034278        0xc C:/MaximSDK/Libraries/PeriphDrivers/bin/MAX78000/softfp/libPeriphDriver_softfp.a(pins_ai85.o)
                0x10034278                gpio_cfg_uart0
 .rodata.gpio_cfg_uart1
                0x10034284        0xc C:/MaximSDK/Libraries/PeriphDrivers/bin/MAX78000/softfp/libPeriphDriver_softfp.a(pins_ai85.o)
                0x10034284                gpio_cfg_uart1
 .rodata.gpio_cfg_uart2
                0x10034290        0xc C:/MaximSDK/Libraries/PeriphDrivers/bin/MAX78000/softfp/libPeriphDriver_softfp.a(pins_ai85.o)
                0x10034290                gpio_cfg_uart2
 .rodata.gpio_cfg_uart3
                0x1003429c        0xc C:/MaximSDK/Libraries/PeriphDrivers/bin/MAX78000/softfp/libPeriphDriver_softfp.a(pins_ai85.o)
                0x1003429c                gpio_cfg_uart3
 .rodata.MXC_TMR_Init.str1.4
                0x100342a8       0x50 C:/MaximSDK/Libraries/PeriphDrivers/bin/MAX78000/softfp/libPeriphDriver_softfp.a(tmr_ai85.o)
 .rodata.MXC_TMR_RevB_ConfigGeneric.str1.4
                0x100342f8       0x43 C:/MaximSDK/Libraries/PeriphDrivers/bin/MAX78000/softfp/libPeriphDriver_softfp.a(tmr_revb.o)
                                 0x50 (size before relaxing)
 *fill*         0x1003433b        0x1 
 .rodata.MXC_GPIO_Common_Handler.str1.4
                0x1003433c       0x66 C:/MaximSDK/Libraries/PeriphDrivers/bin/MAX78000/softfp/libPeriphDriver_softfp.a(gpio_common.o)
 *fill*         0x100343a2        0x2 
 .rodata._global_impure_ptr
                0x100343a4        0x4 c:/maximsdk/tools/gnutools/10.3/bin/../lib/gcc/arm-none-eabi/10.3.1/../../../../arm-none-eabi/lib/thumb/v7e-m+fp/softfp\libc.a(lib_a-impure.o)
                0x100343a4                _global_impure_ptr
 .rodata._puts_r.str1.4
                0x100343a8        0x2 c:/maximsdk/tools/gnutools/10.3/bin/../lib/gcc/arm-none-eabi/10.3.1/../../../../arm-none-eabi/lib/thumb/v7e-m+fp/softfp\libc.a(lib_a-puts.o)
 *fill*         0x100343aa        0x2 
 .rodata._vfprintf_r.str1.4
                0x100343ac       0x42 c:/maximsdk/tools/gnutools/10.3/bin/../lib/gcc/arm-none-eabi/10.3.1/../../../../arm-none-eabi/lib/thumb/v7e-m+fp/softfp\libc.a(lib_a-vfprintf.o)
 *fill*         0x100343ee        0x2 
 .rodata.blanks.1
                0x100343f0       0x10 c:/maximsdk/tools/gnutools/10.3/bin/../lib/gcc/arm-none-eabi/10.3.1/../../../../arm-none-eabi/lib/thumb/v7e-m+fp/softfp\libc.a(lib_a-vfprintf.o)
 .rodata.zeroes.0
                0x10034400       0x10 c:/maximsdk/tools/gnutools/10.3/bin/../lib/gcc/arm-none-eabi/10.3.1/../../../../arm-none-eabi/lib/thumb/v7e-m+fp/softfp\libc.a(lib_a-vfprintf.o)
 .rodata._dtoa_r.str1.4
                0x10034410       0xa2 c:/maximsdk/tools/gnutools/10.3/bin/../lib/gcc/arm-none-eabi/10.3.1/../../../../arm-none-eabi/lib/thumb/v7e-m+fp/softfp\libc.a(lib_a-dtoa.o)
                                 0xa6 (size before relaxing)
 *fill*         0x100344b2        0x2 
 .rodata.__multadd.str1.4
                0x100344b4       0x7f c:/maximsdk/tools/gnutools/10.3/bin/../lib/gcc/arm-none-eabi/10.3.1/../../../../arm-none-eabi/lib/thumb/v7e-m+fp/softfp\libc.a(lib_a-mprec.o)
                                 0x93 (size before relaxing)
 *fill*         0x10034533        0x5 
 .rodata.__mprec_bigtens
                0x10034538       0x28 c:/maximsdk/tools/gnutools/10.3/bin/../lib/gcc/arm-none-eabi/10.3.1/../../../../arm-none-eabi/lib/thumb/v7e-m+fp/softfp\libc.a(lib_a-mprec.o)
                0x10034538                __mprec_bigtens
 .rodata.__mprec_tens
                0x10034560       0xc8 c:/maximsdk/tools/gnutools/10.3/bin/../lib/gcc/arm-none-eabi/10.3.1/../../../../arm-none-eabi/lib/thumb/v7e-m+fp/softfp\libc.a(lib_a-mprec.o)
                0x10034560                __mprec_tens
 .rodata.p05.0  0x10034628        0xc c:/maximsdk/tools/gnutools/10.3/bin/../lib/gcc/arm-none-eabi/10.3.1/../../../../arm-none-eabi/lib/thumb/v7e-m+fp/softfp\libc.a(lib_a-mprec.o)
 .rodata._vfiprintf_r.str1.4
                0x10034634       0x2f c:/maximsdk/tools/gnutools/10.3/bin/../lib/gcc/arm-none-eabi/10.3.1/../../../../arm-none-eabi/lib/thumb/v7e-m+fp/softfp\libc.a(lib_a-vfiprintf.o)
 .rodata.blanks.1
                0x10034634       0x10 c:/maximsdk/tools/gnutools/10.3/bin/../lib/gcc/arm-none-eabi/10.3.1/../../../../arm-none-eabi/lib/thumb/v7e-m+fp/softfp\libc.a(lib_a-vfiprintf.o)
 .rodata.zeroes.0
                0x10034644       0x10 c:/maximsdk/tools/gnutools/10.3/bin/../lib/gcc/arm-none-eabi/10.3.1/../../../../arm-none-eabi/lib/thumb/v7e-m+fp/softfp\libc.a(lib_a-vfiprintf.o)
 .rodata.__assert_func.str1.4
                0x10034654       0x3f c:/maximsdk/tools/gnutools/10.3/bin/../lib/gcc/arm-none-eabi/10.3.1/../../../../arm-none-eabi/lib/thumb/v7e-m+fp/softfp\libc.a(lib_a-assert.o)
                                 0x43 (size before relaxing)
 *fill*         0x10034693        0x1 
 .rodata._setlocale_r.str1.4
                0x10034694        0xa c:/maximsdk/tools/gnutools/10.3/bin/../lib/gcc/arm-none-eabi/10.3.1/../../../../arm-none-eabi/lib/thumb/v7e-m+fp/softfp\libc.a(lib_a-locale.o)
                                  0xd (size before relaxing)
 *fill*         0x1003469e        0x2 
 .rodata.str1.4
                0x100346a0        0x2 c:/maximsdk/tools/gnutools/10.3/bin/../lib/gcc/arm-none-eabi/10.3.1/../../../../arm-none-eabi/lib/thumb/v7e-m+fp/softfp\libc.a(lib_a-locale.o)
 *fill*         0x100346a2        0x2 
 .rodata._ctype_
                0x100346a4      0x101 c:/maximsdk/tools/gnutools/10.3/bin/../lib/gcc/arm-none-eabi/10.3.1/../../../../arm-none-eabi/lib/thumb/v7e-m+fp/softfp\libc.a(lib_a-ctype_.o)
                0x100346a4                _ctype_
 *(.init)
 *fill*         0x100347a5        0x3 
 .init          0x100347a8        0x4 c:/maximsdk/tools/gnutools/10.3/bin/../lib/gcc/arm-none-eabi/10.3.1/thumb/v7e-m+fp/softfp/crti.o
                0x100347a8                _init
 .init          0x100347ac        0x8 c:/maximsdk/tools/gnutools/10.3/bin/../lib/gcc/arm-none-eabi/10.3.1/thumb/v7e-m+fp/softfp/crtn.o
 *(.fini)
 .fini          0x100347b4        0x4 c:/maximsdk/tools/gnutools/10.3/bin/../lib/gcc/arm-none-eabi/10.3.1/thumb/v7e-m+fp/softfp/crti.o
                0x100347b4                _fini
 .fini          0x100347b8        0x8 c:/maximsdk/tools/gnutools/10.3/bin/../lib/gcc/arm-none-eabi/10.3.1/thumb/v7e-m+fp/softfp/crtn.o
 *(.eh_frame*)
 .eh_frame      0x100347c0        0x0 c:/maximsdk/tools/gnutools/10.3/bin/../lib/gcc/arm-none-eabi/10.3.1/thumb/v7e-m+fp/softfp/crtbegin.o
 .eh_frame      0x100347c0        0x4 c:/maximsdk/tools/gnutools/10.3/bin/../lib/gcc/arm-none-eabi/10.3.1/thumb/v7e-m+fp/softfp/crtend.o
                0x100347c4                _etext = .

.glue_7         0x100347c4        0x0
 .glue_7        0x100347c4        0x0 linker stubs

.glue_7t        0x100347c4        0x0
 .glue_7t       0x100347c4        0x0 linker stubs

.vfp11_veneer   0x100347c4        0x0
 .vfp11_veneer  0x100347c4        0x0 linker stubs

.v4_bx          0x100347c4        0x0
 .v4_bx         0x100347c4        0x0 linker stubs

.iplt           0x100347c4        0x0
 .iplt          0x100347c4        0x0 c:/maximsdk/tools/gnutools/10.3/bin/../lib/gcc/arm-none-eabi/10.3.1/thumb/v7e-m+fp/softfp/crtbegin.o

.bin_storage    0x100347c4        0x0
 FILL mask 0xff
                0x100347c4                _bin_start_ = .
 *(.bin_storage_img)
                0x100347c4                _bin_end_ = .
                0x100347c4                . = ALIGN (0x4)

.rom_code       0x00000000        0x0
                0x00000000                . = ALIGN (0x10)
                0x20000000                _sran_code = .
 *(.rom_code_section)
                0x20000000                _esran_code = .

.flash_code     0x100347c4        0xc
                0x100347d0                . = ALIGN (0x10)
 *fill*         0x100347c4        0xc 
                0x20000000                _sran_code = .
 *(.flash_code_section)
                0x20000000                _esran_code = .

.sram_code      0x20000000        0x0
                0x20000000                . = ALIGN (0x10)
                0x20000000                _sran_code = .
 *(.sram_code_section)
                0x20000000                _esran_code = .

.ARM.exidx      0x100347d0        0x8
                0x100347d0                __exidx_start = .
 *(.ARM.exidx*)
 .ARM.exidx     0x100347d0        0x8 c:/maximsdk/tools/gnutools/10.3/bin/../lib/gcc/arm-none-eabi/10.3.1/thumb/v7e-m+fp/softfp\libgcc.a(_udivmoddi4.o)
                0x100347d8                __exidx_end = .

.rel.dyn        0x100347d8        0x0
 .rel.iplt      0x100347d8        0x0 c:/maximsdk/tools/gnutools/10.3/bin/../lib/gcc/arm-none-eabi/10.3.1/thumb/v7e-m+fp/softfp/crtbegin.o

.data           0x20000000      0x9c4 load address 0x100347d8
                0x20000000                _data = ALIGN (., 0x4)
 *(.data*)
 .data.ConsoleUart
                0x20000000        0x4 C:/Users/p_hae/Documents/_Code/KeyWordSpotting_on_MAX78000/finalNetworkinC/build/board.o
                0x20000000                ConsoleUart
 .data.overflows
                0x20000004        0x4 C:/MaximSDK/Libraries/PeriphDrivers/bin/MAX78000/softfp/libPeriphDriver_softfp.a(mxc_delay.o)
 .data._impure_ptr
                0x20000008        0x4 c:/maximsdk/tools/gnutools/10.3/bin/../lib/gcc/arm-none-eabi/10.3.1/../../../../arm-none-eabi/lib/thumb/v7e-m+fp/softfp\libc.a(lib_a-impure.o)
                0x20000008                _impure_ptr
 *fill*         0x2000000c        0x4 
 .data.impure_data
                0x20000010      0x428 c:/maximsdk/tools/gnutools/10.3/bin/../lib/gcc/arm-none-eabi/10.3.1/../../../../arm-none-eabi/lib/thumb/v7e-m+fp/softfp\libc.a(lib_a-impure.o)
 .data.__malloc_av_
                0x20000438      0x408 c:/maximsdk/tools/gnutools/10.3/bin/../lib/gcc/arm-none-eabi/10.3.1/../../../../arm-none-eabi/lib/thumb/v7e-m+fp/softfp\libc.a(lib_a-mallocr.o)
                0x20000438                __malloc_av_
 .data.__malloc_sbrk_base
                0x20000840        0x4 c:/maximsdk/tools/gnutools/10.3/bin/../lib/gcc/arm-none-eabi/10.3.1/../../../../arm-none-eabi/lib/thumb/v7e-m+fp/softfp\libc.a(lib_a-mallocr.o)
                0x20000840                __malloc_sbrk_base
 .data.__malloc_trim_threshold
                0x20000844        0x4 c:/maximsdk/tools/gnutools/10.3/bin/../lib/gcc/arm-none-eabi/10.3.1/../../../../arm-none-eabi/lib/thumb/v7e-m+fp/softfp\libc.a(lib_a-mallocr.o)
                0x20000844                __malloc_trim_threshold
 .data.__atexit_recursive_mutex
                0x20000848        0x4 c:/maximsdk/tools/gnutools/10.3/bin/../lib/gcc/arm-none-eabi/10.3.1/../../../../arm-none-eabi/lib/thumb/v7e-m+fp/softfp\libc.a(lib_a-__call_atexit.o)
                0x20000848                __atexit_recursive_mutex
 .data.__global_locale
                0x2000084c      0x16c c:/maximsdk/tools/gnutools/10.3/bin/../lib/gcc/arm-none-eabi/10.3.1/../../../../arm-none-eabi/lib/thumb/v7e-m+fp/softfp\libc.a(lib_a-locale.o)
                0x2000084c                __global_locale
 *(.flashprog*)
                0x200009b8                . = ALIGN (0x4)
                0x200009b8                PROVIDE (__preinit_array_start = .)
 *(.preinit_array)
                0x200009b8                PROVIDE (__preinit_array_end = .)
                0x200009b8                . = ALIGN (0x4)
                0x200009b8                PROVIDE (__init_array_start = .)
 *(SORT_BY_NAME(.init_array.*))
 .init_array.00000
                0x200009b8        0x4 c:/maximsdk/tools/gnutools/10.3/bin/../lib/gcc/arm-none-eabi/10.3.1/../../../../arm-none-eabi/lib/thumb/v7e-m+fp/softfp\libc.a(lib_a-__call_atexit.o)
 *(.init_array)
 .init_array    0x200009bc        0x4 c:/maximsdk/tools/gnutools/10.3/bin/../lib/gcc/arm-none-eabi/10.3.1/thumb/v7e-m+fp/softfp/crtbegin.o
                0x200009c0                PROVIDE (__init_array_end = .)
                0x200009c0                . = ALIGN (0x4)
                0x200009c0                PROVIDE (__fini_array_start = .)
 *(SORT_BY_NAME(.fini_array.*))
 *(.fini_array)
 .fini_array    0x200009c0        0x4 c:/maximsdk/tools/gnutools/10.3/bin/../lib/gcc/arm-none-eabi/10.3.1/thumb/v7e-m+fp/softfp/crtbegin.o
                0x200009c4                PROVIDE (__fini_array_end = .)
                0x200009c4                _edata = ALIGN (., 0x4)
                0x100347d8                __load_data = LOADADDR (.data)

.igot.plt       0x200009c4        0x0 load address 0x1003519c
 .igot.plt      0x200009c4        0x0 c:/maximsdk/tools/gnutools/10.3/bin/../lib/gcc/arm-none-eabi/10.3.1/thumb/v7e-m+fp/softfp/crtbegin.o

.bss            0x20000a00      0x82c load address 0x1003519c
                0x20000a00                . = ALIGN (0x4)
                0x20000a00                _bss = .
 *(.bss*)
 .bss           0x20000a00       0x1c c:/maximsdk/tools/gnutools/10.3/bin/../lib/gcc/arm-none-eabi/10.3.1/thumb/v7e-m+fp/softfp/crtbegin.o
 .bss.cnn_time  0x20000a1c        0x4 C:/Users/p_hae/Documents/_Code/KeyWordSpotting_on_MAX78000/finalNetworkinC/build/main.o
                0x20000a1c                cnn_time
 .bss.ml_data   0x20000a20        0xc C:/Users/p_hae/Documents/_Code/KeyWordSpotting_on_MAX78000/finalNetworkinC/build/main.o
 .bss.ml_softmax
                0x20000a2c        0x6 C:/Users/p_hae/Documents/_Code/KeyWordSpotting_on_MAX78000/finalNetworkinC/build/main.o
 *fill*         0x20000a32        0x2 
 .bss.blen_pin  0x20000a34        0xc C:/Users/p_hae/Documents/_Code/KeyWordSpotting_on_MAX78000/finalNetworkinC/build/tft_ssd2119.o
 .bss.g_spi_gpio
                0x20000a40        0xc C:/Users/p_hae/Documents/_Code/KeyWordSpotting_on_MAX78000/finalNetworkinC/build/tft_ssd2119.o
 .bss.reset_pin
                0x20000a4c        0xc C:/Users/p_hae/Documents/_Code/KeyWordSpotting_on_MAX78000/finalNetworkinC/build/tft_ssd2119.o
 .bss.spi       0x20000a58        0x4 C:/Users/p_hae/Documents/_Code/KeyWordSpotting_on_MAX78000/finalNetworkinC/build/tft_ssd2119.o
 .bss.ssel      0x20000a5c        0x4 C:/Users/p_hae/Documents/_Code/KeyWordSpotting_on_MAX78000/finalNetworkinC/build/tft_ssd2119.o
 .bss.tft_spi_freq
                0x20000a60        0x4 C:/Users/p_hae/Documents/_Code/KeyWordSpotting_on_MAX78000/finalNetworkinC/build/tft_ssd2119.o
 .bss.busy_gpio
                0x20000a64        0xc C:/Users/p_hae/Documents/_Code/KeyWordSpotting_on_MAX78000/finalNetworkinC/build/tsc2046.o
 .bss.int_gpio  0x20000a70        0xc C:/Users/p_hae/Documents/_Code/KeyWordSpotting_on_MAX78000/finalNetworkinC/build/tsc2046.o
 .bss.heap_end  0x20000a7c        0x4 C:/Users/p_hae/Documents/_Code/KeyWordSpotting_on_MAX78000/finalNetworkinC/build/heap.o
 .bss.cbFunc    0x20000a80        0x4 C:/MaximSDK/Libraries/PeriphDrivers/bin/MAX78000/softfp/libPeriphDriver_softfp.a(mxc_delay.o)
 .bss.ctrl_save
                0x20000a84        0x4 C:/MaximSDK/Libraries/PeriphDrivers/bin/MAX78000/softfp/libPeriphDriver_softfp.a(mxc_delay.o)
 .bss.endtick   0x20000a88        0x4 C:/MaximSDK/Libraries/PeriphDrivers/bin/MAX78000/softfp/libPeriphDriver_softfp.a(mxc_delay.o)
 *fill*         0x20000a8c      0x174 
 .bss.ramVectorTable
                0x20000c00      0x1e0 C:/MaximSDK/Libraries/PeriphDrivers/bin/MAX78000/softfp/libPeriphDriver_softfp.a(nvic_table.o)
 .bss.callback  0x20000de0      0x200 C:/MaximSDK/Libraries/PeriphDrivers/bin/MAX78000/softfp/libPeriphDriver_softfp.a(gpio_common.o)
 .bss.cbparam   0x20000fe0      0x200 C:/MaximSDK/Libraries/PeriphDrivers/bin/MAX78000/softfp/libPeriphDriver_softfp.a(gpio_common.o)
 .bss.initialized
                0x200011e0        0x1 C:/MaximSDK/Libraries/PeriphDrivers/bin/MAX78000/softfp/libPeriphDriver_softfp.a(gpio_common.o)
 *fill*         0x200011e1        0x3 
 .bss.__malloc_current_mallinfo
                0x200011e4       0x28 c:/maximsdk/tools/gnutools/10.3/bin/../lib/gcc/arm-none-eabi/10.3.1/../../../../arm-none-eabi/lib/thumb/v7e-m+fp/softfp\libc.a(lib_a-mallocr.o)
                0x200011e4                __malloc_current_mallinfo
 .bss.__malloc_max_sbrked_mem
                0x2000120c        0x4 c:/maximsdk/tools/gnutools/10.3/bin/../lib/gcc/arm-none-eabi/10.3.1/../../../../arm-none-eabi/lib/thumb/v7e-m+fp/softfp\libc.a(lib_a-mallocr.o)
                0x2000120c                __malloc_max_sbrked_mem
 .bss.__malloc_max_total_mem
                0x20001210        0x4 c:/maximsdk/tools/gnutools/10.3/bin/../lib/gcc/arm-none-eabi/10.3.1/../../../../arm-none-eabi/lib/thumb/v7e-m+fp/softfp\libc.a(lib_a-mallocr.o)
                0x20001210                __malloc_max_total_mem
 .bss.__malloc_top_pad
                0x20001214        0x4 c:/maximsdk/tools/gnutools/10.3/bin/../lib/gcc/arm-none-eabi/10.3.1/../../../../arm-none-eabi/lib/thumb/v7e-m+fp/softfp\libc.a(lib_a-mallocr.o)
                0x20001214                __malloc_top_pad
 .bss.__lock___atexit_recursive_mutex
                0x20001218        0x1 c:/maximsdk/tools/gnutools/10.3/bin/../lib/gcc/arm-none-eabi/10.3.1/../../../../arm-none-eabi/lib/thumb/v7e-m+fp/softfp\libc.a(lib_a-lock.o)
                0x20001218                __lock___atexit_recursive_mutex
 *fill*         0x20001219        0x3 
 .bss.__lock___malloc_recursive_mutex
                0x2000121c        0x1 c:/maximsdk/tools/gnutools/10.3/bin/../lib/gcc/arm-none-eabi/10.3.1/../../../../arm-none-eabi/lib/thumb/v7e-m+fp/softfp\libc.a(lib_a-lock.o)
                0x2000121c                __lock___malloc_recursive_mutex
 *fill*         0x2000121d        0x3 
 .bss.__lock___sfp_recursive_mutex
                0x20001220        0x1 c:/maximsdk/tools/gnutools/10.3/bin/../lib/gcc/arm-none-eabi/10.3.1/../../../../arm-none-eabi/lib/thumb/v7e-m+fp/softfp\libc.a(lib_a-lock.o)
                0x20001220                __lock___sfp_recursive_mutex
 *fill*         0x20001221        0x3 
 .bss.__lock___sinit_recursive_mutex
                0x20001224        0x1 c:/maximsdk/tools/gnutools/10.3/bin/../lib/gcc/arm-none-eabi/10.3.1/../../../../arm-none-eabi/lib/thumb/v7e-m+fp/softfp\libc.a(lib_a-lock.o)
                0x20001224                __lock___sinit_recursive_mutex
 *fill*         0x20001225        0x3 
 .bss.errno     0x20001228        0x4 c:/maximsdk/tools/gnutools/10.3/bin/../lib/gcc/arm-none-eabi/10.3.1/../../../../arm-none-eabi/lib/thumb/v7e-m+fp/softfp\libc.a(lib_a-reent.o)
                0x20001228                errno
 *(COMMON)
                0x2000122c                _ebss = ALIGN (., 0x4)

.shared         0x2000122c        0x4 load address 0x1003519c
                0x2000122c                . = ALIGN (0x4)
                0x2000122c                _shared = .
 *(.mailbox*)
                0x2000122c                . = ALIGN (0x4)
 *(.shared*)
 .shared        0x2000122c        0x4 C:/Users/p_hae/Documents/_Code/KeyWordSpotting_on_MAX78000/finalNetworkinC/build/system_max78000.o
                0x2000122c                SystemCoreClock
                0x20001230                _eshared = ALIGN (., 0x4)
                0x1003519c                __shared_data = LOADADDR (.shared)
                0x20020000                __StackTop = (ORIGIN (SRAM) + LENGTH (SRAM))
                0x2001f000                __StackLimit = (__StackTop - SIZEOF (.stack_dummy))

.stack_dummy    0x20001230     0x1000 load address 0x100351a0
 *(.stack*)
 .stack         0x20001230     0x1000 C:/Users/p_hae/Documents/_Code/KeyWordSpotting_on_MAX78000/finalNetworkinC/build/startup_max78000.o

.heap           0x20001230      0xc00 load address 0x100351a0
                0x20001230                . = ALIGN (0x4)
 *(.heap*)
 .heap          0x20001230      0xc00 C:/Users/p_hae/Documents/_Code/KeyWordSpotting_on_MAX78000/finalNetworkinC/build/startup_max78000.o
                0x20001230                __HeapBase
                0x2001f000                __HeapLimit = ABSOLUTE (__StackLimit)
                0x20020000                PROVIDE (__stack = __StackTop)
                0x00000001                ASSERT ((__StackLimit >= _ebss), region RAM overflowed with stack)
OUTPUT(C:/Users/p_hae/Documents/_Code/KeyWordSpotting_on_MAX78000/finalNetworkinC/build/finalNetworkinC.elf elf32-littlearm)
LOAD linker stubs

.ARM.attributes
                0x00000000       0x2e
 .ARM.attributes
                0x00000000       0x1e c:/maximsdk/tools/gnutools/10.3/bin/../lib/gcc/arm-none-eabi/10.3.1/thumb/v7e-m+fp/softfp/crti.o
 .ARM.attributes
                0x0000001e       0x32 c:/maximsdk/tools/gnutools/10.3/bin/../lib/gcc/arm-none-eabi/10.3.1/thumb/v7e-m+fp/softfp/crtbegin.o
 .ARM.attributes
                0x00000050       0x32 C:/Users/p_hae/Documents/_Code/KeyWordSpotting_on_MAX78000/finalNetworkinC/build/main.o
 .ARM.attributes
                0x00000082       0x32 C:/Users/p_hae/Documents/_Code/KeyWordSpotting_on_MAX78000/finalNetworkinC/build/cnn.o
 .ARM.attributes
                0x000000b4       0x32 C:/Users/p_hae/Documents/_Code/KeyWordSpotting_on_MAX78000/finalNetworkinC/build/softmax.o
 .ARM.attributes
                0x000000e6       0x32 C:/Users/p_hae/Documents/_Code/KeyWordSpotting_on_MAX78000/finalNetworkinC/build/board.o
 .ARM.attributes
                0x00000118       0x32 C:/Users/p_hae/Documents/_Code/KeyWordSpotting_on_MAX78000/finalNetworkinC/build/stdio.o
 .ARM.attributes
                0x0000014a       0x32 C:/Users/p_hae/Documents/_Code/KeyWordSpotting_on_MAX78000/finalNetworkinC/build/led.o
 .ARM.attributes
                0x0000017c       0x32 C:/Users/p_hae/Documents/_Code/KeyWordSpotting_on_MAX78000/finalNetworkinC/build/pb.o
 .ARM.attributes
                0x000001ae       0x32 C:/Users/p_hae/Documents/_Code/KeyWordSpotting_on_MAX78000/finalNetworkinC/build/tft_ssd2119.o
 .ARM.attributes
                0x000001e0       0x32 C:/Users/p_hae/Documents/_Code/KeyWordSpotting_on_MAX78000/finalNetworkinC/build/tsc2046.o
 .ARM.attributes
                0x00000212       0x1b C:/Users/p_hae/Documents/_Code/KeyWordSpotting_on_MAX78000/finalNetworkinC/build/startup_max78000.o
 .ARM.attributes
                0x0000022d       0x32 C:/Users/p_hae/Documents/_Code/KeyWordSpotting_on_MAX78000/finalNetworkinC/build/heap.o
 .ARM.attributes
                0x0000025f       0x32 C:/Users/p_hae/Documents/_Code/KeyWordSpotting_on_MAX78000/finalNetworkinC/build/system_max78000.o
 .ARM.attributes
                0x00000291       0x32 C:/MaximSDK/Libraries/PeriphDrivers/bin/MAX78000/softfp/libPeriphDriver_softfp.a(mxc_delay.o)
 .ARM.attributes
                0x000002c3       0x32 C:/MaximSDK/Libraries/PeriphDrivers/bin/MAX78000/softfp/libPeriphDriver_softfp.a(pins_ai85.o)
 .ARM.attributes
                0x000002f5       0x32 C:/MaximSDK/Libraries/PeriphDrivers/bin/MAX78000/softfp/libPeriphDriver_softfp.a(sys_ai85.o)
 .ARM.attributes
                0x00000327       0x32 C:/MaximSDK/Libraries/PeriphDrivers/bin/MAX78000/softfp/libPeriphDriver_softfp.a(nvic_table.o)
 .ARM.attributes
                0x00000359       0x32 C:/MaximSDK/Libraries/PeriphDrivers/bin/MAX78000/softfp/libPeriphDriver_softfp.a(lp_ai85.o)
 .ARM.attributes
                0x0000038b       0x32 C:/MaximSDK/Libraries/PeriphDrivers/bin/MAX78000/softfp/libPeriphDriver_softfp.a(gpio_ai85.o)
 .ARM.attributes
                0x000003bd       0x32 C:/MaximSDK/Libraries/PeriphDrivers/bin/MAX78000/softfp/libPeriphDriver_softfp.a(gpio_reva.o)
 .ARM.attributes
                0x000003ef       0x32 C:/MaximSDK/Libraries/PeriphDrivers/bin/MAX78000/softfp/libPeriphDriver_softfp.a(icc_me17.o)
 .ARM.attributes
                0x00000421       0x32 C:/MaximSDK/Libraries/PeriphDrivers/bin/MAX78000/softfp/libPeriphDriver_softfp.a(icc_reva.o)
 .ARM.attributes
                0x00000453       0x32 C:/MaximSDK/Libraries/PeriphDrivers/bin/MAX78000/softfp/libPeriphDriver_softfp.a(tmr_ai85.o)
 .ARM.attributes
                0x00000485       0x32 C:/MaximSDK/Libraries/PeriphDrivers/bin/MAX78000/softfp/libPeriphDriver_softfp.a(tmr_revb.o)
 .ARM.attributes
                0x000004b7       0x32 C:/MaximSDK/Libraries/PeriphDrivers/bin/MAX78000/softfp/libPeriphDriver_softfp.a(uart_ai85.o)
 .ARM.attributes
                0x000004e9       0x32 C:/MaximSDK/Libraries/PeriphDrivers/bin/MAX78000/softfp/libPeriphDriver_softfp.a(uart_common.o)
 .ARM.attributes
                0x0000051b       0x32 C:/MaximSDK/Libraries/PeriphDrivers/bin/MAX78000/softfp/libPeriphDriver_softfp.a(uart_revb.o)
 .ARM.attributes
                0x0000054d       0x32 C:/MaximSDK/Libraries/PeriphDrivers/bin/MAX78000/softfp/libPeriphDriver_softfp.a(gpio_common.o)
 .ARM.attributes
                0x0000057f       0x32 C:/MaximSDK/Libraries/PeriphDrivers/bin/MAX78000/softfp/libPeriphDriver_softfp.a(tmr_common.o)
 .ARM.attributes
                0x000005b1       0x32 c:/maximsdk/tools/gnutools/10.3/bin/../lib/gcc/arm-none-eabi/10.3.1/../../../../arm-none-eabi/lib/thumb/v7e-m+fp/softfp\libc.a(lib_a-errno.o)
 .ARM.attributes
                0x000005e3       0x32 c:/maximsdk/tools/gnutools/10.3/bin/../lib/gcc/arm-none-eabi/10.3.1/../../../../arm-none-eabi/lib/thumb/v7e-m+fp/softfp\libc.a(lib_a-impure.o)
 .ARM.attributes
                0x00000615       0x32 c:/maximsdk/tools/gnutools/10.3/bin/../lib/gcc/arm-none-eabi/10.3.1/../../../../arm-none-eabi/lib/thumb/v7e-m+fp/softfp\libc.a(lib_a-init.o)
 .ARM.attributes
                0x00000647       0x32 c:/maximsdk/tools/gnutools/10.3/bin/../lib/gcc/arm-none-eabi/10.3.1/../../../../arm-none-eabi/lib/thumb/v7e-m+fp/softfp\libc.a(lib_a-mallocr.o)
 .ARM.attributes
                0x00000679       0x1c c:/maximsdk/tools/gnutools/10.3/bin/../lib/gcc/arm-none-eabi/10.3.1/../../../../arm-none-eabi/lib/thumb/v7e-m+fp/softfp\libc.a(lib_a-memcpy.o)
 .ARM.attributes
                0x00000695       0x32 c:/maximsdk/tools/gnutools/10.3/bin/../lib/gcc/arm-none-eabi/10.3.1/../../../../arm-none-eabi/lib/thumb/v7e-m+fp/softfp\libc.a(lib_a-memset.o)
 .ARM.attributes
                0x000006c7       0x32 c:/maximsdk/tools/gnutools/10.3/bin/../lib/gcc/arm-none-eabi/10.3.1/../../../../arm-none-eabi/lib/thumb/v7e-m+fp/softfp\libc.a(lib_a-mlock.o)
 .ARM.attributes
                0x000006f9       0x32 c:/maximsdk/tools/gnutools/10.3/bin/../lib/gcc/arm-none-eabi/10.3.1/../../../../arm-none-eabi/lib/thumb/v7e-m+fp/softfp\libc.a(lib_a-printf.o)
 .ARM.attributes
                0x0000072b       0x32 c:/maximsdk/tools/gnutools/10.3/bin/../lib/gcc/arm-none-eabi/10.3.1/../../../../arm-none-eabi/lib/thumb/v7e-m+fp/softfp\libc.a(lib_a-puts.o)
 .ARM.attributes
                0x0000075d       0x32 c:/maximsdk/tools/gnutools/10.3/bin/../lib/gcc/arm-none-eabi/10.3.1/../../../../arm-none-eabi/lib/thumb/v7e-m+fp/softfp\libc.a(lib_a-sbrkr.o)
 .ARM.attributes
                0x0000078f       0x1c c:/maximsdk/tools/gnutools/10.3/bin/../lib/gcc/arm-none-eabi/10.3.1/../../../../arm-none-eabi/lib/thumb/v7e-m+fp/softfp\libc.a(lib_a-strlen.o)
 .ARM.attributes
                0x000007ab       0x32 c:/maximsdk/tools/gnutools/10.3/bin/../lib/gcc/arm-none-eabi/10.3.1/../../../../arm-none-eabi/lib/thumb/v7e-m+fp/softfp\libc.a(lib_a-vfprintf.o)
 .ARM.attributes
                0x000007dd       0x32 c:/maximsdk/tools/gnutools/10.3/bin/../lib/gcc/arm-none-eabi/10.3.1/../../../../arm-none-eabi/lib/thumb/v7e-m+fp/softfp\libc.a(lib_a-wsetup.o)
 .ARM.attributes
                0x0000080f       0x32 c:/maximsdk/tools/gnutools/10.3/bin/../lib/gcc/arm-none-eabi/10.3.1/../../../../arm-none-eabi/lib/thumb/v7e-m+fp/softfp\libc.a(lib_a-__call_atexit.o)
 .ARM.attributes
                0x00000841       0x32 c:/maximsdk/tools/gnutools/10.3/bin/../lib/gcc/arm-none-eabi/10.3.1/../../../../arm-none-eabi/lib/thumb/v7e-m+fp/softfp\libc.a(lib_a-atexit.o)
 .ARM.attributes
                0x00000873       0x32 c:/maximsdk/tools/gnutools/10.3/bin/../lib/gcc/arm-none-eabi/10.3.1/../../../../arm-none-eabi/lib/thumb/v7e-m+fp/softfp\libc.a(lib_a-dtoa.o)
 .ARM.attributes
                0x000008a5       0x32 c:/maximsdk/tools/gnutools/10.3/bin/../lib/gcc/arm-none-eabi/10.3.1/../../../../arm-none-eabi/lib/thumb/v7e-m+fp/softfp\libc.a(lib_a-fflush.o)
 .ARM.attributes
                0x000008d7       0x32 c:/maximsdk/tools/gnutools/10.3/bin/../lib/gcc/arm-none-eabi/10.3.1/../../../../arm-none-eabi/lib/thumb/v7e-m+fp/softfp\libc.a(lib_a-findfp.o)